<html>
<body>
<pre>
<h1>µVision Build Log</h1>
<h2>Tool Versions:</h2>
IDE-Version: µVision V5.21.1.0
Copyright (C) 2016 ARM Ltd and ARM Germany GmbH. All rights reserved.
License Information: A Student Microsoft, Microsoft, LIC=----
 
Tool Versions:
Toolchain:       MDK-Lite  Version: 5.21a
Toolchain Path:  C:\Keil_v5\ARM\ARMCC\Bin
C Compiler:      Armcc.exe V5.06 update 3 (build 300)
Assembler:       Armasm.exe V5.06 update 3 (build 300)
Linker/Locator:  ArmLink.exe V5.06 update 3 (build 300)
Library Manager: ArmAr.exe V5.06 update 3 (build 300)
Hex Converter:   FromElf.exe V5.06 update 3 (build 300)
CPU DLL:         
Dialog DLL:      
Target DLL:      Segger\JL2CM3.dll V2.99.23.0
Dialog DLL:      TARMCM1.DLL V1.10.0.0
 
<h2>Project:</h2>
C:\Projects\SensorBand\Firmware\nRF5_SDK_11.0.0_89a8197\examples\dfu\bootloader\pca10028\dual_bank_ble_s130\arm5_no_packs\dfu_dual_bank_ble_s130_pca10028.uvprojx
Project File Date:  09/29/2016

<h2>Output:</h2>
*** Using Compiler 'V5.06 update 3 (build 300)', folder: 'C:\Keil_v5\ARM\ARMCC\Bin'
Build target 'nrf51422_xxac'
Clean started - Project: 'dfu_dual_bank_ble_s130_pca10028'
   deleting intermediate output files for target 'nrf51422_xxac'
compiling dfu_ble_svc.c...
compiling main.c...
compiling ble_advdata.c...
compiling ble_conn_params.c...
compiling ble_dfu.c...
compiling ble_srv_common.c...
compiling nrf_delay.c...
compiling nrf_drv_common.c...
compiling pstorage_raw.c...
compiling app_error.c...
compiling app_error_weak.c...
compiling app_scheduler.c...
compiling app_timer.c...
compiling app_timer_appsh.c...
compiling app_util_platform.c...
compiling bootloader.c...
compiling bootloader_settings.c...
compiling bootloader_util.c...
compiling crc16.c...
compiling dfu_dual_bank.c...
compiling dfu_init_template.c...
compiling dfu_transport_ble.c...
compiling hci_mem_pool.c...
compiling nrf_assert.c...
compiling softdevice_handler.c...
compiling softdevice_handler_appsh.c...
assembling arm_startup_nrf51.s...
compiling system_nrf51.c...
linking...
Program Size: Code=13188 RO-data=364 RW-data=220 ZI-data=5024  
".\_build\nrf51422_xxac.axf" - 0 Error(s), 0 Warning(s).

*** Performing Cross-Module-Optimization:
compiling dfu_ble_svc.c...
compiling main.c...
compiling ble_advdata.c...
compiling ble_conn_params.c...
compiling ble_dfu.c...
compiling ble_srv_common.c...
compiling nrf_delay.c...
compiling nrf_drv_common.c...
compiling pstorage_raw.c...
compiling app_error.c...
compiling app_error_weak.c...
compiling app_scheduler.c...
compiling app_timer.c...
compiling app_timer_appsh.c...
compiling app_util_platform.c...
compiling bootloader.c...
compiling bootloader_settings.c...
compiling dfu_dual_bank.c...
compiling dfu_init_template.c...
compiling dfu_transport_ble.c...
compiling hci_mem_pool.c...
compiling nrf_assert.c...
compiling softdevice_handler.c...
compiling softdevice_handler_appsh.c...
compiling system_nrf51.c...
linking...
Program Size: Code=12732 RO-data=364 RW-data=216 ZI-data=4996  
compiling dfu_ble_svc.c...
compiling main.c...
compiling ble_advdata.c...
compiling ble_conn_params.c...
compiling ble_dfu.c...
compiling ble_srv_common.c...
compiling nrf_delay.c...
compiling nrf_drv_common.c...
compiling pstorage_raw.c...
compiling app_error.c...
compiling app_error_weak.c...
compiling app_scheduler.c...
compiling app_timer.c...
compiling app_timer_appsh.c...
compiling app_util_platform.c...
compiling bootloader.c...
compiling bootloader_settings.c...
compiling dfu_dual_bank.c...
compiling dfu_init_template.c...
compiling dfu_transport_ble.c...
compiling hci_mem_pool.c...
compiling nrf_assert.c...
compiling softdevice_handler.c...
compiling softdevice_handler_appsh.c...
compiling system_nrf51.c...
linking...
Program Size: Code=12732 RO-data=364 RW-data=216 ZI-data=4996  
FromELF: creating hex file...
".\_build\nrf51422_xxac.axf" - 0 Error(s), 0 Warning(s).
*** Completed Cross-Module-Optimization after 3 iteration(s).

<h2>Software Packages used:</h2>

Package Vendor: ARM
                http://www.keil.com/pack/ARM.CMSIS.4.5.0.pack
                ARM::CMSIS:CORE:4.3.0
                CMSIS (Cortex Microcontroller Software Interface Standard)
   * Component: CORE Version: 4.3.0

Package Vendor: NordicSemiconductor
                http://developer.nordicsemi.com/nRF5_SDK/pieces/nRF_DeviceFamilyPack/NordicSemiconductor.nRF_DeviceFamilyPack.8.5.0.pack
                NordicSemiconductor::Device:Startup:8.5.0
                Nordic Semiconductor nRF ARM devices Device Family Pack.
   * Component: Startup Version: 8.5.0

<h2>Collection of Component include folders:</h2>
  C:\Projects\SensorBand\Firmware\nRF5_SDK_11.0.0_89a8197\examples\dfu\bootloader\pca10028\dual_bank_ble_s130\arm5_no_packs\RTE
  C:\Keil_v5\ARM\PACK\ARM\CMSIS\4.5.0\CMSIS\Include
  C:\Keil_v5\ARM\PACK\NordicSemiconductor\nRF_DeviceFamilyPack\8.5.0\Device\Include
  C:\Keil_v5\ARM\PACK\NordicSemiconductor\nRF_DeviceFamilyPack\8.7.1\Device\Include

<h2>Collection of Component Files used:</h2>

   * Component: ARM::CMSIS:CORE:4.3.0

   * Component: NordicSemiconductor::Device:Startup:8.5.0
      Source file:   Device\Source\arm\arm_startup_nrf51.s
      Source file:   Device\Source\system_nrf51.c
      Include file:  Device\Include\system_nrf51.h
Build Time Elapsed:  00:00:30
</pre>
</body>
</html>
