Archive member included because of file (symbol)

C:/Program Files (x86)/Rowley Associates Limited/CrossWorks for ARM 3.6/lib/libc_v6m_t_le_eabi.a(libc_asm.o)
                              dfu_dual_bank_ble_s130_pca10028 THUMB Debug/pstorage_raw.o (__aeabi_uidiv)
C:/Program Files (x86)/Rowley Associates Limited/CrossWorks for ARM 3.6/lib/libc_v6m_t_le_eabi.a(libc2.o)
                              dfu_dual_bank_ble_s130_pca10028 THUMB Debug/dfu_transport_ble.o (memcmp)
C:/Program Files (x86)/Rowley Associates Limited/CrossWorks for ARM 3.6/lib/libc_v6m_t_le_eabi.a(libc2_asm.o)
                              dfu_dual_bank_ble_s130_pca10028 THUMB Debug/dfu_ble_svc.o (memcpy)
C:/Program Files (x86)/Rowley Associates Limited/CrossWorks for ARM 3.6/lib/libm_v6m_t_le_eabi.a(libm_asm.o)
                              C:/Program Files (x86)/Rowley Associates Limited/CrossWorks for ARM 3.6/lib/libc_v6m_t_le_eabi.a(libc2.o) (__aeabi_i2f)
C:/Program Files (x86)/Rowley Associates Limited/CrossWorks for ARM 3.6/lib/libm_v6m_t_le_eabi.a(libm2.o)
                              C:/Program Files (x86)/Rowley Associates Limited/CrossWorks for ARM 3.6/lib/libvfprintf_v6m_t_le_eabi.o (frexp)
C:/Program Files (x86)/Rowley Associates Limited/CrossWorks for ARM 3.6/lib/libm_v6m_t_le_eabi.a(libm2_asm.o)
                              C:/Program Files (x86)/Rowley Associates Limited/CrossWorks for ARM 3.6/lib/libm_v6m_t_le_eabi.a(libm2.o) (fabs)

Discarded input sections

 .text          0x00000000        0x0 dfu_dual_bank_ble_s130_pca10028 THUMB Debug/thumb_crt0.o
 .data          0x00000000        0x0 dfu_dual_bank_ble_s130_pca10028 THUMB Debug/thumb_crt0.o
 .bss           0x00000000        0x0 dfu_dual_bank_ble_s130_pca10028 THUMB Debug/thumb_crt0.o
 .text.__aeabi_read_tp
                0x00000000        0x8 dfu_dual_bank_ble_s130_pca10028 THUMB Debug/thumb_crt0.o
 .text.__heap_lock
                0x00000000        0x2 dfu_dual_bank_ble_s130_pca10028 THUMB Debug/thumb_crt0.o
 .text.__heap_unlock
                0x00000000        0x2 dfu_dual_bank_ble_s130_pca10028 THUMB Debug/thumb_crt0.o
 .text.__printf_lock
                0x00000000        0x2 dfu_dual_bank_ble_s130_pca10028 THUMB Debug/thumb_crt0.o
 .text.__printf_unlock
                0x00000000        0x2 dfu_dual_bank_ble_s130_pca10028 THUMB Debug/thumb_crt0.o
 .text.__scanf_lock
                0x00000000        0x2 dfu_dual_bank_ble_s130_pca10028 THUMB Debug/thumb_crt0.o
 .text.__scanf_unlock
                0x00000000        0x2 dfu_dual_bank_ble_s130_pca10028 THUMB Debug/thumb_crt0.o
 .text.__debug_io_lock
                0x00000000        0x2 dfu_dual_bank_ble_s130_pca10028 THUMB Debug/thumb_crt0.o
 .text.__debug_io_unlock
                0x00000000        0x2 dfu_dual_bank_ble_s130_pca10028 THUMB Debug/thumb_crt0.o
 .text.abort    0x00000000        0x2 dfu_dual_bank_ble_s130_pca10028 THUMB Debug/thumb_crt0.o
 .text.__assert
                0x00000000        0x2 dfu_dual_bank_ble_s130_pca10028 THUMB Debug/thumb_crt0.o
 .text.__aeabi_assert
                0x00000000        0x2 dfu_dual_bank_ble_s130_pca10028 THUMB Debug/thumb_crt0.o
 .text.__cxa_pure_virtual
                0x00000000        0x2 dfu_dual_bank_ble_s130_pca10028 THUMB Debug/thumb_crt0.o
 .text.__cxa_guard_acquire
                0x00000000       0x10 dfu_dual_bank_ble_s130_pca10028 THUMB Debug/thumb_crt0.o
 .text.__cxa_guard_release
                0x00000000        0x6 dfu_dual_bank_ble_s130_pca10028 THUMB Debug/thumb_crt0.o
 .text.__cxa_guard_abort
                0x00000000        0x2 dfu_dual_bank_ble_s130_pca10028 THUMB Debug/thumb_crt0.o
 .text.__getchar
                0x00000000        0x8 dfu_dual_bank_ble_s130_pca10028 THUMB Debug/thumb_crt0.o
 .text.__putchar
                0x00000000        0x8 dfu_dual_bank_ble_s130_pca10028 THUMB Debug/thumb_crt0.o
 .bss.__user_locale_name_buffer
                0x00000000        0x4 dfu_dual_bank_ble_s130_pca10028 THUMB Debug/thumb_crt0.o
 .stack         0x00000000        0x0 dfu_dual_bank_ble_s130_pca10028 THUMB Debug/thumb_crt0.o
 .stack_process
                0x00000000        0x0 dfu_dual_bank_ble_s130_pca10028 THUMB Debug/thumb_crt0.o
 .heap          0x00000000        0x0 dfu_dual_bank_ble_s130_pca10028 THUMB Debug/thumb_crt0.o
 .text          0x00000000        0x0 dfu_dual_bank_ble_s130_pca10028 THUMB Debug/nRF51_Startup.o
 .data          0x00000000        0x0 dfu_dual_bank_ble_s130_pca10028 THUMB Debug/nRF51_Startup.o
 .bss           0x00000000        0x0 dfu_dual_bank_ble_s130_pca10028 THUMB Debug/nRF51_Startup.o
 .group         0x00000000        0x8 dfu_dual_bank_ble_s130_pca10028 THUMB Debug/dfu_ble_svc.o
 .group         0x00000000        0x8 dfu_dual_bank_ble_s130_pca10028 THUMB Debug/dfu_ble_svc.o
 .group         0x00000000        0x8 dfu_dual_bank_ble_s130_pca10028 THUMB Debug/dfu_ble_svc.o
 .group         0x00000000        0x8 dfu_dual_bank_ble_s130_pca10028 THUMB Debug/dfu_ble_svc.o
[...]
Memory Configuration

Name             Origin             Length             Attributes
UNPLACED_SECTIONS 0xffffffff         0x00000000         xw
AHB              0x50000000         0x00001000         xw
APB              0x40000000         0x00020000         xw
RAM              0x20000000         0x00008000         xw
UICR             0x10001000         0x00000100         xw
FICR             0x10000000         0x00000100         xw
FLASH            0x00000000         0x00040000         xr
*default*        0x00000000         0xffffffff

Linker script and memory map

                0x00000000                __vfprintf = __vfprintf_float_long_long
                0x00000000                __vfscanf = __vfscanf_float_long_long_cc
                0x50000000                __AHB_segment_start__ = 0x50000000
                0x50001000                __AHB_segment_end__ = 0x50001000
                0x00001000                __AHB_segment_size__ = 0x1000
                0x40000000                __APB_segment_start__ = 0x40000000
                0x40020000                __APB_segment_end__ = 0x40020000
                0x00020000                __APB_segment_size__ = 0x20000
                0x20000000                __RAM_segment_start__ = 0x20000000
                0x20008000                __RAM_segment_end__ = 0x20008000
                0x00008000                __RAM_segment_size__ = 0x8000
                0x10001000                __UICR_segment_start__ = 0x10001000
                0x10001100                __UICR_segment_end__ = 0x10001100
                0x00000100                __UICR_segment_size__ = 0x100
                0x10000000                __FICR_segment_start__ = 0x10000000
                0x10000100                __FICR_segment_end__ = 0x10000100
                0x00000100                __FICR_segment_size__ = 0x100
                0x00000000                __FLASH_segment_start__ = 0x0
                0x00040000                __FLASH_segment_end__ = 0x40000
                0x00040000                __FLASH_segment_size__ = 0x40000
                0x00000080                __HEAPSIZE__ = 0x80
                0x00000000                __STACKSIZE_ABT__ = 0x0
                0x00000000                __STACKSIZE_FIQ__ = 0x0
                0x00000000                __STACKSIZE_IRQ__ = 0x0
                0x00000000                __STACKSIZE_PROCESS__ = 0x0
                0x00000000                __STACKSIZE_SVC__ = 0x0
                0x00000000                __STACKSIZE_UND__ = 0x0
                0x00000800                __STACKSIZE__ = 0x800
                0x10001000                __uicr_start_load_start__ = 0x10001000

.uicr_start     0x10001000       0x14
                0x10001000                __uicr_start_start__ = .
 *(.uicr_start .uicr_start.*)
                0x10001014                . = ALIGN (MAX ((__uicr_start_start__ + 0x14), .), 0x4)
 *fill*         0x10001000       0x14 
                0x10001014                __uicr_start_end__ = (__uicr_start_start__ + SIZEOF (.uicr_start))
                0x00000014                __uicr_start_size__ = SIZEOF (.uicr_start)
                0x10001014                __uicr_start_load_end__ = __uicr_start_end__
                0x00000001                . = ASSERT (((__uicr_start_start__ == __uicr_start_end__) || ((__uicr_start_end__ >= __UICR_segment_start__) && (__uicr_start_end__ <= __UICR_segment_end__))), error: .uicr_start is too large to fit in UICR memory segment)
                0x10001014                __uicrBootStartAddress_load_start__ = 0x10001014

.uicrBootStartAddress
                0x10001014        0x4
                0x10001014                __uicrBootStartAddress_start__ = .
 *(.uicrBootStartAddress .uicrBootStartAddress.*)
 .uicrBootStartAddress
                0x10001014        0x4 dfu_dual_bank_ble_s130_pca10028 THUMB Debug/bootloader_settings.o
                0x10001014                m_uicr_bootloader_start_address
                0x10001018                . = ALIGN (MAX ((__uicrBootStartAddress_start__ + 0x4), .), 0x4)
                0x10001018                __uicrBootStartAddress_end__ = (__uicrBootStartAddress_start__ + SIZEOF (.uicrBootStartAddress))
                0x00000004                __uicrBootStartAddress_size__ = SIZEOF (.uicrBootStartAddress)
                0x10001018                __uicrBootStartAddress_load_end__ = __uicrBootStartAddress_end__
                0x10001018                __UICR_segment_used_end__ = (0x10001014 + SIZEOF (.uicrBootStartAddress))
                0x00000018                __UICR_segment_used_size__ = (__UICR_segment_used_end__ - __UICR_segment_start__)
                0x00000001                . = ASSERT (((__uicrBootStartAddress_start__ == __uicrBootStartAddress_end__) || ((__uicrBootStartAddress_end__ >= __UICR_segment_start__) && (__uicrBootStartAddress_end__ <= __UICR_segment_end__))), error: .uicrBootStartAddress is too large to fit in UICR memory segment)
                0x00000001                . = ASSERT ((__uicr_start_end__ <= __uicrBootStartAddress_start__), error: section .uicr_start overlaps absolute placed section .uicrBootStartAddress)
                0x20000000                __S130_RAM_load_start__ = 0x20000000

.S130_RAM       0x20000000     0x2c00
                0x20000000                __S130_RAM_start__ = .
 *(.S130_RAM .S130_RAM.*)
                0x20002c00                . = ALIGN (MAX ((__S130_RAM_start__ + 0x2c00), .), 0x100)
 *fill*         0x20000000     0x2c00 
                0x20002c00                __S130_RAM_end__ = (__S130_RAM_start__ + SIZEOF (.S130_RAM))
                0x00002c00                __S130_RAM_size__ = SIZEOF (.S130_RAM)
                0x20002c00                __S130_RAM_load_end__ = __S130_RAM_end__
                0x00000001                . = ASSERT (((__S130_RAM_start__ == __S130_RAM_end__) || ((__S130_RAM_end__ >= __RAM_segment_start__) && (__S130_RAM_end__ <= __RAM_segment_end__))), error: .S130_RAM is too large to fit in RAM memory segment)
                0x20002c00                __vectors_ram_load_start__ = 0x20002c00

.vectors_ram    0x20002c00        0x0
                0x20002c00                __vectors_ram_start__ = .
 *(.vectors_ram .vectors_ram.*)
                0x20002c00                __vectors_ram_end__ = (__vectors_ram_start__ + SIZEOF (.vectors_ram))
                0x00000000                __vectors_ram_size__ = SIZEOF (.vectors_ram)
                0x20002c00                __vectors_ram_load_end__ = __vectors_ram_end__
                0x00000001                . = ASSERT (((__vectors_ram_start__ == __vectors_ram_end__) || ((__vectors_ram_end__ >= __RAM_segment_start__) && (__vectors_ram_end__ <= __RAM_segment_end__))), error: .vectors_ram is too large to fit in RAM memory segment)
                0x00000001                . = ASSERT ((__S130_RAM_end__ <= __vectors_ram_start__), error: section .S130_RAM overlaps absolute placed section .vectors_ram)
                0x00000000                __S130_SoftDevice_load_start__ = 0x0

.S130_SoftDevice
                0x00000000    0x1b000
                0x00000000                __S130_SoftDevice_start__ = .
 *(.S130_SoftDevice .S130_SoftDevice.*)
                0x0001b000                . = ALIGN (MAX ((__S130_SoftDevice_start__ + 0x1b000), .), 0x100)
 *fill*         0x00000000    0x1b000 
                0x0001b000                __S130_SoftDevice_end__ = (__S130_SoftDevice_start__ + SIZEOF (.S130_SoftDevice))
                0x0001b000                __S130_SoftDevice_size__ = SIZEOF (.S130_SoftDevice)
                0x0001b000                __S130_SoftDevice_load_end__ = __S130_SoftDevice_end__
                0x00000001                . = ASSERT (((__S130_SoftDevice_start__ == __S130_SoftDevice_end__) || ((__S130_SoftDevice_end__ >= __FLASH_segment_start__) && (__S130_SoftDevice_end__ <= __FLASH_segment_end__))), error: .S130_SoftDevice is too large to fit in FLASH memory segment)
                0x0001b000                __reserved_for_app_load_start__ = 0x1b000

.reserved_for_app
                0x0001b000    0x1d000
                0x0001b000                __reserved_for_app_start__ = .
 *(.reserved_for_app .reserved_for_app.*)
                0x00038000                . = ALIGN (MAX ((__reserved_for_app_start__ + 0x1d000), .), 0x100)
 *fill*         0x0001b000    0x1d000 
                0x00038000                __reserved_for_app_end__ = (__reserved_for_app_start__ + SIZEOF (.reserved_for_app))
                0x0001d000                __reserved_for_app_size__ = SIZEOF (.reserved_for_app)
                0x00038000                __reserved_for_app_load_end__ = __reserved_for_app_end__
                0x00000001                . = ASSERT (((__reserved_for_app_start__ == __reserved_for_app_end__) || ((__reserved_for_app_end__ >= __FLASH_segment_start__) && (__reserved_for_app_end__ <= __FLASH_segment_end__))), error: .reserved_for_app is too large to fit in FLASH memory segment)
                0x00000001                . = ASSERT ((__S130_SoftDevice_end__ <= __reserved_for_app_start__), error: section .S130_SoftDevice overlaps absolute placed section .reserved_for_app)
                0x00038000                __vectors_load_start__ = 0x38000

.vectors        0x00038000       0xc0
                0x00038000                __vectors_start__ = .
 *(.vectors .vectors.*)
 .vectors       0x00038000       0xc0 dfu_dual_bank_ble_s130_pca10028 THUMB Debug/nRF51_Startup.o
                0x00038000                _vectors
                0x000380c0                __vectors_end__ = (__vectors_start__ + SIZEOF (.vectors))
                0x000000c0                __vectors_size__ = SIZEOF (.vectors)
                0x000380c0                __vectors_load_end__ = __vectors_end__
                0x00000001                . = ASSERT (((__vectors_start__ == __vectors_end__) || ((__vectors_end__ >= __FLASH_segment_start__) && (__vectors_end__ <= __FLASH_segment_end__))), error: .vectors is too large to fit in FLASH memory segment)
                0x00000001                . = ASSERT ((__reserved_for_app_end__ <= __vectors_start__), error: section .reserved_for_app overlaps absolute placed section .vectors)
                0x000380c0                __init_load_start__ = ALIGN (__vectors_end__, 0x4)

.init           0x000380c0      0x1c8
                0x000380c0                __init_start__ = .
 *(.init .init.*)
 .init          0x000380c0      0x158 dfu_dual_bank_ble_s130_pca10028 THUMB Debug/thumb_crt0.o
                0x000380c0                _start
                0x00038172                exit
 .init          0x00038218       0x70 dfu_dual_bank_ble_s130_pca10028 THUMB Debug/nRF51_Startup.o
                0x00038218                NMI_Handler
                0x0003821a                HardFault_Handler
                0x0003821c                MemManage_Handler
                0x0003821e                BusFault_Handler
                0x00038220                UsageFault_Handler
                0x00038224                DebugMon_Handler
                0x00038226                PendSV_Handler
                0x00038228                SysTick_Handler
                0x0003822a                POWER_CLOCK_IRQHandler
                0x0003822c                RADIO_IRQHandler
                0x0003822e                UART0_IRQHandler
                0x00038230                SPI0_TWI0_IRQHandler
                0x00038232                SPI1_TWI1_IRQHandler
                0x00038234                GPIOTE_IRQHandler
                0x00038236                ADC_IRQHandler
                0x00038238                TIMER0_IRQHandler
                0x0003823a                TIMER1_IRQHandler
                0x0003823c                TIMER2_IRQHandler
                0x0003823e                RTC0_IRQHandler
                0x00038240                TEMP_IRQHandler
                0x00038242                RNG_IRQHandler
                0x00038244                ECB_IRQHandler
                0x00038246                CCM_AAR_IRQHandler
                0x00038248                WDT_IRQHandler
                0x0003824c                QDEC_IRQHandler
                0x0003824e                LPCOMP_COMP_IRQHandler
                0x00038252                SWI1_IRQHandler
                0x00038256                SWI3_IRQHandler
                0x00038258                SWI4_IRQHandler
                0x0003825a                SWI5_IRQHandler
                0x0003825c                reset_handler
                0x00038278                SystemInit
                0x00038288                __init_end__ = (__init_start__ + SIZEOF (.init))
                0x000001c8                __init_size__ = SIZEOF (.init)
                0x00038288                __init_load_end__ = __init_end__
                0x00000001                . = ASSERT (((__init_start__ == __init_end__) || ((__init_end__ >= __FLASH_segment_start__) && (__init_end__ <= __FLASH_segment_end__))), error: .init is too large to fit in FLASH memory segment)
                0x00038288                __init_rodata_load_start__ = ALIGN (__init_end__, 0x4)

.init_rodata    0x00038288        0x0
                0x00038288                __init_rodata_start__ = .
 *(.init_rodata .init_rodata.*)
                0x00038288                __init_rodata_end__ = (__init_rodata_start__ + SIZEOF (.init_rodata))
                0x00000000                __init_rodata_size__ = SIZEOF (.init_rodata)
                0x00038288                __init_rodata_load_end__ = __init_rodata_end__
                0x00000001                . = ASSERT (((__init_rodata_start__ == __init_rodata_end__) || ((__init_rodata_end__ >= __FLASH_segment_start__) && (__init_rodata_end__ <= __FLASH_segment_end__))), error: .init_rodata is too large to fit in FLASH memory segment)
                0x00038288                __text_load_start__ = ALIGN (__init_rodata_end__, 0x4)

.text           0x00038288     0x6ff4
                0x00038288                __text_start__ = .
 *(.text .text.* .glue_7t .glue_7 .gnu.linkonce.t.* .gcc_except_table .ARM.extab* .gnu.linkonce.armextab.*)
 .glue_7        0x00000000        0x0 linker stubs
 .glue_7t       0x00000000        0x0 linker stubs
 .text.dfu_ble_peer_data_set
                0x00038288       0x90 dfu_dual_bank_ble_s130_pca10028 THUMB Debug/dfu_ble_svc.o
 .text.C_SVC_Handler
                0x00038318       0x38 dfu_dual_bank_ble_s130_pca10028 THUMB Debug/dfu_ble_svc.o
                0x00038318                C_SVC_Handler
 .text.SVC_Handler
                0x00038350       0x20 dfu_dual_bank_ble_s130_pca10028 THUMB Debug/dfu_ble_svc.o
                0x00038350                SVC_Handler
 .text.dfu_ble_peer_data_get
                0x00038370       0x68 dfu_dual_bank_ble_s130_pca10028 THUMB Debug/dfu_ble_svc.o
                0x00038370                dfu_ble_peer_data_get
 .text.NVIC_SystemReset
                0x000383d8       0x1c dfu_dual_bank_ble_s130_pca10028 THUMB Debug/main.o
 .text.sd_softdevice_vector_table_base_set
                0x000383f4        0x8 dfu_dual_bank_ble_s130_pca10028 THUMB Debug/main.o
 .text.sd_mbr_command
                0x000383fc        0x8 dfu_dual_bank_ble_s130_pca10028 THUMB Debug/main.o
 .text.nrf_gpio_range_cfg_output
                0x00038404       0x24 dfu_dual_bank_ble_s130_pca10028 THUMB Debug/main.o
 .text.nrf_gpio_cfg
                0x00038428       0x60 dfu_dual_bank_ble_s130_pca10028 THUMB Debug/main.o
 .text.nrf_gpio_cfg_output
                0x00038488       0x20 dfu_dual_bank_ble_s130_pca10028 THUMB Debug/main.o
 .text.nrf_gpio_cfg_sense_input
                0x000384a8       0x40 dfu_dual_bank_ble_s130_pca10028 THUMB Debug/main.o
 .text.nrf_gpio_pin_set
                0x000384e8       0x18 dfu_dual_bank_ble_s130_pca10028 THUMB Debug/main.o
 .text.nrf_gpio_pins_set
                0x00038500       0x14 dfu_dual_bank_ble_s130_pca10028 THUMB Debug/main.o
 .text.nrf_gpio_pin_clear
                0x00038514       0x1c dfu_dual_bank_ble_s130_pca10028 THUMB Debug/main.o
 .text.nrf_gpio_pin_read
                0x00038530       0x20 dfu_dual_bank_ble_s130_pca10028 THUMB Debug/main.o
 .text.leds_init
                0x00038550       0x18 dfu_dual_bank_ble_s130_pca10028 THUMB Debug/main.o
 .text.timers_init
                0x00038568       0x3c dfu_dual_bank_ble_s130_pca10028 THUMB Debug/main.o
 .text.buttons_init
                0x000385a4       0x10 dfu_dual_bank_ble_s130_pca10028 THUMB Debug/main.o
 .text.sys_evt_dispatch
                0x000385b4       0x14 dfu_dual_bank_ble_s130_pca10028 THUMB Debug/main.o
 .text.ble_stack_init
                0x000385c8      0x14c dfu_dual_bank_ble_s130_pca10028 THUMB Debug/main.o
 .text.scheduler_init
                0x00038714       0x38 dfu_dual_bank_ble_s130_pca10028 THUMB Debug/main.o
 .text.PreventVariableElimination
                0x0003874c       0x28 dfu_dual_bank_ble_s130_pca10028 THUMB Debug/main.o
                0x0003874c                PreventVariableElimination
 .text.main     0x00038774      0x200 dfu_dual_bank_ble_s130_pca10028 THUMB Debug/main.o
                0x00038774                main
 .text.sd_ble_gap_address_get
                0x00038974        0x8 dfu_dual_bank_ble_s130_pca10028 THUMB Debug/ble_advdata.o
 .text.sd_ble_gap_adv_data_set
                0x0003897c        0x8 dfu_dual_bank_ble_s130_pca10028 THUMB Debug/ble_advdata.o
 .text.sd_ble_gap_appearance_get
                0x00038984        0x8 dfu_dual_bank_ble_s130_pca10028 THUMB Debug/ble_advdata.o
 .text.sd_ble_gap_device_name_get
                0x0003898c        0x8 dfu_dual_bank_ble_s130_pca10028 THUMB Debug/ble_advdata.o
 .text.sd_ble_uuid_encode
                0x00038994        0x8 dfu_dual_bank_ble_s130_pca10028 THUMB Debug/ble_advdata.o
 .text.uint16_encode
                0x0003899c       0x34 dfu_dual_bank_ble_s130_pca10028 THUMB Debug/ble_advdata.o
 .text.tk_value_encode
                0x000389d0       0xac dfu_dual_bank_ble_s130_pca10028 THUMB Debug/ble_advdata.o
 .text.le_role_encode
                0x00038a7c       0xd0 dfu_dual_bank_ble_s130_pca10028 THUMB Debug/ble_advdata.o
 .text.ble_device_addr_encode
                0x00038b4c       0xcc dfu_dual_bank_ble_s130_pca10028 THUMB Debug/ble_advdata.o
 .text.name_encode
                0x00038c18      0x15c dfu_dual_bank_ble_s130_pca10028 THUMB Debug/ble_advdata.o
 .text.appearance_encode
                0x00038d74       0xa0 dfu_dual_bank_ble_s130_pca10028 THUMB Debug/ble_advdata.o
 .text.flags_encode
                0x00038e14       0x84 dfu_dual_bank_ble_s130_pca10028 THUMB Debug/ble_advdata.o
 .text.sec_mgr_oob_flags_encode
                0x00038e98       0x84 dfu_dual_bank_ble_s130_pca10028 THUMB Debug/ble_advdata.o
 .text.tx_power_level_encode
                0x00038f1c       0x84 dfu_dual_bank_ble_s130_pca10028 THUMB Debug/ble_advdata.o
 .text.uuid_list_sized_encode
                0x00038fa0      0x188 dfu_dual_bank_ble_s130_pca10028 THUMB Debug/ble_advdata.o
 .text.uuid_list_encode
                0x00039128       0x80 dfu_dual_bank_ble_s130_pca10028 THUMB Debug/ble_advdata.o
 .text.conn_int_check
                0x000391a8       0x78 dfu_dual_bank_ble_s130_pca10028 THUMB Debug/ble_advdata.o
 .text.conn_int_encode
                0x00039220       0xc8 dfu_dual_bank_ble_s130_pca10028 THUMB Debug/ble_advdata.o
 .text.manuf_specific_data_encode
                0x000392e8       0xe8 dfu_dual_bank_ble_s130_pca10028 THUMB Debug/ble_advdata.o
 .text.service_data_encode
                0x000393d0      0x11c dfu_dual_bank_ble_s130_pca10028 THUMB Debug/ble_advdata.o
 .text.adv_data_encode
                0x000394ec      0x294 dfu_dual_bank_ble_s130_pca10028 THUMB Debug/ble_advdata.o
                0x000394ec                adv_data_encode
 .text.advdata_check
                0x00039780       0x1c dfu_dual_bank_ble_s130_pca10028 THUMB Debug/ble_advdata.o
 .text.srdata_check
                0x0003979c       0x18 dfu_dual_bank_ble_s130_pca10028 THUMB Debug/ble_advdata.o
 .text.ble_advdata_set
                0x000397b4       0xcc dfu_dual_bank_ble_s130_pca10028 THUMB Debug/ble_advdata.o
                0x000397b4                ble_advdata_set
 .text.sd_ble_gap_conn_param_update
                0x00039880        0x8 dfu_dual_bank_ble_s130_pca10028 THUMB Debug/ble_conn_params.o
 .text.sd_ble_gap_disconnect
                0x00039888        0x8 dfu_dual_bank_ble_s130_pca10028 THUMB Debug/ble_conn_params.o
 .text.sd_ble_gap_ppcp_set
                0x00039890        0x8 dfu_dual_bank_ble_s130_pca10028 THUMB Debug/ble_conn_params.o
 .text.sd_ble_gap_ppcp_get
                0x00039898        0x8 dfu_dual_bank_ble_s130_pca10028 THUMB Debug/ble_conn_params.o
 .text.uint16_decode
                0x000398a0       0x20 dfu_dual_bank_ble_s130_pca10028 THUMB Debug/ble_conn_params.o
 .text.ble_srv_is_notification_enabled
                0x000398c0       0x2c dfu_dual_bank_ble_s130_pca10028 THUMB Debug/ble_conn_params.o
 .text.is_conn_params_ok
                0x000398ec       0x2c dfu_dual_bank_ble_s130_pca10028 THUMB Debug/ble_conn_params.o
 .text.update_timeout_handler
                0x00039918       0xbc dfu_dual_bank_ble_s130_pca10028 THUMB Debug/ble_conn_params.o
 .text.ble_conn_params_init
                0x000399d4       0xa8 dfu_dual_bank_ble_s130_pca10028 THUMB Debug/ble_conn_params.o
                0x000399d4                ble_conn_params_init
 .text.ble_conn_params_stop
                0x00039a7c       0x14 dfu_dual_bank_ble_s130_pca10028 THUMB Debug/ble_conn_params.o
                0x00039a7c                ble_conn_params_stop
 .text.conn_params_negotiation
                0x00039a90       0xb8 dfu_dual_bank_ble_s130_pca10028 THUMB Debug/ble_conn_params.o
 .text.on_connect
                0x00039b48       0x40 dfu_dual_bank_ble_s130_pca10028 THUMB Debug/ble_conn_params.o
 .text.on_disconnect
                0x00039b88       0x4c dfu_dual_bank_ble_s130_pca10028 THUMB Debug/ble_conn_params.o
 .text.on_write
                0x00039bd4       0x64 dfu_dual_bank_ble_s130_pca10028 THUMB Debug/ble_conn_params.o
 .text.on_conn_params_update
                0x00039c38       0x1c dfu_dual_bank_ble_s130_pca10028 THUMB Debug/ble_conn_params.o
 .text.ble_conn_params_on_ble_evt
                0x00039c54       0x4c dfu_dual_bank_ble_s130_pca10028 THUMB Debug/ble_conn_params.o
                0x00039c54                ble_conn_params_on_ble_evt
 .text.sd_ble_gatts_service_add
                0x00039ca0        0x8 dfu_dual_bank_ble_s130_pca10028 THUMB Debug/ble_dfu.o
 .text.sd_ble_gatts_characteristic_add
                0x00039ca8        0x8 dfu_dual_bank_ble_s130_pca10028 THUMB Debug/ble_dfu.o
 .text.sd_ble_gatts_value_get
                0x00039cb0        0x8 dfu_dual_bank_ble_s130_pca10028 THUMB Debug/ble_dfu.o
 .text.sd_ble_gatts_hvx
                0x00039cb8        0x8 dfu_dual_bank_ble_s130_pca10028 THUMB Debug/ble_dfu.o
 .text.sd_ble_gatts_rw_authorize_reply
                0x00039cc0        0x8 dfu_dual_bank_ble_s130_pca10028 THUMB Debug/ble_dfu.o
 .text.sd_ble_uuid_vs_add
                0x00039cc8        0x8 dfu_dual_bank_ble_s130_pca10028 THUMB Debug/ble_dfu.o
 .text.uint32_encode
                0x00039cd0       0x48 dfu_dual_bank_ble_s130_pca10028 THUMB Debug/ble_dfu.o
 .text.uint16_decode
                0x00039d18       0x20 dfu_dual_bank_ble_s130_pca10028 THUMB Debug/ble_dfu.o
 .text.ble_srv_is_notification_enabled
                0x00039d38       0x2c dfu_dual_bank_ble_s130_pca10028 THUMB Debug/ble_dfu.o
 .text.dfu_pkt_char_add
                0x00039d64      0x104 dfu_dual_bank_ble_s130_pca10028 THUMB Debug/ble_dfu.o
 .text.dfu_rev_char_add
                0x00039e68      0x104 dfu_dual_bank_ble_s130_pca10028 THUMB Debug/ble_dfu.o
 .text.dfu_ctrl_pt_add
                0x00039f6c      0x10c dfu_dual_bank_ble_s130_pca10028 THUMB Debug/ble_dfu.o
 .text.on_connect
                0x0003a078       0x14 dfu_dual_bank_ble_s130_pca10028 THUMB Debug/ble_dfu.o
 .text.is_cccd_configured
                0x0003a08c       0x68 dfu_dual_bank_ble_s130_pca10028 THUMB Debug/ble_dfu.o
 .text.on_ctrl_pt_write
                0x0003a0f4      0x200 dfu_dual_bank_ble_s130_pca10028 THUMB Debug/ble_dfu.o
 .text.on_rw_authorize_req
                0x0003a2f4       0x68 dfu_dual_bank_ble_s130_pca10028 THUMB Debug/ble_dfu.o
 .text.on_write
                0x0003a35c       0x40 dfu_dual_bank_ble_s130_pca10028 THUMB Debug/ble_dfu.o
 .text.on_disconnect
                0x0003a39c       0x14 dfu_dual_bank_ble_s130_pca10028 THUMB Debug/ble_dfu.o
 .text.ble_dfu_init
                0x0003a3b0       0xfc dfu_dual_bank_ble_s130_pca10028 THUMB Debug/ble_dfu.o
                0x0003a3b0                ble_dfu_init
 .text.ble_dfu_on_ble_evt
                0x0003a4ac       0x74 dfu_dual_bank_ble_s130_pca10028 THUMB Debug/ble_dfu.o
                0x0003a4ac                ble_dfu_on_ble_evt
 .text.ble_dfu_bytes_rcvd_report
                0x0003a520       0xf8 dfu_dual_bank_ble_s130_pca10028 THUMB Debug/ble_dfu.o
                0x0003a520                ble_dfu_bytes_rcvd_report
 .text.ble_dfu_pkts_rcpt_notify
                0x0003a618       0xc8 dfu_dual_bank_ble_s130_pca10028 THUMB Debug/ble_dfu.o
                0x0003a618                ble_dfu_pkts_rcpt_notify
 .text.ble_dfu_response_send
                0x0003a6e0       0xe8 dfu_dual_bank_ble_s130_pca10028 THUMB Debug/ble_dfu.o
                0x0003a6e0                ble_dfu_response_send
 .text.nrf_delay_ms
                0x0003a7c8       0x40 dfu_dual_bank_ble_s130_pca10028 THUMB Debug/nrf_delay.o
                0x0003a7c8                nrf_delay_ms
 .text.pstorage_flash_page_size
                0x0003a808        0xc dfu_dual_bank_ble_s130_pca10028 THUMB Debug/pstorage_raw.o
 .text.is_word_aligned
                0x0003a814       0x18 dfu_dual_bank_ble_s130_pca10028 THUMB Debug/pstorage_raw.o
 .text.sd_flash_write
                0x0003a82c        0x8 dfu_dual_bank_ble_s130_pca10028 THUMB Debug/pstorage_raw.o
 .text.sd_flash_page_erase
                0x0003a834        0x8 dfu_dual_bank_ble_s130_pca10028 THUMB Debug/pstorage_raw.o
 .text.cmd_queue_element_init
                0x0003a83c       0x80 dfu_dual_bank_ble_s130_pca10028 THUMB Debug/pstorage_raw.o
 .text.cmd_queue_init
                0x0003a8bc       0x44 dfu_dual_bank_ble_s130_pca10028 THUMB Debug/pstorage_raw.o
 .text.cmd_queue_enqueue
                0x0003a900      0x104 dfu_dual_bank_ble_s130_pca10028 THUMB Debug/pstorage_raw.o
 .text.cmd_queue_dequeue
                0x0003aa04       0x44 dfu_dual_bank_ble_s130_pca10028 THUMB Debug/pstorage_raw.o
 .text.app_notify
                0x0003aa48       0x44 dfu_dual_bank_ble_s130_pca10028 THUMB Debug/pstorage_raw.o
 .text.pstorage_sys_event_handler
                0x0003aa8c      0x128 dfu_dual_bank_ble_s130_pca10028 THUMB Debug/pstorage_raw.o
                0x0003aa8c                pstorage_sys_event_handler
 .text.cmd_process
                0x0003abb4       0xe0 dfu_dual_bank_ble_s130_pca10028 THUMB Debug/pstorage_raw.o
 .text.pstorage_init
                0x0003ac94       0x44 dfu_dual_bank_ble_s130_pca10028 THUMB Debug/pstorage_raw.o
                0x0003ac94                pstorage_init
 .text.pstorage_register
                0x0003acd8       0x40 dfu_dual_bank_ble_s130_pca10028 THUMB Debug/pstorage_raw.o
                0x0003acd8                pstorage_register
 .text.pstorage_store
                0x0003ad18       0x5c dfu_dual_bank_ble_s130_pca10028 THUMB Debug/pstorage_raw.o
                0x0003ad18                pstorage_store
 .text.pstorage_clear
                0x0003ad74       0x24 dfu_dual_bank_ble_s130_pca10028 THUMB Debug/pstorage_raw.o
                0x0003ad74                pstorage_clear
 .text.app_error_handler
                0x0003ad98       0x34 dfu_dual_bank_ble_s130_pca10028 THUMB Debug/app_error.o
                0x0003ad98                app_error_handler
 .text.app_error_save_and_stop
                0x0003adcc       0xa0 dfu_dual_bank_ble_s130_pca10028 THUMB Debug/app_error.o
                0x0003adcc                app_error_save_and_stop
 .text.app_error_fault_handler
                0x0003ae6c       0x3c dfu_dual_bank_ble_s130_pca10028 THUMB Debug/app_error_weak.o
                0x0003ae6c                app_error_fault_handler
 .text.is_word_aligned
                0x0003aea8       0x18 dfu_dual_bank_ble_s130_pca10028 THUMB Debug/app_scheduler.o
 .text.next_index
                0x0003aec0       0x34 dfu_dual_bank_ble_s130_pca10028 THUMB Debug/app_scheduler.o
 .text.app_sched_queue_full
                0x0003aef4       0x3c dfu_dual_bank_ble_s130_pca10028 THUMB Debug/app_scheduler.o
 .text.app_sched_queue_empty
                0x0003af30       0x30 dfu_dual_bank_ble_s130_pca10028 THUMB Debug/app_scheduler.o
 .text.app_sched_init
                0x0003af60       0x90 dfu_dual_bank_ble_s130_pca10028 THUMB Debug/app_scheduler.o
                0x0003af60                app_sched_init
 .text.app_sched_event_put
                0x0003aff0      0x118 dfu_dual_bank_ble_s130_pca10028 THUMB Debug/app_scheduler.o
                0x0003aff0                app_sched_event_put
 .text.app_sched_event_get
                0x0003b108       0x90 dfu_dual_bank_ble_s130_pca10028 THUMB Debug/app_scheduler.o
 .text.app_sched_execute
                0x0003b198       0x30 dfu_dual_bank_ble_s130_pca10028 THUMB Debug/app_scheduler.o
                0x0003b198                app_sched_execute
 .text.NVIC_EnableIRQ
                0x0003b1c8       0x28 dfu_dual_bank_ble_s130_pca10028 THUMB Debug/app_timer.o
 .text.NVIC_DisableIRQ
                0x0003b1f0       0x2c dfu_dual_bank_ble_s130_pca10028 THUMB Debug/app_timer.o
 .text.NVIC_SetPendingIRQ
                0x0003b21c       0x2c dfu_dual_bank_ble_s130_pca10028 THUMB Debug/app_timer.o
 .text.NVIC_ClearPendingIRQ
                0x0003b248       0x2c dfu_dual_bank_ble_s130_pca10028 THUMB Debug/app_timer.o
 .text.NVIC_SetPriority
                0x0003b274       0xe4 dfu_dual_bank_ble_s130_pca10028 THUMB Debug/app_timer.o
 .text.NVIC_GetPriority
                0x0003b358       0x7c dfu_dual_bank_ble_s130_pca10028 THUMB Debug/app_timer.o
 .text.is_word_aligned
                0x0003b3d4       0x18 dfu_dual_bank_ble_s130_pca10028 THUMB Debug/app_timer.o
 .text.current_int_priority_get
                0x0003b3ec       0x38 dfu_dual_bank_ble_s130_pca10028 THUMB Debug/app_timer.o
 .text.rtc1_init
                0x0003b424       0x20 dfu_dual_bank_ble_s130_pca10028 THUMB Debug/app_timer.o
 .text.rtc1_start
                0x0003b444       0x64 dfu_dual_bank_ble_s130_pca10028 THUMB Debug/app_timer.o
 .text.rtc1_stop
                0x0003b4a8       0x94 dfu_dual_bank_ble_s130_pca10028 THUMB Debug/app_timer.o
 .text.rtc1_counter_get
                0x0003b53c       0x14 dfu_dual_bank_ble_s130_pca10028 THUMB Debug/app_timer.o
 .text.ticks_diff_get
                0x0003b550       0x18 dfu_dual_bank_ble_s130_pca10028 THUMB Debug/app_timer.o
 .text.rtc1_compare0_set
                0x0003b568       0x18 dfu_dual_bank_ble_s130_pca10028 THUMB Debug/app_timer.o
 .text.timer_list_insert
                0x0003b580       0xa8 dfu_dual_bank_ble_s130_pca10028 THUMB Debug/app_timer.o
 .text.timer_list_remove
                0x0003b628       0x98 dfu_dual_bank_ble_s130_pca10028 THUMB Debug/app_timer.o
 .text.timer_timeouts_check_sched
                0x0003b6c0        0xc dfu_dual_bank_ble_s130_pca10028 THUMB Debug/app_timer.o
 .text.timer_list_handler_sched
                0x0003b6cc        0xc dfu_dual_bank_ble_s130_pca10028 THUMB Debug/app_timer.o
 .text.timeout_handler_exec
                0x0003b6d8       0x60 dfu_dual_bank_ble_s130_pca10028 THUMB Debug/app_timer.o
 .text.timer_timeouts_check
                0x0003b738       0xc4 dfu_dual_bank_ble_s130_pca10028 THUMB Debug/app_timer.o
 .text.elapsed_ticks_acquire
                0x0003b7fc       0x78 dfu_dual_bank_ble_s130_pca10028 THUMB Debug/app_timer.o
 .text.list_deletions_handler
                0x0003b874       0xe8 dfu_dual_bank_ble_s130_pca10028 THUMB Debug/app_timer.o
 .text.expired_timers_handler
                0x0003b95c       0x90 dfu_dual_bank_ble_s130_pca10028 THUMB Debug/app_timer.o
 .text.list_insertions_handler
                0x0003b9ec      0x190 dfu_dual_bank_ble_s130_pca10028 THUMB Debug/app_timer.o
 .text.compare_reg_update
                0x0003bb7c       0xe0 dfu_dual_bank_ble_s130_pca10028 THUMB Debug/app_timer.o
 .text.timer_list_handler
                0x0003bc5c       0x90 dfu_dual_bank_ble_s130_pca10028 THUMB Debug/app_timer.o
 .text.user_op_enque
                0x0003bcec       0x1c dfu_dual_bank_ble_s130_pca10028 THUMB Debug/app_timer.o
 .text.user_op_alloc
                0x0003bd08       0x64 dfu_dual_bank_ble_s130_pca10028 THUMB Debug/app_timer.o
 .text.timer_start_op_schedule
                0x0003bd6c       0x80 dfu_dual_bank_ble_s130_pca10028 THUMB Debug/app_timer.o
 .text.timer_stop_op_schedule
                0x0003bdec       0x60 dfu_dual_bank_ble_s130_pca10028 THUMB Debug/app_timer.o
 .text.RTC1_IRQHandler
                0x0003be4c       0x48 dfu_dual_bank_ble_s130_pca10028 THUMB Debug/app_timer.o
                0x0003be4c                RTC1_IRQHandler
 .text.SWI0_IRQHandler
                0x0003be94        0x8 dfu_dual_bank_ble_s130_pca10028 THUMB Debug/app_timer.o
                0x0003be94                SWI0_IRQHandler
 .text.app_timer_init
                0x0003be9c      0x104 dfu_dual_bank_ble_s130_pca10028 THUMB Debug/app_timer.o
                0x0003be9c                app_timer_init
 .text.app_timer_create
                0x0003bfa0       0x64 dfu_dual_bank_ble_s130_pca10028 THUMB Debug/app_timer.o
                0x0003bfa0                app_timer_create
 .text.user_id_get
                0x0003c004       0x30 dfu_dual_bank_ble_s130_pca10028 THUMB Debug/app_timer.o
 .text.app_timer_start
                0x0003c034       0x6c dfu_dual_bank_ble_s130_pca10028 THUMB Debug/app_timer.o
                0x0003c034                app_timer_start
 .text.app_timer_stop
                0x0003c0a0       0x4c dfu_dual_bank_ble_s130_pca10028 THUMB Debug/app_timer.o
                0x0003c0a0                app_timer_stop
 .text.app_timer_evt_get
                0x0003c0ec       0x48 dfu_dual_bank_ble_s130_pca10028 THUMB Debug/app_timer_appsh.o
 .text.app_timer_evt_schedule
                0x0003c134       0x30 dfu_dual_bank_ble_s130_pca10028 THUMB Debug/app_timer_appsh.o
                0x0003c134                app_timer_evt_schedule
 .text.__sd_nvic_irq_disable
                0x0003c164       0x18 dfu_dual_bank_ble_s130_pca10028 THUMB Debug/app_util_platform.o
 .text.__sd_nvic_irq_enable
                0x0003c17c        0x4 dfu_dual_bank_ble_s130_pca10028 THUMB Debug/app_util_platform.o
 .text.sd_nvic_critical_region_enter
                0x0003c180       0x60 dfu_dual_bank_ble_s130_pca10028 THUMB Debug/app_util_platform.o
 .text.sd_nvic_critical_region_exit
                0x0003c1e0       0x50 dfu_dual_bank_ble_s130_pca10028 THUMB Debug/app_util_platform.o
 .text.app_util_critical_region_enter
                0x0003c230       0x14 dfu_dual_bank_ble_s130_pca10028 THUMB Debug/app_util_platform.o
                0x0003c230                app_util_critical_region_enter
 .text.app_util_critical_region_exit
                0x0003c244       0x1c dfu_dual_bank_ble_s130_pca10028 THUMB Debug/app_util_platform.o
                0x0003c244                app_util_critical_region_exit
 .text.NVIC_DisableIRQ
                0x0003c260       0x2c dfu_dual_bank_ble_s130_pca10028 THUMB Debug/bootloader.o
 .text.sd_app_evt_wait
                0x0003c28c        0x8 dfu_dual_bank_ble_s130_pca10028 THUMB Debug/bootloader.o
 .text.sd_softdevice_disable
                0x0003c294        0x8 dfu_dual_bank_ble_s130_pca10028 THUMB Debug/bootloader.o
 .text.sd_softdevice_vector_table_base_set
                0x0003c29c        0x8 dfu_dual_bank_ble_s130_pca10028 THUMB Debug/bootloader.o
 .text.pstorage_callback_handler
                0x0003c2a4       0x50 dfu_dual_bank_ble_s130_pca10028 THUMB Debug/bootloader.o
 .text.wait_for_events
                0x0003c2f4       0x50 dfu_dual_bank_ble_s130_pca10028 THUMB Debug/bootloader.o
 .text.bootloader_app_is_valid
                0x0003c344       0x78 dfu_dual_bank_ble_s130_pca10028 THUMB Debug/bootloader.o
                0x0003c344                bootloader_app_is_valid
 .text.bootloader_settings_save
                0x0003c3bc       0x64 dfu_dual_bank_ble_s130_pca10028 THUMB Debug/bootloader.o
 .text.bootloader_dfu_update_process
                0x0003c420      0x1e0 dfu_dual_bank_ble_s130_pca10028 THUMB Debug/bootloader.o
                0x0003c420                bootloader_dfu_update_process
 .text.bootloader_init
                0x0003c600       0x54 dfu_dual_bank_ble_s130_pca10028 THUMB Debug/bootloader.o
                0x0003c600                bootloader_init
 .text.bootloader_dfu_start
                0x0003c654       0x2c dfu_dual_bank_ble_s130_pca10028 THUMB Debug/bootloader.o
                0x0003c654                bootloader_dfu_start
 .text.interrupts_disable
                0x0003c680       0x40 dfu_dual_bank_ble_s130_pca10028 THUMB Debug/bootloader.o
 .text.bootloader_app_start
                0x0003c6c0       0x70 dfu_dual_bank_ble_s130_pca10028 THUMB Debug/bootloader.o
                0x0003c6c0                bootloader_app_start
 .text.bootloader_dfu_sd_in_progress
                0x0003c730       0x28 dfu_dual_bank_ble_s130_pca10028 THUMB Debug/bootloader.o
                0x0003c730                bootloader_dfu_sd_in_progress
 .text.bootloader_dfu_sd_update_continue
                0x0003c758       0x9c dfu_dual_bank_ble_s130_pca10028 THUMB Debug/bootloader.o
                0x0003c758                bootloader_dfu_sd_update_continue
 .text.bootloader_dfu_sd_update_finalize
                0x0003c7f4       0x40 dfu_dual_bank_ble_s130_pca10028 THUMB Debug/bootloader.o
                0x0003c7f4                bootloader_dfu_sd_update_finalize
 .text.bootloader_settings_get
                0x0003c834       0x54 dfu_dual_bank_ble_s130_pca10028 THUMB Debug/bootloader.o
                0x0003c834                bootloader_settings_get
 .text.bootloader_util_settings_get
                0x0003c888       0x18 dfu_dual_bank_ble_s130_pca10028 THUMB Debug/bootloader_settings.o
                0x0003c888                bootloader_util_settings_get
 .text.bootloader_util_reset
                0x0003c8a0       0x40 dfu_dual_bank_ble_s130_pca10028 THUMB Debug/bootloader_util.o
 .text.bootloader_util_app_start
                0x0003c8e0       0x14 dfu_dual_bank_ble_s130_pca10028 THUMB Debug/bootloader_util.o
                0x0003c8e0                bootloader_util_app_start
 .text.crc16_compute
                0x0003c8f4       0xd0 dfu_dual_bank_ble_s130_pca10028 THUMB Debug/crc16.o
                0x0003c8f4                crc16_compute
 .text.sd_mbr_command
                0x0003c9c4        0x8 dfu_dual_bank_ble_s130_pca10028 THUMB Debug/dfu_dual_bank.o
 .text.is_word_aligned
                0x0003c9cc       0x18 dfu_dual_bank_ble_s130_pca10028 THUMB Debug/dfu_dual_bank.o
 .text.pstorage_callback_handler
                0x0003c9e4       0x9c dfu_dual_bank_ble_s130_pca10028 THUMB Debug/dfu_dual_bank.o
 .text.dfu_timeout_handler
                0x0003ca80       0x30 dfu_dual_bank_ble_s130_pca10028 THUMB Debug/dfu_dual_bank.o
 .text.dfu_timer_restart
                0x0003cab0       0x74 dfu_dual_bank_ble_s130_pca10028 THUMB Debug/dfu_dual_bank.o
 .text.dfu_prepare_func_app_erase
                0x0003cb24       0x54 dfu_dual_bank_ble_s130_pca10028 THUMB Debug/dfu_dual_bank.o
 .text.dfu_prepare_func_swap_erase
                0x0003cb78       0x64 dfu_dual_bank_ble_s130_pca10028 THUMB Debug/dfu_dual_bank.o
 .text.dfu_cleared_func_swap
                0x0003cbdc        0x4 dfu_dual_bank_ble_s130_pca10028 THUMB Debug/dfu_dual_bank.o
 .text.dfu_cleared_func_app
                0x0003cbe0       0x38 dfu_dual_bank_ble_s130_pca10028 THUMB Debug/dfu_dual_bank.o
 .text.dfu_activate_sd
                0x0003cc18       0x5c dfu_dual_bank_ble_s130_pca10028 THUMB Debug/dfu_dual_bank.o
 .text.dfu_activate_app
                0x0003cc74       0xa0 dfu_dual_bank_ble_s130_pca10028 THUMB Debug/dfu_dual_bank.o
 .text.dfu_activate_bl
                0x0003cd14       0x50 dfu_dual_bank_ble_s130_pca10028 THUMB Debug/dfu_dual_bank.o
 .text.dfu_init
                0x0003cd64      0x114 dfu_dual_bank_ble_s130_pca10028 THUMB Debug/dfu_dual_bank.o
                0x0003cd64                dfu_init
 .text.dfu_register_callback
                0x0003ce78       0x14 dfu_dual_bank_ble_s130_pca10028 THUMB Debug/dfu_dual_bank.o
                0x0003ce78                dfu_register_callback
 .text.dfu_start_pkt_handle
                0x0003ce8c      0x164 dfu_dual_bank_ble_s130_pca10028 THUMB Debug/dfu_dual_bank.o
                0x0003ce8c                dfu_start_pkt_handle
 .text.dfu_data_pkt_handle
                0x0003cff0       0xe0 dfu_dual_bank_ble_s130_pca10028 THUMB Debug/dfu_dual_bank.o
                0x0003cff0                dfu_data_pkt_handle
 .text.dfu_init_pkt_complete
                0x0003d0d0       0x5c dfu_dual_bank_ble_s130_pca10028 THUMB Debug/dfu_dual_bank.o
                0x0003d0d0                dfu_init_pkt_complete
 .text.dfu_init_pkt_handle
                0x0003d12c       0xa0 dfu_dual_bank_ble_s130_pca10028 THUMB Debug/dfu_dual_bank.o
                0x0003d12c                dfu_init_pkt_handle
 .text.dfu_image_validate
                0x0003d1cc       0x7c dfu_dual_bank_ble_s130_pca10028 THUMB Debug/dfu_dual_bank.o
                0x0003d1cc                dfu_image_validate
 .text.dfu_image_activate
                0x0003d248       0x60 dfu_dual_bank_ble_s130_pca10028 THUMB Debug/dfu_dual_bank.o
                0x0003d248                dfu_image_activate
 .text.dfu_reset
                0x0003d2a8       0x24 dfu_dual_bank_ble_s130_pca10028 THUMB Debug/dfu_dual_bank.o
                0x0003d2a8                dfu_reset
 .text.dfu_compare_block
                0x0003d2cc       0x34 dfu_dual_bank_ble_s130_pca10028 THUMB Debug/dfu_dual_bank.o
 .text.dfu_copy_sd
                0x0003d300       0x34 dfu_dual_bank_ble_s130_pca10028 THUMB Debug/dfu_dual_bank.o
 .text.dfu_sd_img_block_swap
                0x0003d334       0x90 dfu_dual_bank_ble_s130_pca10028 THUMB Debug/dfu_dual_bank.o
 .text.dfu_sd_image_swap
                0x0003d3c4       0xf0 dfu_dual_bank_ble_s130_pca10028 THUMB Debug/dfu_dual_bank.o
                0x0003d3c4                dfu_sd_image_swap
 .text.dfu_bl_image_swap
                0x0003d4b4       0x74 dfu_dual_bank_ble_s130_pca10028 THUMB Debug/dfu_dual_bank.o
                0x0003d4b4                dfu_bl_image_swap
 .text.dfu_bl_image_validate
                0x0003d528       0x7c dfu_dual_bank_ble_s130_pca10028 THUMB Debug/dfu_dual_bank.o
                0x0003d528                dfu_bl_image_validate
 .text.dfu_sd_image_validate
                0x0003d5a4       0xb8 dfu_dual_bank_ble_s130_pca10028 THUMB Debug/dfu_dual_bank.o
                0x0003d5a4                dfu_sd_image_validate
 .text.uint16_decode
                0x0003d65c       0x20 dfu_dual_bank_ble_s130_pca10028 THUMB Debug/dfu_init_template.o
 .text.dfu_init_prevalidate
                0x0003d67c      0x11c dfu_dual_bank_ble_s130_pca10028 THUMB Debug/dfu_init_template.o
                0x0003d67c                dfu_init_prevalidate
 .text.dfu_init_postvalidate
                0x0003d798       0x4c dfu_dual_bank_ble_s130_pca10028 THUMB Debug/dfu_init_template.o
                0x0003d798                dfu_init_postvalidate
 .text.uint32_decode
                0x0003d7e4       0x30 dfu_dual_bank_ble_s130_pca10028 THUMB Debug/dfu_transport_ble.o
 .text.nrf_gpio_cfg
                0x0003d814       0x60 dfu_dual_bank_ble_s130_pca10028 THUMB Debug/dfu_transport_ble.o
 .text.nrf_gpio_cfg_output
                0x0003d874       0x20 dfu_dual_bank_ble_s130_pca10028 THUMB Debug/dfu_transport_ble.o
 .text.nrf_gpio_pin_set
                0x0003d894       0x18 dfu_dual_bank_ble_s130_pca10028 THUMB Debug/dfu_transport_ble.o
 .text.nrf_gpio_pin_clear
                0x0003d8ac       0x1c dfu_dual_bank_ble_s130_pca10028 THUMB Debug/dfu_transport_ble.o
 .text.sd_ble_gap_address_set
                0x0003d8c8        0x8 dfu_dual_bank_ble_s130_pca10028 THUMB Debug/dfu_transport_ble.o
 .text.sd_ble_gap_address_get
                0x0003d8d0        0x8 dfu_dual_bank_ble_s130_pca10028 THUMB Debug/dfu_transport_ble.o
 .text.sd_ble_gap_adv_start
                0x0003d8d8        0x8 dfu_dual_bank_ble_s130_pca10028 THUMB Debug/dfu_transport_ble.o
 .text.sd_ble_gap_adv_stop
                0x0003d8e0        0x8 dfu_dual_bank_ble_s130_pca10028 THUMB Debug/dfu_transport_ble.o
 .text.sd_ble_gap_disconnect
                0x0003d8e8        0x8 dfu_dual_bank_ble_s130_pca10028 THUMB Debug/dfu_transport_ble.o
 .text.sd_ble_gap_ppcp_set
                0x0003d8f0        0x8 dfu_dual_bank_ble_s130_pca10028 THUMB Debug/dfu_transport_ble.o
 .text.sd_ble_gap_device_name_set
                0x0003d8f8        0x8 dfu_dual_bank_ble_s130_pca10028 THUMB Debug/dfu_transport_ble.o
 .text.sd_ble_gap_sec_params_reply
                0x0003d900        0x8 dfu_dual_bank_ble_s130_pca10028 THUMB Debug/dfu_transport_ble.o
 .text.sd_ble_gap_sec_info_reply
                0x0003d908        0x8 dfu_dual_bank_ble_s130_pca10028 THUMB Debug/dfu_transport_ble.o
 .text.sd_ble_gatts_service_changed
                0x0003d910        0x8 dfu_dual_bank_ble_s130_pca10028 THUMB Debug/dfu_transport_ble.o
 .text.sd_ble_gatts_rw_authorize_reply
                0x0003d918        0x8 dfu_dual_bank_ble_s130_pca10028 THUMB Debug/dfu_transport_ble.o
 .text.sd_ble_gatts_sys_attr_set
                0x0003d920        0x8 dfu_dual_bank_ble_s130_pca10028 THUMB Debug/dfu_transport_ble.o
 .text.sd_ble_gatts_sys_attr_get
                0x0003d928        0x8 dfu_dual_bank_ble_s130_pca10028 THUMB Debug/dfu_transport_ble.o
 .text.sd_ble_user_mem_reply
                0x0003d930        0x8 dfu_dual_bank_ble_s130_pca10028 THUMB Debug/dfu_transport_ble.o
 .text.service_change_indicate
                0x0003d938       0xbc dfu_dual_bank_ble_s130_pca10028 THUMB Debug/dfu_transport_ble.o
 .text.nrf_err_code_translate
                0x0003d9f4       0x4c dfu_dual_bank_ble_s130_pca10028 THUMB Debug/dfu_transport_ble.o
 .text.dfu_cb_handler
                0x0003da40      0x10c dfu_dual_bank_ble_s130_pca10028 THUMB Debug/dfu_transport_ble.o
 .text.dfu_error_notify
                0x0003db4c       0x54 dfu_dual_bank_ble_s130_pca10028 THUMB Debug/dfu_transport_ble.o
 .text.start_data_process
                0x0003dba0      0x110 dfu_dual_bank_ble_s130_pca10028 THUMB Debug/dfu_transport_ble.o
 .text.init_data_process
                0x0003dcb0       0xe0 dfu_dual_bank_ble_s130_pca10028 THUMB Debug/dfu_transport_ble.o
 .text.app_data_process
                0x0003dd90      0x1c8 dfu_dual_bank_ble_s130_pca10028 THUMB Debug/dfu_transport_ble.o
 .text.on_dfu_pkt_write
                0x0003df58       0x4c dfu_dual_bank_ble_s130_pca10028 THUMB Debug/dfu_transport_ble.o
 .text.conn_params_error_handler
                0x0003dfa4       0x20 dfu_dual_bank_ble_s130_pca10028 THUMB Debug/dfu_transport_ble.o
 .text.conn_params_init
                0x0003dfc4       0x7c dfu_dual_bank_ble_s130_pca10028 THUMB Debug/dfu_transport_ble.o
 .text.on_dfu_evt
                0x0003e040      0x1d8 dfu_dual_bank_ble_s130_pca10028 THUMB Debug/dfu_transport_ble.o
 .text.advertising_init
                0x0003e218       0x84 dfu_dual_bank_ble_s130_pca10028 THUMB Debug/dfu_transport_ble.o
 .text.advertising_start
                0x0003e29c      0x12c dfu_dual_bank_ble_s130_pca10028 THUMB Debug/dfu_transport_ble.o
 .text.advertising_stop
                0x0003e3c8       0x48 dfu_dual_bank_ble_s130_pca10028 THUMB Debug/dfu_transport_ble.o
 .text.on_ble_evt
                0x0003e410      0x2f8 dfu_dual_bank_ble_s130_pca10028 THUMB Debug/dfu_transport_ble.o
 .text.ble_evt_dispatch
                0x0003e708       0x2c dfu_dual_bank_ble_s130_pca10028 THUMB Debug/dfu_transport_ble.o
 .text.leds_init
                0x0003e734       0x1c dfu_dual_bank_ble_s130_pca10028 THUMB Debug/dfu_transport_ble.o
 .text.gap_params_init
                0x0003e750       0xb8 dfu_dual_bank_ble_s130_pca10028 THUMB Debug/dfu_transport_ble.o
 .text.service_error_handler
                0x0003e808       0x20 dfu_dual_bank_ble_s130_pca10028 THUMB Debug/dfu_transport_ble.o
 .text.services_init
                0x0003e828       0x64 dfu_dual_bank_ble_s130_pca10028 THUMB Debug/dfu_transport_ble.o
 .text.sec_params_init
                0x0003e88c       0x54 dfu_dual_bank_ble_s130_pca10028 THUMB Debug/dfu_transport_ble.o
 .text.dfu_transport_update_start
                0x0003e8e0       0xf4 dfu_dual_bank_ble_s130_pca10028 THUMB Debug/dfu_transport_ble.o
                0x0003e8e0                dfu_transport_update_start
 .text.dfu_transport_close
                0x0003e9d4       0x84 dfu_dual_bank_ble_s130_pca10028 THUMB Debug/dfu_transport_ble.o
                0x0003e9d4                dfu_transport_close
 .text.hci_mem_pool_open
                0x0003ea58       0x44 dfu_dual_bank_ble_s130_pca10028 THUMB Debug/hci_mem_pool.o
                0x0003ea58                hci_mem_pool_open
 .text.hci_mem_pool_rx_produce
                0x0003ea9c       0x90 dfu_dual_bank_ble_s130_pca10028 THUMB Debug/hci_mem_pool.o
                0x0003ea9c                hci_mem_pool_rx_produce
 .text.hci_mem_pool_rx_consume
                0x0003eb2c       0xb4 dfu_dual_bank_ble_s130_pca10028 THUMB Debug/hci_mem_pool.o
                0x0003eb2c                hci_mem_pool_rx_consume
 .text.hci_mem_pool_rx_data_size_set
                0x0003ebe0       0x30 dfu_dual_bank_ble_s130_pca10028 THUMB Debug/hci_mem_pool.o
                0x0003ebe0                hci_mem_pool_rx_data_size_set
 .text.hci_mem_pool_rx_extract
                0x0003ec10       0x88 dfu_dual_bank_ble_s130_pca10028 THUMB Debug/hci_mem_pool.o
                0x0003ec10                hci_mem_pool_rx_extract
 .text.NVIC_EnableIRQ
                0x0003ec98       0x28 dfu_dual_bank_ble_s130_pca10028 THUMB Debug/softdevice_handler.o
 .text.NVIC_GetPriority
                0x0003ecc0       0x7c dfu_dual_bank_ble_s130_pca10028 THUMB Debug/softdevice_handler.o
 .text.sd_evt_get
                0x0003ed3c        0x8 dfu_dual_bank_ble_s130_pca10028 THUMB Debug/softdevice_handler.o
 .text.sd_softdevice_enable
                0x0003ed44        0x8 dfu_dual_bank_ble_s130_pca10028 THUMB Debug/softdevice_handler.o
 .text.is_word_aligned
                0x0003ed4c       0x18 dfu_dual_bank_ble_s130_pca10028 THUMB Debug/softdevice_handler.o
 .text.sd_ble_enable
                0x0003ed64        0x8 dfu_dual_bank_ble_s130_pca10028 THUMB Debug/softdevice_handler.o
 .text.sd_ble_evt_get
                0x0003ed6c        0x8 dfu_dual_bank_ble_s130_pca10028 THUMB Debug/softdevice_handler.o
 .text.__sd_nvic_app_accessible_irq
                0x0003ed74       0x3c dfu_dual_bank_ble_s130_pca10028 THUMB Debug/softdevice_handler.o
 .text.__sd_nvic_is_app_accessible_priority
                0x0003edb0       0x28 dfu_dual_bank_ble_s130_pca10028 THUMB Debug/softdevice_handler.o
 .text.sd_nvic_EnableIRQ
                0x0003edd8       0xa0 dfu_dual_bank_ble_s130_pca10028 THUMB Debug/softdevice_handler.o
 .text.softdevice_fault_handler
                0x0003ee78       0x20 dfu_dual_bank_ble_s130_pca10028 THUMB Debug/softdevice_handler.o
                0x0003ee78                softdevice_fault_handler
 .text.intern_softdevice_events_execute
                0x0003ee98      0x114 dfu_dual_bank_ble_s130_pca10028 THUMB Debug/softdevice_handler.o
                0x0003ee98                intern_softdevice_events_execute
 .text.softdevice_handler_init
                0x0003efac       0x8c dfu_dual_bank_ble_s130_pca10028 THUMB Debug/softdevice_handler.o
                0x0003efac                softdevice_handler_init
 .text.softdevice_ble_evt_handler_set
                0x0003f038       0x20 dfu_dual_bank_ble_s130_pca10028 THUMB Debug/softdevice_handler.o
                0x0003f038                softdevice_ble_evt_handler_set
 .text.softdevice_sys_evt_handler_set
                0x0003f058       0x20 dfu_dual_bank_ble_s130_pca10028 THUMB Debug/softdevice_handler.o
                0x0003f058                softdevice_sys_evt_handler_set
 .text.SWI2_IRQHandler
                0x0003f078       0x48 dfu_dual_bank_ble_s130_pca10028 THUMB Debug/softdevice_handler.o
                0x0003f078                SWI2_IRQHandler
 .text.softdevice_enable_get_default_config
                0x0003f0c0       0x64 dfu_dual_bank_ble_s130_pca10028 THUMB Debug/softdevice_handler.o
                0x0003f0c0                softdevice_enable_get_default_config
 .text.softdevice_enable
                0x0003f124       0x2c dfu_dual_bank_ble_s130_pca10028 THUMB Debug/softdevice_handler.o
                0x0003f124                softdevice_enable
 .text.softdevice_evt_get
                0x0003f150       0x3c dfu_dual_bank_ble_s130_pca10028 THUMB Debug/softdevice_handler_appsh.o
                0x0003f150                softdevice_evt_get
 .text.softdevice_evt_schedule
                0x0003f18c       0x18 dfu_dual_bank_ble_s130_pca10028 THUMB Debug/softdevice_handler_appsh.o
                0x0003f18c                softdevice_evt_schedule
 .text.libc.__int32_div
                0x0003f1a4       0x64 C:/Program Files (x86)/Rowley Associates Limited/CrossWorks for ARM 3.6/lib/libc_v6m_t_le_eabi.a(libc_asm.o)
                0x0003f1a4                __int32_div
                0x0003f1a4                __aeabi_idiv
                0x0003f1a4                __divsi3
                0x0003f1e0                __aeabi_uidiv
                0x0003f1e0                __uint32_div
                0x0003f1e0                __udivsi3
 .text.libc.memcmp
                0x0003f208       0x38 C:/Program Files (x86)/Rowley Associates Limited/CrossWorks for ARM 3.6/lib/libc_v6m_t_le_eabi.a(libc2.o)
                0x0003f208                memcmp
 .text.libc.memcpy
                0x0003f240       0x18 C:/Program Files (x86)/Rowley Associates Limited/CrossWorks for ARM 3.6/lib/libc_v6m_t_le_eabi.a(libc2_asm.o)
                0x0003f240                __aeabi_memcpy
                0x0003f240                __aeabi_memcpy4
                0x0003f240                __aeabi_memcpy8
                0x0003f240                memcpy
 .text.libc.memset
                0x0003f258       0x14 C:/Program Files (x86)/Rowley Associates Limited/CrossWorks for ARM 3.6/lib/libc_v6m_t_le_eabi.a(libc2_asm.o)
                0x0003f258                memset
 .text.libc.strlen
                0x0003f26c       0x10 C:/Program Files (x86)/Rowley Associates Limited/CrossWorks for ARM 3.6/lib/libc_v6m_t_le_eabi.a(libc2_asm.o)
                0x0003f26c                strlen
                0x0003f27c                __text_end__ = (__text_start__ + SIZEOF (.text))
                0x00006ff4                __text_size__ = SIZEOF (.text)
                0x0003f27c                __text_load_end__ = __text_end__

.vfp11_veneer   0x00000000        0x0
 .vfp11_veneer  0x00000000        0x0 linker stubs

.v4_bx          0x00000000        0x0
 .v4_bx         0x00000000        0x0 linker stubs

.iplt           0x00000000        0x0
 .iplt          0x00000000        0x0 dfu_dual_bank_ble_s130_pca10028 THUMB Debug/thumb_crt0.o
                0x00000001                . = ASSERT (((__text_start__ == __text_end__) || ((__text_end__ >= __FLASH_segment_start__) && (__text_end__ <= __FLASH_segment_end__))), error: .text is too large to fit in FLASH memory segment)
                0x0003f27c                __dtors_load_start__ = ALIGN (__text_end__, 0x4)

.dtors          0x0003f27c        0x0
                0x0003f27c                __dtors_start__ = .
 *(SORT(.dtors.*))
 *(.dtors)
 *(.fini_array)
 *(SORT(.fini_array.*))
                0x0003f27c                __dtors_end__ = (__dtors_start__ + SIZEOF (.dtors))
                0x00000000                __dtors_size__ = SIZEOF (.dtors)
                0x0003f27c                __dtors_load_end__ = __dtors_end__
                0x00000001                . = ASSERT (((__dtors_start__ == __dtors_end__) || ((__dtors_end__ >= __FLASH_segment_start__) && (__dtors_end__ <= __FLASH_segment_end__))), error: .dtors is too large to fit in FLASH memory segment)
                0x0003f27c                __ctors_load_start__ = ALIGN (__dtors_end__, 0x4)

.ctors          0x0003f27c        0x0
                0x0003f27c                __ctors_start__ = .
 *(SORT(.ctors.*))
 *(.ctors)
 *(.init_array)
 *(SORT(.init_array.*))
                0x0003f27c                __ctors_end__ = (__ctors_start__ + SIZEOF (.ctors))
                0x00000000                __ctors_size__ = SIZEOF (.ctors)
                0x0003f27c                __ctors_load_end__ = __ctors_end__
                0x00000001                . = ASSERT (((__ctors_start__ == __ctors_end__) || ((__ctors_end__ >= __FLASH_segment_start__) && (__ctors_end__ <= __FLASH_segment_end__))), error: .ctors is too large to fit in FLASH memory segment)
                0x0003f27c                __rodata_load_start__ = ALIGN (__ctors_end__, 0x4)

.rodata         0x0003f27c      0x7e7
                0x0003f27c                __rodata_start__ = .
 *(.rodata .rodata.* .gnu.linkonce.r.*)
 .rodata        0x0003f27c       0x90 dfu_dual_bank_ble_s130_pca10028 THUMB Debug/main.o
 .rodata.m_conn_params_timer_id
                0x0003f30c        0x4 dfu_dual_bank_ble_s130_pca10028 THUMB Debug/ble_conn_params.o
 .rodata.on_ctrl_pt_write
                0x0003f310       0x24 dfu_dual_bank_ble_s130_pca10028 THUMB Debug/ble_dfu.o
 .rodata        0x0003f334       0x10 dfu_dual_bank_ble_s130_pca10028 THUMB Debug/ble_dfu.o
 .rodata        0x0003f344       0xb3 dfu_dual_bank_ble_s130_pca10028 THUMB Debug/app_timer.o
 *fill*         0x0003f3f7        0x1 
 .rodata        0x0003f3f8       0xb9 dfu_dual_bank_ble_s130_pca10028 THUMB Debug/app_timer_appsh.o
 *fill*         0x0003f4b1        0x3 
 .rodata        0x0003f4b4       0xbd dfu_dual_bank_ble_s130_pca10028 THUMB Debug/bootloader.o
 *fill*         0x0003f571        0x3 
 .rodata.m_dfu_timer_id
                0x0003f574        0x4 dfu_dual_bank_ble_s130_pca10028 THUMB Debug/dfu_dual_bank.o
 .rodata        0x0003f578       0xc0 dfu_dual_bank_ble_s130_pca10028 THUMB Debug/dfu_dual_bank.o
 .rodata.nrf_err_code_translate
                0x0003f638       0x34 dfu_dual_bank_ble_s130_pca10028 THUMB Debug/dfu_transport_ble.o
 .rodata        0x0003f66c       0xcc dfu_dual_bank_ble_s130_pca10028 THUMB Debug/dfu_transport_ble.o
 .rodata.on_dfu_evt
                0x0003f738       0x28 dfu_dual_bank_ble_s130_pca10028 THUMB Debug/dfu_transport_ble.o
 .rodata.on_ble_evt
                0x0003f760      0x158 dfu_dual_bank_ble_s130_pca10028 THUMB Debug/dfu_transport_ble.o
 .rodata        0x0003f8b8       0xd1 dfu_dual_bank_ble_s130_pca10028 THUMB Debug/softdevice_handler.o
 *fill*         0x0003f989        0x3 
 .rodata        0x0003f98c       0xd7 dfu_dual_bank_ble_s130_pca10028 THUMB Debug/softdevice_handler_appsh.o
                0x0003fa63                __rodata_end__ = (__rodata_start__ + SIZEOF (.rodata))
                0x000007e7                __rodata_size__ = SIZEOF (.rodata)
                0x0003fa63                __rodata_load_end__ = __rodata_end__

.rel.dyn        0x00000000        0x0
 .rel.iplt      0x00000000        0x0 dfu_dual_bank_ble_s130_pca10028 THUMB Debug/thumb_crt0.o
                0x00000001                . = ASSERT (((__rodata_start__ == __rodata_end__) || ((__rodata_end__ >= __FLASH_segment_start__) && (__rodata_end__ <= __FLASH_segment_end__))), error: .rodata is too large to fit in FLASH memory segment)
                0x0003fa64                __ARM.exidx_load_start__ = ALIGN (__rodata_end__, 0x4)

.ARM.exidx      0x0003fa64        0x0
                0x0003fa64                __ARM.exidx_start__ = .
                0x0003fa64                __exidx_start = __ARM.exidx_start__
 *(.ARM.exidx .ARM.exidx.*)
                0x0003fa64                __ARM.exidx_end__ = (__ARM.exidx_start__ + SIZEOF (.ARM.exidx))
                0x00000000                __ARM.exidx_size__ = SIZEOF (.ARM.exidx)
                0x0003fa64                __exidx_end = __ARM.exidx_end__
                0x0003fa64                __ARM.exidx_load_end__ = __ARM.exidx_end__
                0x00000001                . = ASSERT (((__ARM.exidx_start__ == __ARM.exidx_end__) || ((__ARM.exidx_end__ >= __FLASH_segment_start__) && (__ARM.exidx_end__ <= __FLASH_segment_end__))), error: .ARM.exidx is too large to fit in FLASH memory segment)
                0x0003fa64                __fast_load_start__ = ALIGN (__ARM.exidx_end__, 0x4)

.fast           0x20002c00        0x0 load address 0x0003fa64
                0x20002c00                __fast_start__ = .
 *(.fast .fast.*)
                0x20002c00                __fast_end__ = (__fast_start__ + SIZEOF (.fast))
                0x00000000                __fast_size__ = SIZEOF (.fast)
                0x0003fa64                __fast_load_end__ = (__fast_load_start__ + SIZEOF (.fast))
                0x00000001                . = ASSERT (((__fast_load_start__ == __fast_load_end__) || ((__fast_load_end__ >= __FLASH_segment_start__) && (__fast_load_end__ <= __FLASH_segment_end__))), error: .fast is too large to fit in FLASH memory segment)

.fast_run       0x20002c00        0x0
                0x20002c00                __fast_run_start__ = .
                0x20002c00                . = MAX ((__fast_run_start__ + SIZEOF (.fast)), .)
                0x20002c00                __fast_run_end__ = (__fast_run_start__ + SIZEOF (.fast_run))
                0x00000000                __fast_run_size__ = SIZEOF (.fast_run)
                0x20002c00                __fast_run_load_end__ = __fast_run_end__
                0x00000001                . = ASSERT (((__fast_run_start__ == __fast_run_end__) || ((__fast_run_end__ >= __RAM_segment_start__) && (__fast_run_end__ <= __RAM_segment_end__))), error: .fast_run is too large to fit in RAM memory segment)
                0x0003fa64                __data_load_start__ = ALIGN ((__fast_load_start__ + SIZEOF (.fast)), 0x4)

.data           0x20002c00        0x8 load address 0x0003fa64
                0x20002c00                __data_start__ = .
 *(.data .data.* .gnu.linkonce.d.*)
 .data.m_conn_handle
                0x20002c00        0x2 dfu_dual_bank_ble_s130_pca10028 THUMB Debug/dfu_transport_ble.o
 *fill*         0x20002c02        0x2 
 .data.m_direct_adv_cnt
                0x20002c04        0x4 dfu_dual_bank_ble_s130_pca10028 THUMB Debug/dfu_transport_ble.o
                0x20002c08                __data_end__ = (__data_start__ + SIZEOF (.data))
                0x00000008                __data_size__ = SIZEOF (.data)
                0x0003fa6c                __data_load_end__ = (__data_load_start__ + SIZEOF (.data))

.igot.plt       0x00000000        0x0
 .igot.plt      0x00000000        0x0 dfu_dual_bank_ble_s130_pca10028 THUMB Debug/thumb_crt0.o
                0x00000001                . = ASSERT (((__data_load_start__ == __data_load_end__) || ((__data_load_end__ >= __FLASH_segment_start__) && (__data_load_end__ <= __FLASH_segment_end__))), error: .data is too large to fit in FLASH memory segment)

.data_run       0x20002c00        0x8 load address 0x0003fa64
                0x20002c00                __data_run_start__ = .
                0x20002c08                . = MAX ((__data_run_start__ + SIZEOF (.data)), .)
 *fill*         0x20002c00        0x8 
                0x20002c08                __data_run_end__ = (__data_run_start__ + SIZEOF (.data_run))
                0x00000008                __data_run_size__ = SIZEOF (.data_run)
                0x20002c08                __data_run_load_end__ = __data_run_end__
                0x00000001                . = ASSERT (((__data_run_start__ == __data_run_end__) || ((__data_run_end__ >= __RAM_segment_start__) && (__data_run_end__ <= __RAM_segment_end__))), error: .data_run is too large to fit in RAM memory segment)
                0x0003fa6c                __tdata_load_start__ = ALIGN ((__data_load_start__ + SIZEOF (.data)), 0x4)

.tdata          0x20002c08        0x0 load address 0x0003fa6c
                0x20002c08                __tdata_start__ = .
 *(.tdata .tdata.*)
                0x20002c08                __tdata_end__ = (__tdata_start__ + SIZEOF (.tdata))
                0x00000000                __tdata_size__ = SIZEOF (.tdata)
                0x0003fa6c                __tdata_load_end__ = (__tdata_load_start__ + SIZEOF (.tdata))
                0x00000001                . = ASSERT (((__tdata_load_start__ == __tdata_load_end__) || ((__tdata_load_end__ >= __FLASH_segment_start__) && (__tdata_load_end__ <= __FLASH_segment_end__))), error: .tdata is too large to fit in FLASH memory segment)

.tdata_run      0x20002c08        0x0
                0x20002c08                __tdata_run_start__ = .
                0x20002c08                . = MAX ((__tdata_run_start__ + SIZEOF (.tdata)), .)
                0x20002c08                __tdata_run_end__ = (__tdata_run_start__ + SIZEOF (.tdata_run))
                0x00000000                __tdata_run_size__ = SIZEOF (.tdata_run)
                0x20002c08                __tdata_run_load_end__ = __tdata_run_end__
                0x00000001                . = ASSERT (((__tdata_run_start__ == __tdata_run_end__) || ((__tdata_run_end__ >= __RAM_segment_start__) && (__tdata_run_end__ <= __RAM_segment_end__))), error: .tdata_run is too large to fit in RAM memory segment)
                0x20002c08                __bss_load_start__ = ALIGN (__tdata_run_end__, 0x4)

.bss            0x20002c08      0x838
                0x20002c08                __bss_start__ = .
 *(.bss .bss.* .gnu.linkonce.b.*)
 .bss.APP_TIMER_BUF.7216
                0x20002c08      0x1c8 dfu_dual_bank_ble_s130_pca10028 THUMB Debug/main.o
 .bss.BLE_EVT_BUFFER.7233
                0x20002dd0       0x48 dfu_dual_bank_ble_s130_pca10028 THUMB Debug/main.o
 .bss.APP_SCHED_BUF.7243
                0x20002e18      0x150 dfu_dual_bank_ble_s130_pca10028 THUMB Debug/main.o
 .bss.m_conn_params_config
                0x20002f68       0x1c dfu_dual_bank_ble_s130_pca10028 THUMB Debug/ble_conn_params.o
 .bss.m_preferred_conn_params
                0x20002f84        0x8 dfu_dual_bank_ble_s130_pca10028 THUMB Debug/ble_conn_params.o
 .bss.m_update_count
                0x20002f8c        0x1 dfu_dual_bank_ble_s130_pca10028 THUMB Debug/ble_conn_params.o
 *fill*         0x20002f8d        0x1 
 .bss.m_conn_handle
                0x20002f8e        0x2 dfu_dual_bank_ble_s130_pca10028 THUMB Debug/ble_conn_params.o
                0x20002f8e                m_conn_handle
 .bss.m_current_conn_params
                0x20002f90        0x8 dfu_dual_bank_ble_s130_pca10028 THUMB Debug/ble_conn_params.o
 .bss.m_conn_params_timer_id_data
                0x20002f98       0x20 dfu_dual_bank_ble_s130_pca10028 THUMB Debug/ble_conn_params.o
 .bss.m_change_param
                0x20002fb8        0x1 dfu_dual_bank_ble_s130_pca10028 THUMB Debug/ble_conn_params.o
 .bss.m_is_dfu_service_initialized
                0x20002fb9        0x1 dfu_dual_bank_ble_s130_pca10028 THUMB Debug/ble_dfu.o
 *fill*         0x20002fba        0x2 
 .bss.m_notif_buffer
                0x20002fbc        0x7 dfu_dual_bank_ble_s130_pca10028 THUMB Debug/ble_dfu.o
 *fill*         0x20002fc3        0x1 
 .bss.m_cmd_queue
                0x20002fc4       0xf4 dfu_dual_bank_ble_s130_pca10028 THUMB Debug/pstorage_raw.o
 .bss.m_app_table
                0x200030b8        0xc dfu_dual_bank_ble_s130_pca10028 THUMB Debug/pstorage_raw.o
 .bss.m_next_app_instance
                0x200030c4        0x4 dfu_dual_bank_ble_s130_pca10028 THUMB Debug/pstorage_raw.o
 .bss.m_round_val
                0x200030c8        0x4 dfu_dual_bank_ble_s130_pca10028 THUMB Debug/pstorage_raw.o
 .bss.m_error_data.5364
                0x200030cc       0x20 dfu_dual_bank_ble_s130_pca10028 THUMB Debug/app_error.o
 .bss.m_queue_event_headers
                0x200030ec        0x4 dfu_dual_bank_ble_s130_pca10028 THUMB Debug/app_scheduler.o
 .bss.m_queue_event_data
                0x200030f0        0x4 dfu_dual_bank_ble_s130_pca10028 THUMB Debug/app_scheduler.o
 .bss.m_queue_start_index
                0x200030f4        0x1 dfu_dual_bank_ble_s130_pca10028 THUMB Debug/app_scheduler.o
 .bss.m_queue_end_index
                0x200030f5        0x1 dfu_dual_bank_ble_s130_pca10028 THUMB Debug/app_scheduler.o
 .bss.m_queue_event_size
                0x200030f6        0x2 dfu_dual_bank_ble_s130_pca10028 THUMB Debug/app_scheduler.o
 .bss.m_queue_size
                0x200030f8        0x2 dfu_dual_bank_ble_s130_pca10028 THUMB Debug/app_scheduler.o
 .bss.m_user_array_size
                0x200030fa        0x1 dfu_dual_bank_ble_s130_pca10028 THUMB Debug/app_timer.o
 *fill*         0x200030fb        0x1 
 .bss.mp_users  0x200030fc        0x4 dfu_dual_bank_ble_s130_pca10028 THUMB Debug/app_timer.o
 .bss.mp_timer_id_head
                0x20003100        0x4 dfu_dual_bank_ble_s130_pca10028 THUMB Debug/app_timer.o
 .bss.m_ticks_latest
                0x20003104        0x4 dfu_dual_bank_ble_s130_pca10028 THUMB Debug/app_timer.o
 .bss.m_ticks_elapsed
                0x20003108        0x8 dfu_dual_bank_ble_s130_pca10028 THUMB Debug/app_timer.o
 .bss.m_ticks_elapsed_q_read_ind
                0x20003110        0x1 dfu_dual_bank_ble_s130_pca10028 THUMB Debug/app_timer.o
 .bss.m_ticks_elapsed_q_write_ind
                0x20003111        0x1 dfu_dual_bank_ble_s130_pca10028 THUMB Debug/app_timer.o
 *fill*         0x20003112        0x2 
 .bss.m_evt_schedule_func
                0x20003114        0x4 dfu_dual_bank_ble_s130_pca10028 THUMB Debug/app_timer.o
 .bss.m_rtc1_running
                0x20003118        0x1 dfu_dual_bank_ble_s130_pca10028 THUMB Debug/app_timer.o
 .bss.m_rtc1_reset
                0x20003119        0x1 dfu_dual_bank_ble_s130_pca10028 THUMB Debug/app_timer.o
 *fill*         0x2000311a        0x2 
 .bss.m_bootsettings_handle
                0x2000311c        0x8 dfu_dual_bank_ble_s130_pca10028 THUMB Debug/bootloader.o
 .bss.m_update_status
                0x20003124        0x1 dfu_dual_bank_ble_s130_pca10028 THUMB Debug/bootloader.o
 *fill*         0x20003125        0x3 
 .bss.settings.5758
                0x20003128       0x1c dfu_dual_bank_ble_s130_pca10028 THUMB Debug/bootloader.o
 .bss.m_data_received
                0x20003144        0x4 dfu_dual_bank_ble_s130_pca10028 THUMB Debug/dfu_dual_bank.o
 .bss.m_dfu_state
                0x20003148        0x1 dfu_dual_bank_ble_s130_pca10028 THUMB Debug/dfu_dual_bank.o
 *fill*         0x20003149        0x3 
 .bss.m_image_size
                0x2000314c        0x4 dfu_dual_bank_ble_s130_pca10028 THUMB Debug/dfu_dual_bank.o
 .bss.m_start_packet
                0x20003150       0x10 dfu_dual_bank_ble_s130_pca10028 THUMB Debug/dfu_dual_bank.o
 .bss.m_init_packet
                0x20003160       0x80 dfu_dual_bank_ble_s130_pca10028 THUMB Debug/dfu_dual_bank.o
 .bss.m_init_packet_length
                0x200031e0        0x1 dfu_dual_bank_ble_s130_pca10028 THUMB Debug/dfu_dual_bank.o
 *fill*         0x200031e1        0x1 
 .bss.m_image_crc
                0x200031e2        0x2 dfu_dual_bank_ble_s130_pca10028 THUMB Debug/dfu_dual_bank.o
 .bss.m_dfu_timer_id_data
                0x200031e4       0x20 dfu_dual_bank_ble_s130_pca10028 THUMB Debug/dfu_dual_bank.o
 .bss.m_dfu_timed_out
                0x20003204        0x1 dfu_dual_bank_ble_s130_pca10028 THUMB Debug/dfu_dual_bank.o
 *fill*         0x20003205        0x3 
 .bss.m_storage_handle_swap
                0x20003208        0x8 dfu_dual_bank_ble_s130_pca10028 THUMB Debug/dfu_dual_bank.o
 .bss.m_storage_handle_app
                0x20003210        0x8 dfu_dual_bank_ble_s130_pca10028 THUMB Debug/dfu_dual_bank.o
 .bss.mp_storage_handle_active
                0x20003218        0x4 dfu_dual_bank_ble_s130_pca10028 THUMB Debug/dfu_dual_bank.o
 .bss.m_data_pkt_cb
                0x2000321c        0x4 dfu_dual_bank_ble_s130_pca10028 THUMB Debug/dfu_dual_bank.o
 .bss.m_functions
                0x20003220        0xc dfu_dual_bank_ble_s130_pca10028 THUMB Debug/dfu_dual_bank.o
 .bss.m_extended_packet
                0x2000322c        0xa dfu_dual_bank_ble_s130_pca10028 THUMB Debug/dfu_init_template.o
 .bss.m_extended_packet_length
                0x20003236        0x1 dfu_dual_bank_ble_s130_pca10028 THUMB Debug/dfu_init_template.o
 *fill*         0x20003237        0x1 
 .bss.m_sec_params
                0x20003238        0x5 dfu_dual_bank_ble_s130_pca10028 THUMB Debug/dfu_transport_ble.o
 *fill*         0x2000323d        0x3 
 .bss.m_adv_params
                0x20003240       0x18 dfu_dual_bank_ble_s130_pca10028 THUMB Debug/dfu_transport_ble.o
 .bss.m_dfu     0x20003258       0x30 dfu_dual_bank_ble_s130_pca10028 THUMB Debug/dfu_transport_ble.o
 .bss.m_pkt_type
                0x20003288        0x1 dfu_dual_bank_ble_s130_pca10028 THUMB Debug/dfu_transport_ble.o
 .bss.m_update_mode
                0x20003289        0x1 dfu_dual_bank_ble_s130_pca10028 THUMB Debug/dfu_transport_ble.o
 *fill*         0x2000328a        0x2 
 .bss.m_num_of_firmware_bytes_rcvd
                0x2000328c        0x4 dfu_dual_bank_ble_s130_pca10028 THUMB Debug/dfu_transport_ble.o
 .bss.m_pkt_notif_target
                0x20003290        0x2 dfu_dual_bank_ble_s130_pca10028 THUMB Debug/dfu_transport_ble.o
 .bss.m_pkt_notif_target_cnt
                0x20003292        0x2 dfu_dual_bank_ble_s130_pca10028 THUMB Debug/dfu_transport_ble.o
 .bss.mp_rx_buffer
                0x20003294        0x4 dfu_dual_bank_ble_s130_pca10028 THUMB Debug/dfu_transport_ble.o
 .bss.m_tear_down_in_progress
                0x20003298        0x1 dfu_dual_bank_ble_s130_pca10028 THUMB Debug/dfu_transport_ble.o
 .bss.m_pkt_rcpt_notif_enabled
                0x20003299        0x1 dfu_dual_bank_ble_s130_pca10028 THUMB Debug/dfu_transport_ble.o
 .bss.m_is_advertising
                0x2000329a        0x1 dfu_dual_bank_ble_s130_pca10028 THUMB Debug/dfu_transport_ble.o
 *fill*         0x2000329b        0x1 
 .bss.m_ble_peer_data
                0x2000329c       0x3c dfu_dual_bank_ble_s130_pca10028 THUMB Debug/dfu_transport_ble.o
 .bss.m_ble_peer_data_valid
                0x200032d8        0x1 dfu_dual_bank_ble_s130_pca10028 THUMB Debug/dfu_transport_ble.o
 *fill*         0x200032d9        0x3 
 .bss.mp_final_packet
                0x200032dc        0x4 dfu_dual_bank_ble_s130_pca10028 THUMB Debug/dfu_transport_ble.o
 .bss.m_is_tx_allocated
                0x200032e0        0x1 dfu_dual_bank_ble_s130_pca10028 THUMB Debug/hci_mem_pool.o
 *fill*         0x200032e1        0x3 
 .bss.m_rx_buffer_elem_queue
                0x200032e4      0x120 dfu_dual_bank_ble_s130_pca10028 THUMB Debug/hci_mem_pool.o
 .bss.m_rx_buffer_queue
                0x20003404       0x1c dfu_dual_bank_ble_s130_pca10028 THUMB Debug/hci_mem_pool.o
 .bss.nrf_nvic_state
                0x20003420        0x8 dfu_dual_bank_ble_s130_pca10028 THUMB Debug/softdevice_handler.o
                0x20003420                nrf_nvic_state
 .bss.m_evt_schedule_func
                0x20003428        0x4 dfu_dual_bank_ble_s130_pca10028 THUMB Debug/softdevice_handler.o
 .bss.m_softdevice_enabled
                0x2000342c        0x1 dfu_dual_bank_ble_s130_pca10028 THUMB Debug/softdevice_handler.o
 *fill*         0x2000342d        0x3 
 .bss.mp_ble_evt_buffer
                0x20003430        0x4 dfu_dual_bank_ble_s130_pca10028 THUMB Debug/softdevice_handler.o
 .bss.m_ble_evt_buffer_size
                0x20003434        0x2 dfu_dual_bank_ble_s130_pca10028 THUMB Debug/softdevice_handler.o
 *fill*         0x20003436        0x2 
 .bss.m_ble_evt_handler
                0x20003438        0x4 dfu_dual_bank_ble_s130_pca10028 THUMB Debug/softdevice_handler.o
 .bss.m_sys_evt_handler
                0x2000343c        0x4 dfu_dual_bank_ble_s130_pca10028 THUMB Debug/softdevice_handler.o
 *(COMMON)
                0x20003440                __bss_end__ = (__bss_start__ + SIZEOF (.bss))
                0x00000838                __bss_size__ = SIZEOF (.bss)
                0x20003440                __bss_load_end__ = __bss_end__
                0x00000001                . = ASSERT (((__bss_start__ == __bss_end__) || ((__bss_end__ >= __RAM_segment_start__) && (__bss_end__ <= __RAM_segment_end__))), error: .bss is too large to fit in RAM memory segment)
                0x20003440                __tbss_load_start__ = ALIGN (__bss_end__, 0x4)

.tbss           0x20003440        0x0
                0x20003440                __tbss_start__ = .
 *(.tbss .tbss.*)
                0x20003440                __tbss_end__ = (__tbss_start__ + SIZEOF (.tbss))
                0x00000000                __tbss_size__ = SIZEOF (.tbss)
                0x20003440                __tbss_load_end__ = __tbss_end__
                0x00000001                . = ASSERT (((__tbss_start__ == __tbss_end__) || ((__tbss_end__ >= __RAM_segment_start__) && (__tbss_end__ <= __RAM_segment_end__))), error: .tbss is too large to fit in RAM memory segment)
                0x20003440                __non_init_load_start__ = ALIGN (__tbss_end__, 0x4)

.non_init       0x20003440        0x0
                0x20003440                __non_init_start__ = .
 *(.non_init .non_init.*)
                0x20003440                __non_init_end__ = (__non_init_start__ + SIZEOF (.non_init))
                0x00000000                __non_init_size__ = SIZEOF (.non_init)
                0x20003440                __non_init_load_end__ = __non_init_end__
                0x00000001                . = ASSERT (((__non_init_start__ == __non_init_end__) || ((__non_init_end__ >= __RAM_segment_start__) && (__non_init_end__ <= __RAM_segment_end__))), error: .non_init is too large to fit in RAM memory segment)
                0x20003440                __heap_load_start__ = ALIGN (__non_init_end__, 0x4)

.heap           0x20003440       0x80
                0x20003440                __heap_start__ = .
 *(.heap .heap.*)
                0x200034c0                . = ALIGN (MAX ((__heap_start__ + __HEAPSIZE__), .), 0x4)
 *fill*         0x20003440       0x80 
                0x200034c0                __heap_end__ = (__heap_start__ + SIZEOF (.heap))
                0x00000080                __heap_size__ = SIZEOF (.heap)
                0x200034c0                __heap_load_end__ = __heap_end__
                0x00000001                . = ASSERT (((__heap_start__ == __heap_end__) || ((__heap_end__ >= __RAM_segment_start__) && (__heap_end__ <= __RAM_segment_end__))), error: .heap is too large to fit in RAM memory segment)
                0x200034c0                __stack_load_start__ = ALIGN (__heap_end__, 0x8)

.stack          0x200034c0      0x800
                0x200034c0                __stack_start__ = .
 *(.stack .stack.*)
                0x20003cc0                . = ALIGN (MAX ((__stack_start__ + __STACKSIZE__), .), 0x8)
 *fill*         0x200034c0      0x800 
                0x20003cc0                __stack_end__ = (__stack_start__ + SIZEOF (.stack))
                0x00000800                __stack_size__ = SIZEOF (.stack)
                0x20003cc0                __stack_load_end__ = __stack_end__
                0x00000001                . = ASSERT (((__stack_start__ == __stack_end__) || ((__stack_end__ >= __RAM_segment_start__) && (__stack_end__ <= __RAM_segment_end__))), error: .stack is too large to fit in RAM memory segment)
                0x20003cc0                __stack_process_load_start__ = ALIGN (__stack_end__, 0x8)

.stack_process  0x20003cc0        0x0
                0x20003cc0                __stack_process_start__ = .
 *(.stack_process .stack_process.*)
                0x20003cc0                . = ALIGN (MAX ((__stack_process_start__ + __STACKSIZE_PROCESS__), .), 0x8)
                0x20003cc0                __stack_process_end__ = (__stack_process_start__ + SIZEOF (.stack_process))
                0x00000000                __stack_process_size__ = SIZEOF (.stack_process)
                0x20003cc0                __stack_process_load_end__ = __stack_process_end__
                0x00000001                . = ASSERT (((__stack_process_start__ == __stack_process_end__) || ((__stack_process_end__ >= __RAM_segment_start__) && (__stack_process_end__ <= __RAM_segment_end__))), error: .stack_process is too large to fit in RAM memory segment)
                0x20003f60                __rtc_state_load_start__ = 0x20003f60

.rtc_state      0x20003f60       0x20
                0x20003f60                __rtc_state_start__ = .
 *(.rtc_state .rtc_state.*)
                0x20003f80                . = ALIGN (MAX ((__rtc_state_start__ + 0x20), .), 0x4)
 *fill*         0x20003f60       0x20 
                0x20003f80                __rtc_state_end__ = (__rtc_state_start__ + SIZEOF (.rtc_state))
                0x00000020                __rtc_state_size__ = SIZEOF (.rtc_state)
                0x20003f80                __rtc_state_load_end__ = __rtc_state_end__
                0x00000001                . = ASSERT (((__rtc_state_start__ == __rtc_state_end__) || ((__rtc_state_end__ >= __RAM_segment_start__) && (__rtc_state_end__ <= __RAM_segment_end__))), error: .rtc_state is too large to fit in RAM memory segment)
                0x00000001                . = ASSERT ((__stack_process_end__ <= __rtc_state_start__), error: section .stack_process overlaps absolute placed section .rtc_state)
                0x20003f80                __noinit_load_start__ = 0x20003f80

.noinit         0x20003f80       0x80
                0x20003f80                __noinit_start__ = .
 *(.noinit .noinit.*)
 .noinit        0x20003f80       0x3e dfu_dual_bank_ble_s130_pca10028 THUMB Debug/dfu_ble_svc.o
                0x20004000                . = ALIGN (MAX ((__noinit_start__ + 0x80), .), 0x4)
 *fill*         0x20003fbe       0x42 
                0x20004000                __noinit_end__ = (__noinit_start__ + SIZEOF (.noinit))
                0x00000080                __noinit_size__ = SIZEOF (.noinit)
                0x20004000                __noinit_load_end__ = __noinit_end__
                0x20004000                __RAM_segment_used_end__ = (0x20003f80 + SIZEOF (.noinit))
                0x00004000                __RAM_segment_used_size__ = (__RAM_segment_used_end__ - __RAM_segment_start__)
                0x00000001                . = ASSERT (((__noinit_start__ == __noinit_end__) || ((__noinit_end__ >= __RAM_segment_start__) && (__noinit_end__ <= __RAM_segment_end__))), error: .noinit is too large to fit in RAM memory segment)
                0x00000001                . = ASSERT ((__rtc_state_end__ <= __noinit_start__), error: section .rtc_state overlaps absolute placed section .noinit)
                0x0003fc00                __bootloaderSettings_load_start__ = 0x3fc00

.bootloaderSettings
                0x0003fc00      0x400
                0x0003fc00                __bootloaderSettings_start__ = .
 *(.bootloaderSettings .bootloaderSettings.*)
 .bootloaderSettings
                0x0003fc00      0x400 dfu_dual_bank_ble_s130_pca10028 THUMB Debug/bootloader_settings.o
                0x0003fc00                m_boot_settings
                0x00040000                . = ALIGN (MAX ((__bootloaderSettings_start__ + 0x400), .), 0x4)
                0x00040000                __bootloaderSettings_end__ = (__bootloaderSettings_start__ + SIZEOF (.bootloaderSettings))
                0x00000400                __bootloaderSettings_size__ = SIZEOF (.bootloaderSettings)
                0x00040000                __bootloaderSettings_load_end__ = __bootloaderSettings_end__
                0x00040000                __FLASH_segment_used_end__ = (0x3fc00 + SIZEOF (.bootloaderSettings))
                0x00040000                __FLASH_segment_used_size__ = (__FLASH_segment_used_end__ - __FLASH_segment_start__)
                0x00000001                . = ASSERT (((__bootloaderSettings_start__ == __bootloaderSettings_end__) || ((__bootloaderSettings_end__ >= __FLASH_segment_start__) && (__bootloaderSettings_end__ <= __FLASH_segment_end__))), error: .bootloaderSettings is too large to fit in FLASH memory segment)
                0x00000001                . = ASSERT ((__tdata_load_end__ <= __bootloaderSettings_start__), error: section .tdata overlaps absolute placed section .bootloaderSettings)
START GROUP
LOAD dfu_dual_bank_ble_s130_pca10028 THUMB Debug/thumb_crt0.o
LOAD dfu_dual_bank_ble_s130_pca10028 THUMB Debug/nRF51_Startup.o
LOAD dfu_dual_bank_ble_s130_pca10028 THUMB Debug/dfu_ble_svc.o
LOAD dfu_dual_bank_ble_s130_pca10028 THUMB Debug/main.o
LOAD dfu_dual_bank_ble_s130_pca10028 THUMB Debug/ble_advdata.o
LOAD dfu_dual_bank_ble_s130_pca10028 THUMB Debug/ble_conn_params.o
LOAD dfu_dual_bank_ble_s130_pca10028 THUMB Debug/ble_dfu.o
LOAD dfu_dual_bank_ble_s130_pca10028 THUMB Debug/ble_srv_common.o
LOAD dfu_dual_bank_ble_s130_pca10028 THUMB Debug/nrf_delay.o
LOAD dfu_dual_bank_ble_s130_pca10028 THUMB Debug/nrf_drv_common.o
LOAD dfu_dual_bank_ble_s130_pca10028 THUMB Debug/pstorage_raw.o
LOAD dfu_dual_bank_ble_s130_pca10028 THUMB Debug/app_error.o
LOAD dfu_dual_bank_ble_s130_pca10028 THUMB Debug/app_error_weak.o
LOAD dfu_dual_bank_ble_s130_pca10028 THUMB Debug/app_scheduler.o
LOAD dfu_dual_bank_ble_s130_pca10028 THUMB Debug/app_timer.o
LOAD dfu_dual_bank_ble_s130_pca10028 THUMB Debug/app_timer_appsh.o
LOAD dfu_dual_bank_ble_s130_pca10028 THUMB Debug/app_util_platform.o
LOAD dfu_dual_bank_ble_s130_pca10028 THUMB Debug/bootloader.o
LOAD dfu_dual_bank_ble_s130_pca10028 THUMB Debug/bootloader_settings.o
LOAD dfu_dual_bank_ble_s130_pca10028 THUMB Debug/bootloader_util.o
LOAD dfu_dual_bank_ble_s130_pca10028 THUMB Debug/crc16.o
LOAD dfu_dual_bank_ble_s130_pca10028 THUMB Debug/dfu_dual_bank.o
LOAD dfu_dual_bank_ble_s130_pca10028 THUMB Debug/dfu_init_template.o
LOAD dfu_dual_bank_ble_s130_pca10028 THUMB Debug/dfu_transport_ble.o
LOAD dfu_dual_bank_ble_s130_pca10028 THUMB Debug/hci_mem_pool.o
LOAD dfu_dual_bank_ble_s130_pca10028 THUMB Debug/nrf_assert.o
LOAD dfu_dual_bank_ble_s130_pca10028 THUMB Debug/softdevice_handler.o
LOAD dfu_dual_bank_ble_s130_pca10028 THUMB Debug/softdevice_handler_appsh.o
LOAD C:/Program Files (x86)/Rowley Associates Limited/CrossWorks for ARM 3.6/lib/libdebugio_mempoll_v6m_t_le_eabi.a
LOAD C:/Program Files (x86)/Rowley Associates Limited/CrossWorks for ARM 3.6/lib/libm_v6m_t_le_eabi.a
LOAD C:/Program Files (x86)/Rowley Associates Limited/CrossWorks for ARM 3.6/lib/libc_v6m_t_le_eabi.a
LOAD C:/Program Files (x86)/Rowley Associates Limited/CrossWorks for ARM 3.6/lib/libcpp_v6m_t_le_eabi.a
LOAD C:/Program Files (x86)/Rowley Associates Limited/CrossWorks for ARM 3.6/lib/libdebugio_v6m_t_le_eabi.a
LOAD C:/Program Files (x86)/Rowley Associates Limited/CrossWorks for ARM 3.6/lib/libvfprintf_v6m_t_le_eabi.o
LOAD C:/Program Files (x86)/Rowley Associates Limited/CrossWorks for ARM 3.6/lib/libvfscanf_v6m_t_le_eabi.o
END GROUP
OUTPUT(dfu_dual_bank_ble_s130_pca10028 THUMB Debug/dfu_dual_bank_ble_s130_pca10028.elf elf32-littlearm)

.ARM.attributes
                0x00000000       0x2d
 .ARM.attributes
                0x00000000       0x21 dfu_dual_bank_ble_s130_pca10028 THUMB Debug/thumb_crt0.o
 .ARM.attributes
                0x00000021       0x21 dfu_dual_bank_ble_s130_pca10028 THUMB Debug/nRF51_Startup.o
 .ARM.attributes
                0x00000042       0x31 dfu_dual_bank_ble_s130_pca10028 THUMB Debug/dfu_ble_svc.o
 .ARM.attributes
                0x00000073       0x31 dfu_dual_bank_ble_s130_pca10028 THUMB Debug/main.o
 .ARM.attributes
                0x000000a4       0x31 dfu_dual_bank_ble_s130_pca10028 THUMB Debug/ble_advdata.o
 .ARM.attributes
                0x000000d5       0x31 dfu_dual_bank_ble_s130_pca10028 THUMB Debug/ble_conn_params.o
 .ARM.attributes
                0x00000106       0x31 dfu_dual_bank_ble_s130_pca10028 THUMB Debug/ble_dfu.o
 .ARM.attributes
                0x00000137       0x31 dfu_dual_bank_ble_s130_pca10028 THUMB Debug/nrf_delay.o
 .ARM.attributes
                0x00000168       0x31 dfu_dual_bank_ble_s130_pca10028 THUMB Debug/pstorage_raw.o
 .ARM.attributes
                0x00000199       0x31 dfu_dual_bank_ble_s130_pca10028 THUMB Debug/app_error.o
 .ARM.attributes
                0x000001ca       0x31 dfu_dual_bank_ble_s130_pca10028 THUMB Debug/app_error_weak.o
 .ARM.attributes
                0x000001fb       0x31 dfu_dual_bank_ble_s130_pca10028 THUMB Debug/app_scheduler.o
 .ARM.attributes
                0x0000022c       0x31 dfu_dual_bank_ble_s130_pca10028 THUMB Debug/app_timer.o
 .ARM.attributes
                0x0000025d       0x31 dfu_dual_bank_ble_s130_pca10028 THUMB Debug/app_timer_appsh.o
 .ARM.attributes
                0x0000028e       0x31 dfu_dual_bank_ble_s130_pca10028 THUMB Debug/app_util_platform.o
 .ARM.attributes
                0x000002bf       0x31 dfu_dual_bank_ble_s130_pca10028 THUMB Debug/bootloader.o
 .ARM.attributes
                0x000002f0       0x31 dfu_dual_bank_ble_s130_pca10028 THUMB Debug/bootloader_settings.o
 .ARM.attributes
                0x00000321       0x31 dfu_dual_bank_ble_s130_pca10028 THUMB Debug/bootloader_util.o
 .ARM.attributes
                0x00000352       0x31 dfu_dual_bank_ble_s130_pca10028 THUMB Debug/crc16.o
 .ARM.attributes
                0x00000383       0x31 dfu_dual_bank_ble_s130_pca10028 THUMB Debug/dfu_dual_bank.o
 .ARM.attributes
                0x000003b4       0x31 dfu_dual_bank_ble_s130_pca10028 THUMB Debug/dfu_init_template.o
 .ARM.attributes
                0x000003e5       0x31 dfu_dual_bank_ble_s130_pca10028 THUMB Debug/dfu_transport_ble.o
 .ARM.attributes
                0x00000416       0x31 dfu_dual_bank_ble_s130_pca10028 THUMB Debug/hci_mem_pool.o
 .ARM.attributes
                0x00000447       0x31 dfu_dual_bank_ble_s130_pca10028 THUMB Debug/softdevice_handler.o
 .ARM.attributes
                0x00000478       0x31 dfu_dual_bank_ble_s130_pca10028 THUMB Debug/softdevice_handler_appsh.o
 .ARM.attributes
                0x000004a9       0x1b C:/Program Files (x86)/Rowley Associates Limited/CrossWorks for ARM 3.6/lib/libc_v6m_t_le_eabi.a(libc_asm.o)
 .ARM.attributes
                0x000004c4       0x2b C:/Program Files (x86)/Rowley Associates Limited/CrossWorks for ARM 3.6/lib/libc_v6m_t_le_eabi.a(libc2.o)
 .ARM.attributes
                0x000004ef       0x1b C:/Program Files (x86)/Rowley Associates Limited/CrossWorks for ARM 3.6/lib/libc_v6m_t_le_eabi.a(libc2_asm.o)

.comment        0x00000000       0x4e
 .comment       0x00000000       0x4e dfu_dual_bank_ble_s130_pca10028 THUMB Debug/dfu_ble_svc.o
                                 0x4f (size before relaxing)
 .comment       0x00000000       0x4f dfu_dual_bank_ble_s130_pca10028 THUMB Debug/main.o
 .comment       0x00000000       0x4f dfu_dual_bank_ble_s130_pca10028 THUMB Debug/ble_advdata.o
 .comment       0x00000000       0x4f dfu_dual_bank_ble_s130_pca10028 THUMB Debug/ble_conn_params.o
 .comment       0x00000000       0x4f dfu_dual_bank_ble_s130_pca10028 THUMB Debug/ble_dfu.o
 .comment       0x00000000       0x4f dfu_dual_bank_ble_s130_pca10028 THUMB Debug/nrf_delay.o
 .comment       0x00000000       0x4f dfu_dual_bank_ble_s130_pca10028 THUMB Debug/pstorage_raw.o
 .comment       0x00000000       0x4f dfu_dual_bank_ble_s130_pca10028 THUMB Debug/app_error.o
 .comment       0x00000000       0x4f dfu_dual_bank_ble_s130_pca10028 THUMB Debug/app_error_weak.o
 .comment       0x00000000       0x4f dfu_dual_bank_ble_s130_pca10028 THUMB Debug/app_scheduler.o
 .comment       0x00000000       0x4f dfu_dual_bank_ble_s130_pca10028 THUMB Debug/app_timer.o
 .comment       0x00000000       0x4f dfu_dual_bank_ble_s130_pca10028 THUMB Debug/app_timer_appsh.o
 .comment       0x00000000       0x4f dfu_dual_bank_ble_s130_pca10028 THUMB Debug/app_util_platform.o
 .comment       0x00000000       0x4f dfu_dual_bank_ble_s130_pca10028 THUMB Debug/bootloader.o
 .comment       0x00000000       0x4f dfu_dual_bank_ble_s130_pca10028 THUMB Debug/bootloader_settings.o
 .comment       0x00000000       0x4f dfu_dual_bank_ble_s130_pca10028 THUMB Debug/bootloader_util.o
 .comment       0x00000000       0x4f dfu_dual_bank_ble_s130_pca10028 THUMB Debug/crc16.o
 .comment       0x00000000       0x4f dfu_dual_bank_ble_s130_pca10028 THUMB Debug/dfu_dual_bank.o
 .comment       0x00000000       0x4f dfu_dual_bank_ble_s130_pca10028 THUMB Debug/dfu_init_template.o
 .comment       0x00000000       0x4f dfu_dual_bank_ble_s130_pca10028 THUMB Debug/dfu_transport_ble.o
 .comment       0x00000000       0x4f dfu_dual_bank_ble_s130_pca10028 THUMB Debug/hci_mem_pool.o
 .comment       0x00000000       0x4f dfu_dual_bank_ble_s130_pca10028 THUMB Debug/softdevice_handler.o
 .comment       0x00000000       0x4f dfu_dual_bank_ble_s130_pca10028 THUMB Debug/softdevice_handler_appsh.o
 .comment       0x00000000       0x4f C:/Program Files (x86)/Rowley Associates Limited/CrossWorks for ARM 3.6/lib/libc_v6m_t_le_eabi.a(libc2.o)

.debug_line     0x00000000     0xe558
 .debug_line    0x00000000      0x251 dfu_dual_bank_ble_s130_pca10028 THUMB Debug/thumb_crt0.o
 .debug_line    0x00000251       0xda dfu_dual_bank_ble_s130_pca10028 THUMB Debug/nRF51_Startup.o
 .debug_line    0x0000032b      0x93e dfu_dual_bank_ble_s130_pca10028 THUMB Debug/dfu_ble_svc.o
 .debug_line    0x00000c69     0x11af dfu_dual_bank_ble_s130_pca10028 THUMB Debug/main.o
 .debug_line    0x00001e18      0xcb8 dfu_dual_bank_ble_s130_pca10028 THUMB Debug/ble_advdata.o
 .debug_line    0x00002ad0      0xaf7 dfu_dual_bank_ble_s130_pca10028 THUMB Debug/ble_conn_params.o
 .debug_line    0x000035c7      0xc2f dfu_dual_bank_ble_s130_pca10028 THUMB Debug/ble_dfu.o
 .debug_line    0x000041f6      0x2fc dfu_dual_bank_ble_s130_pca10028 THUMB Debug/nrf_delay.o
 .debug_line    0x000044f2      0x903 dfu_dual_bank_ble_s130_pca10028 THUMB Debug/pstorage_raw.o
 .debug_line    0x00004df5      0x483 dfu_dual_bank_ble_s130_pca10028 THUMB Debug/app_error.o
 .debug_line    0x00005278      0x43c dfu_dual_bank_ble_s130_pca10028 THUMB Debug/app_error_weak.o
 .debug_line    0x000056b4      0x846 dfu_dual_bank_ble_s130_pca10028 THUMB Debug/app_scheduler.o
 .debug_line    0x00005efa      0xce8 dfu_dual_bank_ble_s130_pca10028 THUMB Debug/app_timer.o