Archive member included because of file (symbol)

C:/Program Files (x86)/Rowley Associates Limited/CrossWorks for ARM 3.6/lib/libc_v6m_t_le_eabi.a(libc_asm.o)
                              dfu_single_bank_serial_s130_pca10028 THUMB Debug/pstorage_raw.o (__aeabi_uidiv)
C:/Program Files (x86)/Rowley Associates Limited/CrossWorks for ARM 3.6/lib/libc_v6m_t_le_eabi.a(libc2_asm.o)
                              dfu_single_bank_serial_s130_pca10028 THUMB Debug/main.o (memcpy)
C:/Program Files (x86)/Rowley Associates Limited/CrossWorks for ARM 3.6/lib/libm_v6m_t_le_eabi.a(libm_asm.o)
                              C:/Program Files (x86)/Rowley Associates Limited/CrossWorks for ARM 3.6/lib/libvfscanf_v6m_t_le_eabi.o (__aeabi_i2d)
C:/Program Files (x86)/Rowley Associates Limited/CrossWorks for ARM 3.6/lib/libm_v6m_t_le_eabi.a(libm2.o)
                              C:/Program Files (x86)/Rowley Associates Limited/CrossWorks for ARM 3.6/lib/libvfprintf_v6m_t_le_eabi.o (frexp)
C:/Program Files (x86)/Rowley Associates Limited/CrossWorks for ARM 3.6/lib/libm_v6m_t_le_eabi.a(libm2_asm.o)
                              C:/Program Files (x86)/Rowley Associates Limited/CrossWorks for ARM 3.6/lib/libm_v6m_t_le_eabi.a(libm2.o) (fabs)
C:/Program Files (x86)/Rowley Associates Limited/CrossWorks for ARM 3.6/lib/libc_v6m_t_le_eabi.a(libc2.o)
                              C:/Program Files (x86)/Rowley Associates Limited/CrossWorks for ARM 3.6/lib/libvfscanf_v6m_t_le_eabi.o (__getc)

Discarded input sections

 .text          0x00000000        0x0 dfu_single_bank_serial_s130_pca10028 THUMB Debug/thumb_crt0.o
 .data          0x00000000        0x0 dfu_single_bank_serial_s130_pca10028 THUMB Debug/thumb_crt0.o
 .bss           0x00000000        0x0 dfu_single_bank_serial_s130_pca10028 THUMB Debug/thumb_crt0.o
 .text.__aeabi_read_tp
                0x00000000        0x8 dfu_single_bank_serial_s130_pca10028 THUMB Debug/thumb_crt0.o
 .text.__heap_lock
                0x00000000        0x2 dfu_single_bank_serial_s130_pca10028 THUMB Debug/thumb_crt0.o
 .text.__heap_unlock
                0x00000000        0x2 dfu_single_bank_serial_s130_pca10028 THUMB Debug/thumb_crt0.o
 .text.__printf_lock
                0x00000000        0x2 dfu_single_bank_serial_s130_pca10028 THUMB Debug/thumb_crt0.o
 .text.__printf_unlock
                0x00000000        0x2 dfu_single_bank_serial_s130_pca10028 THUMB Debug/thumb_crt0.o
 .text.__scanf_lock
                0x00000000        0x2 dfu_single_bank_serial_s130_pca10028 THUMB Debug/thumb_crt0.o
 .text.__scanf_unlock
                0x00000000        0x2 dfu_single_bank_serial_s130_pca10028 THUMB Debug/thumb_crt0.o
 .text.__debug_io_lock
                0x00000000        0x2 dfu_single_bank_serial_s130_pca10028 THUMB Debug/thumb_crt0.o
 .text.__debug_io_unlock
                0x00000000        0x2 dfu_single_bank_serial_s130_pca10028 THUMB Debug/thumb_crt0.o
 .text.abort    0x00000000        0x2 dfu_single_bank_serial_s130_pca10028 THUMB Debug/thumb_crt0.o
 .text.__assert
                0x00000000        0x2 dfu_single_bank_serial_s130_pca10028 THUMB Debug/thumb_crt0.o
 .text.__aeabi_assert
                0x00000000        0x2 dfu_single_bank_serial_s130_pca10028 THUMB Debug/thumb_crt0.o
 .text.__cxa_pure_virtual
                0x00000000        0x2 dfu_single_bank_serial_s130_pca10028 THUMB Debug/thumb_crt0.o
 .text.__cxa_guard_acquire
                0x00000000       0x10 dfu_single_bank_serial_s130_pca10028 THUMB Debug/thumb_crt0.o
 .text.__cxa_guard_release
                0x00000000        0x6 dfu_single_bank_serial_s130_pca10028 THUMB Debug/thumb_crt0.o
 .text.__cxa_guard_abort
                0x00000000        0x2 dfu_single_bank_serial_s130_pca10028 THUMB Debug/thumb_crt0.o
 .text.__getchar
                0x00000000        0x8 dfu_single_bank_serial_s130_pca10028 THUMB Debug/thumb_crt0.o
 .text.__putchar
                0x00000000        0x8 dfu_single_bank_serial_s130_pca10028 THUMB Debug/thumb_crt0.o
 .bss.__user_locale_name_buffer
                0x00000000        0x4 dfu_single_bank_serial_s130_pca10028 THUMB Debug/thumb_crt0.o
 .stack         0x00000000        0x0 dfu_single_bank_serial_s130_pca10028 THUMB Debug/thumb_crt0.o
 .stack_process
                0x00000000        0x0 dfu_single_bank_serial_s130_pca10028 THUMB Debug/thumb_crt0.o
 .heap          0x00000000        0x0 dfu_single_bank_serial_s130_pca10028 THUMB Debug/thumb_crt0.o
 .text          0x00000000        0x0 dfu_single_bank_serial_s130_pca10028 THUMB Debug/nRF51_Startup.o
 .data          0x00000000        0x0 dfu_single_bank_serial_s130_pca10028 THUMB Debug/nRF51_Startup.o
 .bss           0x00000000        0x0 dfu_single_bank_serial_s130_pca10028 THUMB Debug/nRF51_Startup.o
 .group         0x00000000        0x8 dfu_single_bank_serial_s130_pca10028 THUMB Debug/main.o
 .group         0x00000000        0x8 dfu_single_bank_serial_s130_pca10028 THUMB Debug/main.o
[...]
Memory Configuration

Name             Origin             Length             Attributes
UNPLACED_SECTIONS 0xffffffff         0x00000000         xw
AHB              0x50000000         0x00001000         xw
APB              0x40000000         0x00020000         xw
RAM              0x20000000         0x00004000         xw
UICR             0x10001000         0x00000100         xr
FICR             0x10000000         0x00000100         xr
FLASH            0x00000000         0x00040000         xr
*default*        0x00000000         0xffffffff

Linker script and memory map

                0x00000000                __vfprintf = __vfprintf_float_long_long
                0x00000000                __vfscanf = __vfscanf_float_long_long_cc
                0x50000000                __AHB_segment_start__ = 0x50000000
                0x50001000                __AHB_segment_end__ = 0x50001000
                0x00001000                __AHB_segment_size__ = 0x1000
                0x40000000                __APB_segment_start__ = 0x40000000
                0x40020000                __APB_segment_end__ = 0x40020000
                0x00020000                __APB_segment_size__ = 0x20000
                0x20000000                __RAM_segment_start__ = 0x20000000
                0x20004000                __RAM_segment_end__ = 0x20004000
                0x00004000                __RAM_segment_size__ = 0x4000
                0x10001000                __UICR_segment_start__ = 0x10001000
                0x10001100                __UICR_segment_end__ = 0x10001100
                0x00000100                __UICR_segment_size__ = 0x100
                0x10000000                __FICR_segment_start__ = 0x10000000
                0x10000100                __FICR_segment_end__ = 0x10000100
                0x00000100                __FICR_segment_size__ = 0x100
                0x00000000                __FLASH_segment_start__ = 0x0
                0x00040000                __FLASH_segment_end__ = 0x40000
                0x00040000                __FLASH_segment_size__ = 0x40000
                0x00000080                __HEAPSIZE__ = 0x80
                0x00000000                __STACKSIZE_ABT__ = 0x0
                0x00000000                __STACKSIZE_FIQ__ = 0x0
                0x00000000                __STACKSIZE_IRQ__ = 0x0
                0x00000000                __STACKSIZE_PROCESS__ = 0x0
                0x00000000                __STACKSIZE_SVC__ = 0x0
                0x00000000                __STACKSIZE_UND__ = 0x0
                0x00000400                __STACKSIZE__ = 0x400
                0x10001000                __uicr_start_load_start__ = 0x10001000

.uicr_start     0x10001000       0x14
                0x10001000                __uicr_start_start__ = .
 *(.uicr_start .uicr_start.*)
                0x10001014                . = ALIGN (MAX ((__uicr_start_start__ + 0x14), .), 0x4)
 *fill*         0x10001000       0x14 
                0x10001014                __uicr_start_end__ = (__uicr_start_start__ + SIZEOF (.uicr_start))
                0x00000014                __uicr_start_size__ = SIZEOF (.uicr_start)
                0x10001014                __uicr_start_load_end__ = __uicr_start_end__
                0x00000001                . = ASSERT (((__uicr_start_start__ == __uicr_start_end__) || ((__uicr_start_end__ >= __UICR_segment_start__) && (__uicr_start_end__ <= __UICR_segment_end__))), error: .uicr_start is too large to fit in UICR memory segment)
                0x10001014                __uicrBootStartAddress_load_start__ = 0x10001014

.uicrBootStartAddress
                0x10001014        0x4
                0x10001014                __uicrBootStartAddress_start__ = .
 *(.uicrBootStartAddress .uicrBootStartAddress.*)
                0x10001018                . = ALIGN (MAX ((__uicrBootStartAddress_start__ + 0x4), .), 0x4)
 *fill*         0x10001014        0x4 
                0x10001018                __uicrBootStartAddress_end__ = (__uicrBootStartAddress_start__ + SIZEOF (.uicrBootStartAddress))
                0x00000004                __uicrBootStartAddress_size__ = SIZEOF (.uicrBootStartAddress)
                0x10001018                __uicrBootStartAddress_load_end__ = __uicrBootStartAddress_end__
                0x10001018                __UICR_segment_used_end__ = (0x10001014 + SIZEOF (.uicrBootStartAddress))
                0x00000018                __UICR_segment_used_size__ = (__UICR_segment_used_end__ - __UICR_segment_start__)
                0x00000001                . = ASSERT (((__uicrBootStartAddress_start__ == __uicrBootStartAddress_end__) || ((__uicrBootStartAddress_end__ >= __UICR_segment_start__) && (__uicrBootStartAddress_end__ <= __UICR_segment_end__))), error: .uicrBootStartAddress is too large to fit in UICR memory segment)
                0x00000001                . = ASSERT ((__uicr_start_end__ <= __uicrBootStartAddress_start__), error: section .uicr_start overlaps absolute placed section .uicrBootStartAddress)
                0x20000000                __S130_RAM_load_start__ = 0x20000000

.S130_RAM       0x20000000     0x2c00
                0x20000000                __S130_RAM_start__ = .
 *(.S130_RAM .S130_RAM.*)
                0x20002c00                . = ALIGN (MAX ((__S130_RAM_start__ + 0x2c00), .), 0x100)
 *fill*         0x20000000     0x2c00 
                0x20002c00                __S130_RAM_end__ = (__S130_RAM_start__ + SIZEOF (.S130_RAM))
                0x00002c00                __S130_RAM_size__ = SIZEOF (.S130_RAM)
                0x20002c00                __S130_RAM_load_end__ = __S130_RAM_end__
                0x00000001                . = ASSERT (((__S130_RAM_start__ == __S130_RAM_end__) || ((__S130_RAM_end__ >= __RAM_segment_start__) && (__S130_RAM_end__ <= __RAM_segment_end__))), error: .S130_RAM is too large to fit in RAM memory segment)
                0x20002c00                __vectors_ram_load_start__ = 0x20002c00

.vectors_ram    0x20002c00        0x0
                0x20002c00                __vectors_ram_start__ = .
 *(.vectors_ram .vectors_ram.*)
                0x20002c00                __vectors_ram_end__ = (__vectors_ram_start__ + SIZEOF (.vectors_ram))
                0x00000000                __vectors_ram_size__ = SIZEOF (.vectors_ram)
                0x20002c00                __vectors_ram_load_end__ = __vectors_ram_end__
                0x00000001                . = ASSERT (((__vectors_ram_start__ == __vectors_ram_end__) || ((__vectors_ram_end__ >= __RAM_segment_start__) && (__vectors_ram_end__ <= __RAM_segment_end__))), error: .vectors_ram is too large to fit in RAM memory segment)
                0x00000001                . = ASSERT ((__S130_RAM_end__ <= __vectors_ram_start__), error: section .S130_RAM overlaps absolute placed section .vectors_ram)
                0x00000000                __S130_SoftDevice_load_start__ = 0x0

.S130_SoftDevice
                0x00000000    0x1b000
                0x00000000                __S130_SoftDevice_start__ = .
 *(.S130_SoftDevice .S130_SoftDevice.*)
                0x0001b000                . = ALIGN (MAX ((__S130_SoftDevice_start__ + 0x1b000), .), 0x100)
 *fill*         0x00000000    0x1b000 
                0x0001b000                __S130_SoftDevice_end__ = (__S130_SoftDevice_start__ + SIZEOF (.S130_SoftDevice))
                0x0001b000                __S130_SoftDevice_size__ = SIZEOF (.S130_SoftDevice)
                0x0001b000                __S130_SoftDevice_load_end__ = __S130_SoftDevice_end__
                0x00000001                . = ASSERT (((__S130_SoftDevice_start__ == __S130_SoftDevice_end__) || ((__S130_SoftDevice_end__ >= __FLASH_segment_start__) && (__S130_SoftDevice_end__ <= __FLASH_segment_end__))), error: .S130_SoftDevice is too large to fit in FLASH memory segment)
                0x0001b000                __reserved_for_app_load_start__ = 0x1b000

.reserved_for_app
                0x0001b000    0x1d000
                0x0001b000                __reserved_for_app_start__ = .
 *(.reserved_for_app .reserved_for_app.*)
                0x00038000                . = ALIGN (MAX ((__reserved_for_app_start__ + 0x1d000), .), 0x100)
 *fill*         0x0001b000    0x1d000 
                0x00038000                __reserved_for_app_end__ = (__reserved_for_app_start__ + SIZEOF (.reserved_for_app))
                0x0001d000                __reserved_for_app_size__ = SIZEOF (.reserved_for_app)
                0x00038000                __reserved_for_app_load_end__ = __reserved_for_app_end__
                0x00000001                . = ASSERT (((__reserved_for_app_start__ == __reserved_for_app_end__) || ((__reserved_for_app_end__ >= __FLASH_segment_start__) && (__reserved_for_app_end__ <= __FLASH_segment_end__))), error: .reserved_for_app is too large to fit in FLASH memory segment)
                0x00000001                . = ASSERT ((__S130_SoftDevice_end__ <= __reserved_for_app_start__), error: section .S130_SoftDevice overlaps absolute placed section .reserved_for_app)
                0x00038000                __vectors_load_start__ = 0x38000

.vectors        0x00038000       0xc0
                0x00038000                __vectors_start__ = .
 *(.vectors .vectors.*)
 .vectors       0x00038000       0xc0 dfu_single_bank_serial_s130_pca10028 THUMB Debug/nRF51_Startup.o
                0x00038000                _vectors
                0x000380c0                __vectors_end__ = (__vectors_start__ + SIZEOF (.vectors))
                0x000000c0                __vectors_size__ = SIZEOF (.vectors)
                0x000380c0                __vectors_load_end__ = __vectors_end__
                0x00000001                . = ASSERT (((__vectors_start__ == __vectors_end__) || ((__vectors_end__ >= __FLASH_segment_start__) && (__vectors_end__ <= __FLASH_segment_end__))), error: .vectors is too large to fit in FLASH memory segment)
                0x00000001                . = ASSERT ((__reserved_for_app_end__ <= __vectors_start__), error: section .reserved_for_app overlaps absolute placed section .vectors)
                0x000380c0                __init_load_start__ = ALIGN (__vectors_end__, 0x4)

.init           0x000380c0      0x1c8
                0x000380c0                __init_start__ = .
 *(.init .init.*)
 .init          0x000380c0      0x158 dfu_single_bank_serial_s130_pca10028 THUMB Debug/thumb_crt0.o
                0x000380c0                _start
                0x00038172                exit
 .init          0x00038218       0x70 dfu_single_bank_serial_s130_pca10028 THUMB Debug/nRF51_Startup.o
                0x00038218                NMI_Handler
                0x0003821a                HardFault_Handler
                0x0003821c                MemManage_Handler
                0x0003821e                BusFault_Handler
                0x00038220                UsageFault_Handler
                0x00038222                SVC_Handler
                0x00038224                DebugMon_Handler
                0x00038226                PendSV_Handler
                0x00038228                SysTick_Handler
                0x0003822a                POWER_CLOCK_IRQHandler
                0x0003822c                RADIO_IRQHandler
                0x00038230                SPI0_TWI0_IRQHandler
                0x00038232                SPI1_TWI1_IRQHandler
                0x00038234                GPIOTE_IRQHandler
                0x00038236                ADC_IRQHandler
                0x00038238                TIMER0_IRQHandler
                0x0003823a                TIMER1_IRQHandler
                0x0003823c                TIMER2_IRQHandler
                0x0003823e                RTC0_IRQHandler
                0x00038240                TEMP_IRQHandler
                0x00038242                RNG_IRQHandler
                0x00038244                ECB_IRQHandler
                0x00038246                CCM_AAR_IRQHandler
                0x00038248                WDT_IRQHandler
                0x0003824c                QDEC_IRQHandler
                0x0003824e                LPCOMP_COMP_IRQHandler
                0x00038252                SWI1_IRQHandler
                0x00038256                SWI3_IRQHandler
                0x00038258                SWI4_IRQHandler
                0x0003825a                SWI5_IRQHandler
                0x0003825c                reset_handler
                0x00038288                __init_end__ = (__init_start__ + SIZEOF (.init))
                0x000001c8                __init_size__ = SIZEOF (.init)
                0x00038288                __init_load_end__ = __init_end__
                0x00000001                . = ASSERT (((__init_start__ == __init_end__) || ((__init_end__ >= __FLASH_segment_start__) && (__init_end__ <= __FLASH_segment_end__))), error: .init is too large to fit in FLASH memory segment)
                0x00038288                __init_rodata_load_start__ = ALIGN (__init_end__, 0x4)

.init_rodata    0x00038288        0x0
                0x00038288                __init_rodata_start__ = .
 *(.init_rodata .init_rodata.*)
                0x00038288                __init_rodata_end__ = (__init_rodata_start__ + SIZEOF (.init_rodata))
                0x00000000                __init_rodata_size__ = SIZEOF (.init_rodata)
                0x00038288                __init_rodata_load_end__ = __init_rodata_end__
                0x00000001                . = ASSERT (((__init_rodata_start__ == __init_rodata_end__) || ((__init_rodata_end__ >= __FLASH_segment_start__) && (__init_rodata_end__ <= __FLASH_segment_end__))), error: .init_rodata is too large to fit in FLASH memory segment)
                0x00038288                __text_load_start__ = ALIGN (__init_rodata_end__, 0x4)

.text           0x00038288     0x60a0
                0x00038288                __text_start__ = .
 *(.text .text.* .glue_7t .glue_7 .gnu.linkonce.t.* .gcc_except_table .ARM.extab* .gnu.linkonce.armextab.*)
 .glue_7        0x00000000        0x0 linker stubs
 .glue_7t       0x00000000        0x0 linker stubs
 .text.NVIC_SystemReset
                0x00038288       0x1c dfu_single_bank_serial_s130_pca10028 THUMB Debug/main.o
 .text.sd_softdevice_vector_table_base_set
                0x000382a4        0x8 dfu_single_bank_serial_s130_pca10028 THUMB Debug/main.o
 .text.sd_mbr_command
                0x000382ac        0x8 dfu_single_bank_serial_s130_pca10028 THUMB Debug/main.o
 .text.nrf_gpio_range_cfg_output
                0x000382b4       0x24 dfu_single_bank_serial_s130_pca10028 THUMB Debug/main.o
 .text.nrf_gpio_cfg
                0x000382d8       0x60 dfu_single_bank_serial_s130_pca10028 THUMB Debug/main.o
 .text.nrf_gpio_cfg_output
                0x00038338       0x20 dfu_single_bank_serial_s130_pca10028 THUMB Debug/main.o
 .text.nrf_gpio_cfg_sense_input
                0x00038358       0x40 dfu_single_bank_serial_s130_pca10028 THUMB Debug/main.o
 .text.nrf_gpio_pin_set
                0x00038398       0x18 dfu_single_bank_serial_s130_pca10028 THUMB Debug/main.o
 .text.nrf_gpio_pins_set
                0x000383b0       0x14 dfu_single_bank_serial_s130_pca10028 THUMB Debug/main.o
 .text.nrf_gpio_pin_clear
                0x000383c4       0x1c dfu_single_bank_serial_s130_pca10028 THUMB Debug/main.o
 .text.nrf_gpio_pin_read
                0x000383e0       0x20 dfu_single_bank_serial_s130_pca10028 THUMB Debug/main.o
 .text.leds_init
                0x00038400       0x18 dfu_single_bank_serial_s130_pca10028 THUMB Debug/main.o
 .text.timers_init
                0x00038418       0x3c dfu_single_bank_serial_s130_pca10028 THUMB Debug/main.o
 .text.buttons_init
                0x00038454       0x10 dfu_single_bank_serial_s130_pca10028 THUMB Debug/main.o
 .text.sys_evt_dispatch
                0x00038464       0x14 dfu_single_bank_serial_s130_pca10028 THUMB Debug/main.o
 .text.ble_stack_init
                0x00038478      0x14c dfu_single_bank_serial_s130_pca10028 THUMB Debug/main.o
 .text.scheduler_init
                0x000385c4       0x38 dfu_single_bank_serial_s130_pca10028 THUMB Debug/main.o
 .text.main     0x000385fc      0x1f8 dfu_single_bank_serial_s130_pca10028 THUMB Debug/main.o
                0x000385fc                main
 .text.SystemInit
                0x000387f4       0x6c dfu_single_bank_serial_s130_pca10028 THUMB Debug/system_nrf51.o
                0x000387f4                SystemInit
 .text.is_manual_peripheral_setup_needed
                0x00038860       0x78 dfu_single_bank_serial_s130_pca10028 THUMB Debug/system_nrf51.o
 .text.is_disabled_in_debug_needed
                0x000388d8       0x48 dfu_single_bank_serial_s130_pca10028 THUMB Debug/system_nrf51.o
 .text.is_peripheral_domain_setup_needed
                0x00038920       0x60 dfu_single_bank_serial_s130_pca10028 THUMB Debug/system_nrf51.o
 .text.uart_event_handler
                0x00038980       0x90 dfu_single_bank_serial_s130_pca10028 THUMB Debug/app_uart.o
                0x00038980                uart_event_handler
 .text.app_uart_init
                0x00038a10       0xdc dfu_single_bank_serial_s130_pca10028 THUMB Debug/app_uart.o
                0x00038a10                app_uart_init
 .text.app_uart_put
                0x00038aec       0x44 dfu_single_bank_serial_s130_pca10028 THUMB Debug/app_uart.o
                0x00038aec                app_uart_put
 .text.app_uart_close
                0x00038b30        0xc dfu_single_bank_serial_s130_pca10028 THUMB Debug/app_uart.o
                0x00038b30                app_uart_close
 .text.nrf_delay_ms
                0x00038b3c       0x40 dfu_single_bank_serial_s130_pca10028 THUMB Debug/nrf_delay.o
                0x00038b3c                nrf_delay_ms
 .text.NVIC_EnableIRQ
                0x00038b7c       0x28 dfu_single_bank_serial_s130_pca10028 THUMB Debug/nrf_drv_common.o
 .text.NVIC_ClearPendingIRQ
                0x00038ba4       0x2c dfu_single_bank_serial_s130_pca10028 THUMB Debug/nrf_drv_common.o
 .text.NVIC_SetPriority
                0x00038bd0       0xe4 dfu_single_bank_serial_s130_pca10028 THUMB Debug/nrf_drv_common.o
 .text.nrf_drv_common_irq_enable
                0x00038cb4       0x4c dfu_single_bank_serial_s130_pca10028 THUMB Debug/nrf_drv_common.o
                0x00038cb4                nrf_drv_common_irq_enable
 .text.NVIC_DisableIRQ
                0x00038d00       0x2c dfu_single_bank_serial_s130_pca10028 THUMB Debug/nrf_drv_uart.o
 .text.nrf_uart_event_clear
                0x00038d2c       0x20 dfu_single_bank_serial_s130_pca10028 THUMB Debug/nrf_drv_uart.o
 .text.nrf_uart_event_check
                0x00038d4c       0x24 dfu_single_bank_serial_s130_pca10028 THUMB Debug/nrf_drv_uart.o
 .text.nrf_uart_int_enable
                0x00038d70       0x14 dfu_single_bank_serial_s130_pca10028 THUMB Debug/nrf_drv_uart.o
 .text.nrf_uart_int_enable_check
                0x00038d84       0x20 dfu_single_bank_serial_s130_pca10028 THUMB Debug/nrf_drv_uart.o
 .text.nrf_uart_int_disable
                0x00038da4       0x14 dfu_single_bank_serial_s130_pca10028 THUMB Debug/nrf_drv_uart.o
 .text.nrf_uart_errorsrc_get_and_clear
                0x00038db8       0x20 dfu_single_bank_serial_s130_pca10028 THUMB Debug/nrf_drv_uart.o
 .text.nrf_uart_enable
                0x00038dd8       0x14 dfu_single_bank_serial_s130_pca10028 THUMB Debug/nrf_drv_uart.o
 .text.nrf_uart_disable
                0x00038dec       0x14 dfu_single_bank_serial_s130_pca10028 THUMB Debug/nrf_drv_uart.o
 .text.nrf_uart_txrx_pins_set
                0x00038e00       0x24 dfu_single_bank_serial_s130_pca10028 THUMB Debug/nrf_drv_uart.o
 .text.nrf_uart_txrx_pins_disconnect
                0x00038e24       0x20 dfu_single_bank_serial_s130_pca10028 THUMB Debug/nrf_drv_uart.o
 .text.nrf_uart_tx_pin_get
                0x00038e44       0x14 dfu_single_bank_serial_s130_pca10028 THUMB Debug/nrf_drv_uart.o
 .text.nrf_uart_rx_pin_get
                0x00038e58       0x14 dfu_single_bank_serial_s130_pca10028 THUMB Debug/nrf_drv_uart.o
 .text.nrf_uart_rts_pin_get
                0x00038e6c       0x14 dfu_single_bank_serial_s130_pca10028 THUMB Debug/nrf_drv_uart.o
 .text.nrf_uart_cts_pin_get
                0x00038e80       0x14 dfu_single_bank_serial_s130_pca10028 THUMB Debug/nrf_drv_uart.o
 .text.nrf_uart_hwfc_pins_set
                0x00038e94       0x20 dfu_single_bank_serial_s130_pca10028 THUMB Debug/nrf_drv_uart.o
 .text.nrf_uart_hwfc_pins_disconnect
                0x00038eb4       0x20 dfu_single_bank_serial_s130_pca10028 THUMB Debug/nrf_drv_uart.o
 .text.nrf_uart_rxd_get
                0x00038ed4       0x14 dfu_single_bank_serial_s130_pca10028 THUMB Debug/nrf_drv_uart.o
 .text.nrf_uart_txd_set
                0x00038ee8       0x20 dfu_single_bank_serial_s130_pca10028 THUMB Debug/nrf_drv_uart.o
 .text.nrf_uart_task_trigger
                0x00038f08       0x20 dfu_single_bank_serial_s130_pca10028 THUMB Debug/nrf_drv_uart.o
 .text.nrf_uart_configure
                0x00038f28       0x38 dfu_single_bank_serial_s130_pca10028 THUMB Debug/nrf_drv_uart.o
 .text.nrf_uart_baudrate_set
                0x00038f60       0x18 dfu_single_bank_serial_s130_pca10028 THUMB Debug/nrf_drv_uart.o
 .text.nrf_drv_common_irq_disable
                0x00038f78       0x20 dfu_single_bank_serial_s130_pca10028 THUMB Debug/nrf_drv_uart.o
 .text.nrf_gpio_cfg
                0x00038f98       0x60 dfu_single_bank_serial_s130_pca10028 THUMB Debug/nrf_drv_uart.o
 .text.nrf_gpio_cfg_output
                0x00038ff8       0x20 dfu_single_bank_serial_s130_pca10028 THUMB Debug/nrf_drv_uart.o
 .text.nrf_gpio_cfg_input
                0x00039018       0x30 dfu_single_bank_serial_s130_pca10028 THUMB Debug/nrf_drv_uart.o
 .text.nrf_gpio_cfg_default
                0x00039048       0x20 dfu_single_bank_serial_s130_pca10028 THUMB Debug/nrf_drv_uart.o
 .text.nrf_gpio_pin_set
                0x00039068       0x18 dfu_single_bank_serial_s130_pca10028 THUMB Debug/nrf_drv_uart.o
 .text.apply_config
                0x00039080       0xa0 dfu_single_bank_serial_s130_pca10028 THUMB Debug/nrf_drv_uart.o
 .text.interrupts_enable
                0x00039120       0x50 dfu_single_bank_serial_s130_pca10028 THUMB Debug/nrf_drv_uart.o
 .text.interrupts_disable
                0x00039170       0x20 dfu_single_bank_serial_s130_pca10028 THUMB Debug/nrf_drv_uart.o
 .text.pins_to_default
                0x00039190       0x78 dfu_single_bank_serial_s130_pca10028 THUMB Debug/nrf_drv_uart.o
 .text.uart_enable
                0x00039208       0x10 dfu_single_bank_serial_s130_pca10028 THUMB Debug/nrf_drv_uart.o
 .text.uart_disable
                0x00039218       0x10 dfu_single_bank_serial_s130_pca10028 THUMB Debug/nrf_drv_uart.o
 .text.nrf_drv_uart_init
                0x00039228       0x78 dfu_single_bank_serial_s130_pca10028 THUMB Debug/nrf_drv_uart.o
                0x00039228                nrf_drv_uart_init
 .text.nrf_drv_uart_uninit
                0x000392a0       0x28 dfu_single_bank_serial_s130_pca10028 THUMB Debug/nrf_drv_uart.o
                0x000392a0                nrf_drv_uart_uninit
 .text.tx_byte  0x000392c8       0x50 dfu_single_bank_serial_s130_pca10028 THUMB Debug/nrf_drv_uart.o
 .text.nrf_drv_uart_tx_for_uart
                0x00039318       0xd0 dfu_single_bank_serial_s130_pca10028 THUMB Debug/nrf_drv_uart.o
 .text.nrf_drv_uart_tx
                0x000393e8       0x40 dfu_single_bank_serial_s130_pca10028 THUMB Debug/nrf_drv_uart.o
                0x000393e8                nrf_drv_uart_tx
 .text.nrf_drv_uart_tx_in_progress
                0x00039428       0x14 dfu_single_bank_serial_s130_pca10028 THUMB Debug/nrf_drv_uart.o
                0x00039428                nrf_drv_uart_tx_in_progress
 .text.rx_enable
                0x0003943c       0x30 dfu_single_bank_serial_s130_pca10028 THUMB Debug/nrf_drv_uart.o
 .text.rx_byte  0x0003946c       0x60 dfu_single_bank_serial_s130_pca10028 THUMB Debug/nrf_drv_uart.o
 .text.nrf_drv_uart_rx_for_uart
                0x000394cc      0x14c dfu_single_bank_serial_s130_pca10028 THUMB Debug/nrf_drv_uart.o
 .text.nrf_drv_uart_rx
                0x00039618       0xc4 dfu_single_bank_serial_s130_pca10028 THUMB Debug/nrf_drv_uart.o
                0x00039618                nrf_drv_uart_rx
 .text.nrf_drv_uart_rx_enable
                0x000396dc       0x20 dfu_single_bank_serial_s130_pca10028 THUMB Debug/nrf_drv_uart.o
                0x000396dc                nrf_drv_uart_rx_enable
 .text.rx_done_event
                0x000396fc       0x3c dfu_single_bank_serial_s130_pca10028 THUMB Debug/nrf_drv_uart.o
 .text.tx_done_event
                0x00039738       0x44 dfu_single_bank_serial_s130_pca10028 THUMB Debug/nrf_drv_uart.o
 .text.uart_irq_handler
                0x0003977c      0x1fc dfu_single_bank_serial_s130_pca10028 THUMB Debug/nrf_drv_uart.o
 .text.UART0_IRQHandler
                0x00039978        0x8 dfu_single_bank_serial_s130_pca10028 THUMB Debug/nrf_drv_uart.o
                0x00039978                UART0_IRQHandler
 .text.pstorage_flash_page_size
                0x00039980        0xc dfu_single_bank_serial_s130_pca10028 THUMB Debug/pstorage_raw.o
 .text.is_word_aligned
                0x0003998c       0x18 dfu_single_bank_serial_s130_pca10028 THUMB Debug/pstorage_raw.o
 .text.sd_flash_write
                0x000399a4        0x8 dfu_single_bank_serial_s130_pca10028 THUMB Debug/pstorage_raw.o
 .text.sd_flash_page_erase
                0x000399ac        0x8 dfu_single_bank_serial_s130_pca10028 THUMB Debug/pstorage_raw.o
 .text.cmd_queue_element_init
                0x000399b4       0x80 dfu_single_bank_serial_s130_pca10028 THUMB Debug/pstorage_raw.o
 .text.cmd_queue_init
                0x00039a34       0x44 dfu_single_bank_serial_s130_pca10028 THUMB Debug/pstorage_raw.o
 .text.cmd_queue_enqueue
                0x00039a78      0x104 dfu_single_bank_serial_s130_pca10028 THUMB Debug/pstorage_raw.o
 .text.cmd_queue_dequeue
                0x00039b7c       0x44 dfu_single_bank_serial_s130_pca10028 THUMB Debug/pstorage_raw.o
 .text.app_notify
                0x00039bc0       0x44 dfu_single_bank_serial_s130_pca10028 THUMB Debug/pstorage_raw.o
 .text.pstorage_sys_event_handler
                0x00039c04      0x128 dfu_single_bank_serial_s130_pca10028 THUMB Debug/pstorage_raw.o
                0x00039c04                pstorage_sys_event_handler
 .text.cmd_process
                0x00039d2c       0xe0 dfu_single_bank_serial_s130_pca10028 THUMB Debug/pstorage_raw.o
 .text.pstorage_init
                0x00039e0c       0x44 dfu_single_bank_serial_s130_pca10028 THUMB Debug/pstorage_raw.o
                0x00039e0c                pstorage_init
 .text.pstorage_register
                0x00039e50       0x40 dfu_single_bank_serial_s130_pca10028 THUMB Debug/pstorage_raw.o
                0x00039e50                pstorage_register
 .text.pstorage_store
                0x00039e90       0x5c dfu_single_bank_serial_s130_pca10028 THUMB Debug/pstorage_raw.o
                0x00039e90                pstorage_store
 .text.pstorage_clear
                0x00039eec       0x24 dfu_single_bank_serial_s130_pca10028 THUMB Debug/pstorage_raw.o
                0x00039eec                pstorage_clear
 .text.app_error_handler
                0x00039f10       0x34 dfu_single_bank_serial_s130_pca10028 THUMB Debug/app_error.o
                0x00039f10                app_error_handler
 .text.app_error_save_and_stop
                0x00039f44       0xa0 dfu_single_bank_serial_s130_pca10028 THUMB Debug/app_error.o
                0x00039f44                app_error_save_and_stop
 .text.app_error_fault_handler
                0x00039fe4       0x3c dfu_single_bank_serial_s130_pca10028 THUMB Debug/app_error_weak.o
                0x00039fe4                app_error_fault_handler
 .text.is_word_aligned
                0x0003a020       0x18 dfu_single_bank_serial_s130_pca10028 THUMB Debug/app_scheduler.o
 .text.next_index
                0x0003a038       0x34 dfu_single_bank_serial_s130_pca10028 THUMB Debug/app_scheduler.o
 .text.app_sched_queue_full
                0x0003a06c       0x3c dfu_single_bank_serial_s130_pca10028 THUMB Debug/app_scheduler.o
 .text.app_sched_queue_empty
                0x0003a0a8       0x30 dfu_single_bank_serial_s130_pca10028 THUMB Debug/app_scheduler.o
 .text.app_sched_init
                0x0003a0d8       0x90 dfu_single_bank_serial_s130_pca10028 THUMB Debug/app_scheduler.o
                0x0003a0d8                app_sched_init
 .text.app_sched_event_put
                0x0003a168      0x118 dfu_single_bank_serial_s130_pca10028 THUMB Debug/app_scheduler.o
                0x0003a168                app_sched_event_put
 .text.app_sched_event_get
                0x0003a280       0x90 dfu_single_bank_serial_s130_pca10028 THUMB Debug/app_scheduler.o
 .text.app_sched_execute
                0x0003a310       0x30 dfu_single_bank_serial_s130_pca10028 THUMB Debug/app_scheduler.o
                0x0003a310                app_sched_execute
 .text.NVIC_EnableIRQ
                0x0003a340       0x28 dfu_single_bank_serial_s130_pca10028 THUMB Debug/app_timer.o
 .text.NVIC_DisableIRQ
                0x0003a368       0x2c dfu_single_bank_serial_s130_pca10028 THUMB Debug/app_timer.o
 .text.NVIC_SetPendingIRQ
                0x0003a394       0x2c dfu_single_bank_serial_s130_pca10028 THUMB Debug/app_timer.o
 .text.NVIC_ClearPendingIRQ
                0x0003a3c0       0x2c dfu_single_bank_serial_s130_pca10028 THUMB Debug/app_timer.o
 .text.NVIC_SetPriority
                0x0003a3ec       0xe4 dfu_single_bank_serial_s130_pca10028 THUMB Debug/app_timer.o
 .text.NVIC_GetPriority
                0x0003a4d0       0x7c dfu_single_bank_serial_s130_pca10028 THUMB Debug/app_timer.o
 .text.is_word_aligned
                0x0003a54c       0x18 dfu_single_bank_serial_s130_pca10028 THUMB Debug/app_timer.o
 .text.current_int_priority_get
                0x0003a564       0x38 dfu_single_bank_serial_s130_pca10028 THUMB Debug/app_timer.o
 .text.rtc1_init
                0x0003a59c       0x20 dfu_single_bank_serial_s130_pca10028 THUMB Debug/app_timer.o
 .text.rtc1_start
                0x0003a5bc       0x64 dfu_single_bank_serial_s130_pca10028 THUMB Debug/app_timer.o
 .text.rtc1_stop
                0x0003a620       0x94 dfu_single_bank_serial_s130_pca10028 THUMB Debug/app_timer.o
 .text.rtc1_counter_get
                0x0003a6b4       0x14 dfu_single_bank_serial_s130_pca10028 THUMB Debug/app_timer.o
 .text.ticks_diff_get
                0x0003a6c8       0x18 dfu_single_bank_serial_s130_pca10028 THUMB Debug/app_timer.o
 .text.rtc1_compare0_set
                0x0003a6e0       0x18 dfu_single_bank_serial_s130_pca10028 THUMB Debug/app_timer.o
 .text.timer_list_insert
                0x0003a6f8       0xa8 dfu_single_bank_serial_s130_pca10028 THUMB Debug/app_timer.o
 .text.timer_list_remove
                0x0003a7a0       0x98 dfu_single_bank_serial_s130_pca10028 THUMB Debug/app_timer.o
 .text.timer_timeouts_check_sched
                0x0003a838        0xc dfu_single_bank_serial_s130_pca10028 THUMB Debug/app_timer.o
 .text.timer_list_handler_sched
                0x0003a844        0xc dfu_single_bank_serial_s130_pca10028 THUMB Debug/app_timer.o
 .text.timeout_handler_exec
                0x0003a850       0x60 dfu_single_bank_serial_s130_pca10028 THUMB Debug/app_timer.o
 .text.timer_timeouts_check
                0x0003a8b0       0xc4 dfu_single_bank_serial_s130_pca10028 THUMB Debug/app_timer.o
 .text.elapsed_ticks_acquire
                0x0003a974       0x78 dfu_single_bank_serial_s130_pca10028 THUMB Debug/app_timer.o
 .text.list_deletions_handler
                0x0003a9ec       0xe8 dfu_single_bank_serial_s130_pca10028 THUMB Debug/app_timer.o
 .text.expired_timers_handler
                0x0003aad4       0x90 dfu_single_bank_serial_s130_pca10028 THUMB Debug/app_timer.o
 .text.list_insertions_handler
                0x0003ab64      0x190 dfu_single_bank_serial_s130_pca10028 THUMB Debug/app_timer.o
 .text.compare_reg_update
                0x0003acf4       0xe0 dfu_single_bank_serial_s130_pca10028 THUMB Debug/app_timer.o
 .text.timer_list_handler
                0x0003add4       0x90 dfu_single_bank_serial_s130_pca10028 THUMB Debug/app_timer.o
 .text.user_op_enque
                0x0003ae64       0x1c dfu_single_bank_serial_s130_pca10028 THUMB Debug/app_timer.o
 .text.user_op_alloc
                0x0003ae80       0x64 dfu_single_bank_serial_s130_pca10028 THUMB Debug/app_timer.o
 .text.timer_start_op_schedule
                0x0003aee4       0x80 dfu_single_bank_serial_s130_pca10028 THUMB Debug/app_timer.o
 .text.timer_stop_op_schedule
                0x0003af64       0x60 dfu_single_bank_serial_s130_pca10028 THUMB Debug/app_timer.o
 .text.RTC1_IRQHandler
                0x0003afc4       0x48 dfu_single_bank_serial_s130_pca10028 THUMB Debug/app_timer.o
                0x0003afc4                RTC1_IRQHandler
 .text.SWI0_IRQHandler
                0x0003b00c        0x8 dfu_single_bank_serial_s130_pca10028 THUMB Debug/app_timer.o
                0x0003b00c                SWI0_IRQHandler
 .text.app_timer_init
                0x0003b014      0x104 dfu_single_bank_serial_s130_pca10028 THUMB Debug/app_timer.o
                0x0003b014                app_timer_init
 .text.app_timer_create
                0x0003b118       0x64 dfu_single_bank_serial_s130_pca10028 THUMB Debug/app_timer.o
                0x0003b118                app_timer_create
 .text.user_id_get
                0x0003b17c       0x30 dfu_single_bank_serial_s130_pca10028 THUMB Debug/app_timer.o
 .text.app_timer_start
                0x0003b1ac       0x6c dfu_single_bank_serial_s130_pca10028 THUMB Debug/app_timer.o
                0x0003b1ac                app_timer_start
 .text.app_timer_stop
                0x0003b218       0x4c dfu_single_bank_serial_s130_pca10028 THUMB Debug/app_timer.o
                0x0003b218                app_timer_stop
 .text.app_timer_evt_get
                0x0003b264       0x48 dfu_single_bank_serial_s130_pca10028 THUMB Debug/app_timer_appsh.o
 .text.app_timer_evt_schedule
                0x0003b2ac       0x30 dfu_single_bank_serial_s130_pca10028 THUMB Debug/app_timer_appsh.o
                0x0003b2ac                app_timer_evt_schedule
 .text.__sd_nvic_irq_disable
                0x0003b2dc       0x18 dfu_single_bank_serial_s130_pca10028 THUMB Debug/app_util_platform.o
 .text.__sd_nvic_irq_enable
                0x0003b2f4        0x4 dfu_single_bank_serial_s130_pca10028 THUMB Debug/app_util_platform.o
 .text.sd_nvic_critical_region_enter
                0x0003b2f8       0x60 dfu_single_bank_serial_s130_pca10028 THUMB Debug/app_util_platform.o
 .text.sd_nvic_critical_region_exit
                0x0003b358       0x50 dfu_single_bank_serial_s130_pca10028 THUMB Debug/app_util_platform.o
 .text.app_util_critical_region_enter
                0x0003b3a8       0x14 dfu_single_bank_serial_s130_pca10028 THUMB Debug/app_util_platform.o
                0x0003b3a8                app_util_critical_region_enter
 .text.app_util_critical_region_exit
                0x0003b3bc       0x1c dfu_single_bank_serial_s130_pca10028 THUMB Debug/app_util_platform.o
                0x0003b3bc                app_util_critical_region_exit
 .text.NVIC_DisableIRQ
                0x0003b3d8       0x2c dfu_single_bank_serial_s130_pca10028 THUMB Debug/bootloader.o
 .text.sd_app_evt_wait
                0x0003b404        0x8 dfu_single_bank_serial_s130_pca10028 THUMB Debug/bootloader.o
 .text.sd_softdevice_disable
                0x0003b40c        0x8 dfu_single_bank_serial_s130_pca10028 THUMB Debug/bootloader.o
 .text.sd_softdevice_vector_table_base_set
                0x0003b414        0x8 dfu_single_bank_serial_s130_pca10028 THUMB Debug/bootloader.o
 .text.pstorage_callback_handler
                0x0003b41c       0x50 dfu_single_bank_serial_s130_pca10028 THUMB Debug/bootloader.o
 .text.wait_for_events
                0x0003b46c       0x50 dfu_single_bank_serial_s130_pca10028 THUMB Debug/bootloader.o
 .text.bootloader_app_is_valid
                0x0003b4bc       0x78 dfu_single_bank_serial_s130_pca10028 THUMB Debug/bootloader.o
                0x0003b4bc                bootloader_app_is_valid
 .text.bootloader_settings_save
                0x0003b534       0x64 dfu_single_bank_serial_s130_pca10028 THUMB Debug/bootloader.o
 .text.bootloader_dfu_update_process
                0x0003b598      0x1e0 dfu_single_bank_serial_s130_pca10028 THUMB Debug/bootloader.o
                0x0003b598                bootloader_dfu_update_process
 .text.bootloader_init
                0x0003b778       0x54 dfu_single_bank_serial_s130_pca10028 THUMB Debug/bootloader.o
                0x0003b778                bootloader_init
 .text.bootloader_dfu_start
                0x0003b7cc       0x2c dfu_single_bank_serial_s130_pca10028 THUMB Debug/bootloader.o
                0x0003b7cc                bootloader_dfu_start
 .text.interrupts_disable
                0x0003b7f8       0x40 dfu_single_bank_serial_s130_pca10028 THUMB Debug/bootloader.o
 .text.bootloader_app_start
                0x0003b838       0x70 dfu_single_bank_serial_s130_pca10028 THUMB Debug/bootloader.o
                0x0003b838                bootloader_app_start
 .text.bootloader_dfu_sd_in_progress
                0x0003b8a8       0x28 dfu_single_bank_serial_s130_pca10028 THUMB Debug/bootloader.o
                0x0003b8a8                bootloader_dfu_sd_in_progress
 .text.bootloader_dfu_sd_update_continue
                0x0003b8d0       0x9c dfu_single_bank_serial_s130_pca10028 THUMB Debug/bootloader.o
                0x0003b8d0                bootloader_dfu_sd_update_continue
 .text.bootloader_dfu_sd_update_finalize
                0x0003b96c       0x40 dfu_single_bank_serial_s130_pca10028 THUMB Debug/bootloader.o
                0x0003b96c                bootloader_dfu_sd_update_finalize
 .text.bootloader_settings_get
                0x0003b9ac       0x54 dfu_single_bank_serial_s130_pca10028 THUMB Debug/bootloader.o
                0x0003b9ac                bootloader_settings_get
 .text.bootloader_util_settings_get
                0x0003ba00       0x18 dfu_single_bank_serial_s130_pca10028 THUMB Debug/bootloader_settings.o
                0x0003ba00                bootloader_util_settings_get
 .text.bootloader_util_reset
                0x0003ba18       0x40 dfu_single_bank_serial_s130_pca10028 THUMB Debug/bootloader_util.o
 .text.bootloader_util_app_start
                0x0003ba58       0x14 dfu_single_bank_serial_s130_pca10028 THUMB Debug/bootloader_util.o
                0x0003ba58                bootloader_util_app_start
 .text.crc16_compute
                0x0003ba6c       0xd0 dfu_single_bank_serial_s130_pca10028 THUMB Debug/crc16.o
                0x0003ba6c                crc16_compute
 .text.uint16_decode
                0x0003bb3c       0x20 dfu_single_bank_serial_s130_pca10028 THUMB Debug/dfu_init_template.o
 .text.dfu_init_prevalidate
                0x0003bb5c      0x11c dfu_single_bank_serial_s130_pca10028 THUMB Debug/dfu_init_template.o
                0x0003bb5c                dfu_init_prevalidate
 .text.dfu_init_postvalidate
                0x0003bc78       0x4c dfu_single_bank_serial_s130_pca10028 THUMB Debug/dfu_init_template.o
                0x0003bc78                dfu_init_postvalidate
 .text.sd_mbr_command
                0x0003bcc4        0x8 dfu_single_bank_serial_s130_pca10028 THUMB Debug/dfu_single_bank.o
 .text.is_word_aligned
                0x0003bccc       0x18 dfu_single_bank_serial_s130_pca10028 THUMB Debug/dfu_single_bank.o
 .text.pstorage_callback_handler
                0x0003bce4       0x9c dfu_single_bank_serial_s130_pca10028 THUMB Debug/dfu_single_bank.o
 .text.dfu_timeout_handler
                0x0003bd80       0x30 dfu_single_bank_serial_s130_pca10028 THUMB Debug/dfu_single_bank.o
 .text.dfu_timer_restart
                0x0003bdb0       0x74 dfu_single_bank_serial_s130_pca10028 THUMB Debug/dfu_single_bank.o
 .text.dfu_prepare_func_app_erase
                0x0003be24       0x54 dfu_single_bank_serial_s130_pca10028 THUMB Debug/dfu_single_bank.o
 .text.dfu_cleared_func_app
                0x0003be78       0x38 dfu_single_bank_serial_s130_pca10028 THUMB Debug/dfu_single_bank.o
 .text.dfu_activate_sd
                0x0003beb0       0x5c dfu_single_bank_serial_s130_pca10028 THUMB Debug/dfu_single_bank.o
 .text.dfu_activate_app
                0x0003bf0c       0x50 dfu_single_bank_serial_s130_pca10028 THUMB Debug/dfu_single_bank.o
 .text.dfu_activate_bl
                0x0003bf5c       0x50 dfu_single_bank_serial_s130_pca10028 THUMB Debug/dfu_single_bank.o
 .text.dfu_init
                0x0003bfac       0xec dfu_single_bank_serial_s130_pca10028 THUMB Debug/dfu_single_bank.o
                0x0003bfac                dfu_init
 .text.dfu_register_callback
                0x0003c098       0x14 dfu_single_bank_serial_s130_pca10028 THUMB Debug/dfu_single_bank.o
                0x0003c098                dfu_register_callback
 .text.dfu_start_pkt_handle
                0x0003c0ac      0x130 dfu_single_bank_serial_s130_pca10028 THUMB Debug/dfu_single_bank.o
                0x0003c0ac                dfu_start_pkt_handle
 .text.dfu_data_pkt_handle
                0x0003c1dc       0xe0 dfu_single_bank_serial_s130_pca10028 THUMB Debug/dfu_single_bank.o
                0x0003c1dc                dfu_data_pkt_handle
 .text.dfu_init_pkt_complete
                0x0003c2bc       0x5c dfu_single_bank_serial_s130_pca10028 THUMB Debug/dfu_single_bank.o
                0x0003c2bc                dfu_init_pkt_complete
 .text.dfu_init_pkt_handle
                0x0003c318       0xa0 dfu_single_bank_serial_s130_pca10028 THUMB Debug/dfu_single_bank.o
                0x0003c318                dfu_init_pkt_handle
 .text.dfu_image_validate
                0x0003c3b8       0x7c dfu_single_bank_serial_s130_pca10028 THUMB Debug/dfu_single_bank.o
                0x0003c3b8                dfu_image_validate
 .text.dfu_image_activate
                0x0003c434       0x60 dfu_single_bank_serial_s130_pca10028 THUMB Debug/dfu_single_bank.o
                0x0003c434                dfu_image_activate
 .text.dfu_compare_block
                0x0003c494       0x34 dfu_single_bank_serial_s130_pca10028 THUMB Debug/dfu_single_bank.o
 .text.dfu_copy_sd
                0x0003c4c8       0x34 dfu_single_bank_serial_s130_pca10028 THUMB Debug/dfu_single_bank.o
 .text.dfu_sd_img_block_swap
                0x0003c4fc       0x90 dfu_single_bank_serial_s130_pca10028 THUMB Debug/dfu_single_bank.o
 .text.dfu_sd_image_swap
                0x0003c58c       0xf0 dfu_single_bank_serial_s130_pca10028 THUMB Debug/dfu_single_bank.o
                0x0003c58c                dfu_sd_image_swap
 .text.dfu_bl_image_swap
                0x0003c67c       0x5c dfu_single_bank_serial_s130_pca10028 THUMB Debug/dfu_single_bank.o
                0x0003c67c                dfu_bl_image_swap
 .text.dfu_bl_image_validate
                0x0003c6d8       0x64 dfu_single_bank_serial_s130_pca10028 THUMB Debug/dfu_single_bank.o
                0x0003c6d8                dfu_bl_image_validate
 .text.dfu_sd_image_validate
                0x0003c73c       0xb8 dfu_single_bank_serial_s130_pca10028 THUMB Debug/dfu_single_bank.o
                0x0003c73c                dfu_sd_image_validate
 .text.data_queue_element_init
                0x0003c7f4       0x68 dfu_single_bank_serial_s130_pca10028 THUMB Debug/dfu_transport_serial.o
 .text.data_queue_init
                0x0003c85c       0x30 dfu_single_bank_serial_s130_pca10028 THUMB Debug/dfu_transport_serial.o
 .text.data_queue_element_free
                0x0003c88c       0xa4 dfu_single_bank_serial_s130_pca10028 THUMB Debug/dfu_transport_serial.o
 .text.data_queue_element_alloc
                0x0003c930       0x98 dfu_single_bank_serial_s130_pca10028 THUMB Debug/dfu_transport_serial.o
 .text.data_queue_flush
                0x0003c9c8       0x24 dfu_single_bank_serial_s130_pca10028 THUMB Debug/dfu_transport_serial.o
 .text.dfu_cb_handler
                0x0003c9ec       0x2c dfu_single_bank_serial_s130_pca10028 THUMB Debug/dfu_transport_serial.o
 .text.process_dfu_packet
                0x0003ca18      0x10c dfu_single_bank_serial_s130_pca10028 THUMB Debug/dfu_transport_serial.o
 .text.rpc_transport_event_handler
                0x0003cb24       0xd8 dfu_single_bank_serial_s130_pca10028 THUMB Debug/dfu_transport_serial.o
                0x0003cb24                rpc_transport_event_handler
 .text.dfu_transport_update_start
                0x0003cbfc       0x74 dfu_single_bank_serial_s130_pca10028 THUMB Debug/dfu_transport_serial.o
                0x0003cbfc                dfu_transport_update_start
 .text.dfu_transport_close
                0x0003cc70       0x10 dfu_single_bank_serial_s130_pca10028 THUMB Debug/dfu_transport_serial.o
                0x0003cc70                dfu_transport_close
 .text.hci_mem_pool_open
                0x0003cc80       0x44 dfu_single_bank_serial_s130_pca10028 THUMB Debug/hci_mem_pool.o
                0x0003cc80                hci_mem_pool_open
 .text.hci_mem_pool_close
                0x0003ccc4        0x8 dfu_single_bank_serial_s130_pca10028 THUMB Debug/hci_mem_pool.o
                0x0003ccc4                hci_mem_pool_close
 .text.hci_mem_pool_rx_produce
                0x0003cccc       0x90 dfu_single_bank_serial_s130_pca10028 THUMB Debug/hci_mem_pool.o
                0x0003cccc                hci_mem_pool_rx_produce
 .text.hci_mem_pool_rx_consume
                0x0003cd5c       0xb0 dfu_single_bank_serial_s130_pca10028 THUMB Debug/hci_mem_pool.o
                0x0003cd5c                hci_mem_pool_rx_consume
 .text.hci_mem_pool_rx_data_size_set
                0x0003ce0c       0x34 dfu_single_bank_serial_s130_pca10028 THUMB Debug/hci_mem_pool.o
                0x0003ce0c                hci_mem_pool_rx_data_size_set
 .text.hci_mem_pool_rx_extract
                0x0003ce40       0x88 dfu_single_bank_serial_s130_pca10028 THUMB Debug/hci_mem_pool.o
                0x0003ce40                hci_mem_pool_rx_extract
 .text.send_tx_byte_end
                0x0003cec8       0x38 dfu_single_bank_serial_s130_pca10028 THUMB Debug/hci_slip.o
 .text.send_tx_byte_default
                0x0003cf00       0x3c dfu_single_bank_serial_s130_pca10028 THUMB Debug/hci_slip.o
 .text.send_tx_byte_encoded
                0x0003cf3c       0x68 dfu_single_bank_serial_s130_pca10028 THUMB Debug/hci_slip.o
 .text.send_tx_byte_esc
                0x0003cfa4       0x2c dfu_single_bank_serial_s130_pca10028 THUMB Debug/hci_slip.o
 .text.transmit_buffer
                0x0003cfd0       0xd0 dfu_single_bank_serial_s130_pca10028 THUMB Debug/hci_slip.o
 .text.handle_slip_end
                0x0003d0a0       0x54 dfu_single_bank_serial_s130_pca10028 THUMB Debug/hci_slip.o
 .text.handle_rx_byte_esc
                0x0003d0f4       0x84 dfu_single_bank_serial_s130_pca10028 THUMB Debug/hci_slip.o
 .text.handle_rx_byte_default
                0x0003d178       0x58 dfu_single_bank_serial_s130_pca10028 THUMB Debug/hci_slip.o
 .text.handle_rx_byte_wait_start
                0x0003d1d0       0x28 dfu_single_bank_serial_s130_pca10028 THUMB Debug/hci_slip.o
 .text.rx_buffer_overflowed
                0x0003d1f8       0x60 dfu_single_bank_serial_s130_pca10028 THUMB Debug/hci_slip.o
 .text.slip_uart_eventhandler
                0x0003d258       0x4c dfu_single_bank_serial_s130_pca10028 THUMB Debug/hci_slip.o
 .text.slip_uart_open
                0x0003d2a4       0x40 dfu_single_bank_serial_s130_pca10028 THUMB Debug/hci_slip.o
 .text.hci_slip_evt_handler_register
                0x0003d2e4       0x18 dfu_single_bank_serial_s130_pca10028 THUMB Debug/hci_slip.o
                0x0003d2e4                hci_slip_evt_handler_register
 .text.hci_slip_open
                0x0003d2fc       0x20 dfu_single_bank_serial_s130_pca10028 THUMB Debug/hci_slip.o
                0x0003d2fc                hci_slip_open
 .text.hci_slip_close
                0x0003d31c       0x20 dfu_single_bank_serial_s130_pca10028 THUMB Debug/hci_slip.o
                0x0003d31c                hci_slip_close
 .text.hci_slip_write
                0x0003d33c       0x6c dfu_single_bank_serial_s130_pca10028 THUMB Debug/hci_slip.o
                0x0003d33c                hci_slip_write
 .text.hci_slip_rx_buffer_register
                0x0003d3a8       0x3c dfu_single_bank_serial_s130_pca10028 THUMB Debug/hci_slip.o
                0x0003d3a8                hci_slip_rx_buffer_register
 .text.uint16_decode
                0x0003d3e4       0x20 dfu_single_bank_serial_s130_pca10028 THUMB Debug/hci_transport.o
 .text.is_rx_pkt_valid
                0x0003d404       0xbc dfu_single_bank_serial_s130_pca10028 THUMB Debug/hci_transport.o
 .text.packet_number_expected_get
                0x0003d4c0       0x10 dfu_single_bank_serial_s130_pca10028 THUMB Debug/hci_transport.o
 .text.header_checksum_calculate
                0x0003d4d0       0x40 dfu_single_bank_serial_s130_pca10028 THUMB Debug/hci_transport.o
 .text.ack_transmit
                0x0003d510       0x3c dfu_single_bank_serial_s130_pca10028 THUMB Debug/hci_transport.o
 .text.packet_seq_nmbr_extract
                0x0003d54c       0x14 dfu_single_bank_serial_s130_pca10028 THUMB Debug/hci_transport.o
 .text.packet_number_expected_inc
                0x0003d560       0x1c dfu_single_bank_serial_s130_pca10028 THUMB Debug/hci_transport.o
 .text.packet_type_decode
                0x0003d57c       0x2c dfu_single_bank_serial_s130_pca10028 THUMB Debug/hci_transport.o
 .text.rx_vendor_specific_pkt_type_handle
                0x0003d5a8      0x198 dfu_single_bank_serial_s130_pca10028 THUMB Debug/hci_transport.o
 .text.packet_number_to_transmit_get
                0x0003d740       0x10 dfu_single_bank_serial_s130_pca10028 THUMB Debug/hci_transport.o
 .text.expected_ack_number_get
                0x0003d750       0x3c dfu_single_bank_serial_s130_pca10028 THUMB Debug/hci_transport.o
 .text.rx_ack_pkt_type_handle
                0x0003d78c       0x64 dfu_single_bank_serial_s130_pca10028 THUMB Debug/hci_transport.o
 .text.packet_number_tx_inc
                0x0003d7f0       0x1c dfu_single_bank_serial_s130_pca10028 THUMB Debug/hci_transport.o
 .text.tx_sm_event_handle
                0x0003d80c      0x168 dfu_single_bank_serial_s130_pca10028 THUMB Debug/hci_transport.o
 .text.tx_sm_state_change
                0x0003d974       0x24 dfu_single_bank_serial_s130_pca10028 THUMB Debug/hci_transport.o
 .text.slip_event_handle
                0x0003d998      0x1b8 dfu_single_bank_serial_s130_pca10028 THUMB Debug/hci_transport.o
                0x0003d998                slip_event_handle
 .text.hci_transport_evt_handler_reg
                0x0003db50       0x54 dfu_single_bank_serial_s130_pca10028 THUMB Debug/hci_transport.o
                0x0003db50                hci_transport_evt_handler_reg
 .text.hci_transport_timeout_handle
                0x0003dba4       0x10 dfu_single_bank_serial_s130_pca10028 THUMB Debug/hci_transport.o
                0x0003dba4                hci_transport_timeout_handle
 .text.hci_transport_open
                0x0003dbb4       0xd8 dfu_single_bank_serial_s130_pca10028 THUMB Debug/hci_transport.o
                0x0003dbb4                hci_transport_open
 .text.hci_transport_close
                0x0003dc8c       0xa0 dfu_single_bank_serial_s130_pca10028 THUMB Debug/hci_transport.o
                0x0003dc8c                hci_transport_close
 .text.hci_transport_rx_pkt_extract
                0x0003dd2c       0x68 dfu_single_bank_serial_s130_pca10028 THUMB Debug/hci_transport.o
                0x0003dd2c                hci_transport_rx_pkt_extract
 .text.hci_transport_rx_pkt_consume
                0x0003dd94       0x18 dfu_single_bank_serial_s130_pca10028 THUMB Debug/hci_transport.o
                0x0003dd94                hci_transport_rx_pkt_consume
 .text.NVIC_EnableIRQ
                0x0003ddac       0x28 dfu_single_bank_serial_s130_pca10028 THUMB Debug/softdevice_handler.o
 .text.NVIC_GetPriority
                0x0003ddd4       0x7c dfu_single_bank_serial_s130_pca10028 THUMB Debug/softdevice_handler.o
 .text.sd_evt_get
                0x0003de50        0x8 dfu_single_bank_serial_s130_pca10028 THUMB Debug/softdevice_handler.o
 .text.sd_softdevice_enable
                0x0003de58        0x8 dfu_single_bank_serial_s130_pca10028 THUMB Debug/softdevice_handler.o
 .text.is_word_aligned
                0x0003de60       0x18 dfu_single_bank_serial_s130_pca10028 THUMB Debug/softdevice_handler.o
 .text.sd_ble_enable
                0x0003de78        0x8 dfu_single_bank_serial_s130_pca10028 THUMB Debug/softdevice_handler.o
 .text.sd_ble_evt_get
                0x0003de80        0x8 dfu_single_bank_serial_s130_pca10028 THUMB Debug/softdevice_handler.o
 .text.__sd_nvic_app_accessible_irq
                0x0003de88       0x3c dfu_single_bank_serial_s130_pca10028 THUMB Debug/softdevice_handler.o
 .text.__sd_nvic_is_app_accessible_priority
                0x0003dec4       0x28 dfu_single_bank_serial_s130_pca10028 THUMB Debug/softdevice_handler.o
 .text.sd_nvic_EnableIRQ
                0x0003deec       0xa0 dfu_single_bank_serial_s130_pca10028 THUMB Debug/softdevice_handler.o
 .text.softdevice_fault_handler
                0x0003df8c       0x20 dfu_single_bank_serial_s130_pca10028 THUMB Debug/softdevice_handler.o
                0x0003df8c                softdevice_fault_handler
 .text.intern_softdevice_events_execute
                0x0003dfac      0x114 dfu_single_bank_serial_s130_pca10028 THUMB Debug/softdevice_handler.o
                0x0003dfac                intern_softdevice_events_execute
 .text.softdevice_handler_init
                0x0003e0c0       0x8c dfu_single_bank_serial_s130_pca10028 THUMB Debug/softdevice_handler.o
                0x0003e0c0                softdevice_handler_init
 .text.softdevice_sys_evt_handler_set
                0x0003e14c       0x20 dfu_single_bank_serial_s130_pca10028 THUMB Debug/softdevice_handler.o
                0x0003e14c                softdevice_sys_evt_handler_set
 .text.SWI2_IRQHandler
                0x0003e16c       0x48 dfu_single_bank_serial_s130_pca10028 THUMB Debug/softdevice_handler.o
                0x0003e16c                SWI2_IRQHandler
 .text.softdevice_enable_get_default_config
                0x0003e1b4       0x64 dfu_single_bank_serial_s130_pca10028 THUMB Debug/softdevice_handler.o
                0x0003e1b4                softdevice_enable_get_default_config
 .text.softdevice_enable
                0x0003e218       0x2c dfu_single_bank_serial_s130_pca10028 THUMB Debug/softdevice_handler.o
                0x0003e218                softdevice_enable
 .text.softdevice_evt_get
                0x0003e244       0x3c dfu_single_bank_serial_s130_pca10028 THUMB Debug/softdevice_handler_appsh.o
                0x0003e244                softdevice_evt_get
 .text.softdevice_evt_schedule
                0x0003e280       0x18 dfu_single_bank_serial_s130_pca10028 THUMB Debug/softdevice_handler_appsh.o
                0x0003e280                softdevice_evt_schedule
 .text.libc.__int32_div
                0x0003e298       0x64 C:/Program Files (x86)/Rowley Associates Limited/CrossWorks for ARM 3.6/lib/libc_v6m_t_le_eabi.a(libc_asm.o)
                0x0003e298                __int32_div
                0x0003e298                __aeabi_idiv
                0x0003e298                __divsi3
                0x0003e2d4                __aeabi_uidiv
                0x0003e2d4                __uint32_div
                0x0003e2d4                __udivsi3
 .text.libc.memcpy
                0x0003e2fc       0x18 C:/Program Files (x86)/Rowley Associates Limited/CrossWorks for ARM 3.6/lib/libc_v6m_t_le_eabi.a(libc2_asm.o)
                0x0003e2fc                __aeabi_memcpy
                0x0003e2fc                __aeabi_memcpy4
                0x0003e2fc                __aeabi_memcpy8
                0x0003e2fc                memcpy
 .text.libc.memset
                0x0003e314       0x14 C:/Program Files (x86)/Rowley Associates Limited/CrossWorks for ARM 3.6/lib/libc_v6m_t_le_eabi.a(libc2_asm.o)
                0x0003e314                memset
                0x0003e328                __text_end__ = (__text_start__ + SIZEOF (.text))
                0x000060a0                __text_size__ = SIZEOF (.text)
                0x0003e328                __text_load_end__ = __text_end__

.vfp11_veneer   0x00000000        0x0
 .vfp11_veneer  0x00000000        0x0 linker stubs

.v4_bx          0x00000000        0x0
 .v4_bx         0x00000000        0x0 linker stubs

.iplt           0x00000000        0x0
 .iplt          0x00000000        0x0 dfu_single_bank_serial_s130_pca10028 THUMB Debug/thumb_crt0.o
                0x00000001                . = ASSERT (((__text_start__ == __text_end__) || ((__text_end__ >= __FLASH_segment_start__) && (__text_end__ <= __FLASH_segment_end__))), error: .text is too large to fit in FLASH memory segment)
                0x0003e328                __dtors_load_start__ = ALIGN (__text_end__, 0x4)

.dtors          0x0003e328        0x0
                0x0003e328                __dtors_start__ = .
 *(SORT(.dtors.*))
 *(.dtors)
 *(.fini_array)
 *(SORT(.fini_array.*))
                0x0003e328                __dtors_end__ = (__dtors_start__ + SIZEOF (.dtors))
                0x00000000                __dtors_size__ = SIZEOF (.dtors)
                0x0003e328                __dtors_load_end__ = __dtors_end__
                0x00000001                . = ASSERT (((__dtors_start__ == __dtors_end__) || ((__dtors_end__ >= __FLASH_segment_start__) && (__dtors_end__ <= __FLASH_segment_end__))), error: .dtors is too large to fit in FLASH memory segment)
                0x0003e328                __ctors_load_start__ = ALIGN (__dtors_end__, 0x4)

.ctors          0x0003e328        0x0
                0x0003e328                __ctors_start__ = .
 *(SORT(.ctors.*))
 *(.ctors)
 *(.init_array)
 *(SORT(.init_array.*))
                0x0003e328                __ctors_end__ = (__ctors_start__ + SIZEOF (.ctors))
                0x00000000                __ctors_size__ = SIZEOF (.ctors)
                0x0003e328                __ctors_load_end__ = __ctors_end__
                0x00000001                . = ASSERT (((__ctors_start__ == __ctors_end__) || ((__ctors_end__ >= __FLASH_segment_start__) && (__ctors_end__ <= __FLASH_segment_end__))), error: .ctors is too large to fit in FLASH memory segment)
                0x0003e328                __rodata_load_start__ = ALIGN (__ctors_end__, 0x4)

.rodata         0x0003e328      0x6df
                0x0003e328                __rodata_start__ = .
 *(.rodata .rodata.* .gnu.linkonce.r.*)
 .rodata        0x0003e328       0x8c dfu_single_bank_serial_s130_pca10028 THUMB Debug/main.o
 .rodata        0x0003e3b4       0x20 dfu_single_bank_serial_s130_pca10028 THUMB Debug/app_uart.o
 .rodata.m_default_config
                0x0003e3d4       0x20 dfu_single_bank_serial_s130_pca10028 THUMB Debug/nrf_drv_uart.o
 .rodata        0x0003e3f4       0xaf dfu_single_bank_serial_s130_pca10028 THUMB Debug/app_timer.o
 *fill*         0x0003e4a3        0x1 
 .rodata        0x0003e4a4       0xb5 dfu_single_bank_serial_s130_pca10028 THUMB Debug/app_timer_appsh.o
 *fill*         0x0003e559        0x3 
 .rodata        0x0003e55c       0xb9 dfu_single_bank_serial_s130_pca10028 THUMB Debug/bootloader.o
 *fill*         0x0003e615        0x3 
 .rodata.m_dfu_timer_id
                0x0003e618        0x4 dfu_single_bank_serial_s130_pca10028 THUMB Debug/dfu_single_bank.o
 .rodata        0x0003e61c       0xbe dfu_single_bank_serial_s130_pca10028 THUMB Debug/dfu_single_bank.o
 *fill*         0x0003e6da        0x2 
 .rodata        0x0003e6dc       0xc3 dfu_single_bank_serial_s130_pca10028 THUMB Debug/dfu_transport_serial.o
 *fill*         0x0003e79f        0x1 
 .rodata        0x0003e7a0        0xc dfu_single_bank_serial_s130_pca10028 THUMB Debug/hci_slip.o
 .rodata.m_app_timer_id
                0x0003e7ac        0x4 dfu_single_bank_serial_s130_pca10028 THUMB Debug/hci_transport.o
 .rodata        0x0003e7b0       0xb1 dfu_single_bank_serial_s130_pca10028 THUMB Debug/hci_transport.o
 *fill*         0x0003e861        0x3 
 .rodata        0x0003e864       0xcd dfu_single_bank_serial_s130_pca10028 THUMB Debug/softdevice_handler.o
 *fill*         0x0003e931        0x3 
 .rodata        0x0003e934       0xd3 dfu_single_bank_serial_s130_pca10028 THUMB Debug/softdevice_handler_appsh.o
                0x0003ea07                __rodata_end__ = (__rodata_start__ + SIZEOF (.rodata))
                0x000006df                __rodata_size__ = SIZEOF (.rodata)
                0x0003ea07                __rodata_load_end__ = __rodata_end__

.rel.dyn        0x10001000        0x0
 .rel.iplt      0x00000000        0x0 dfu_single_bank_serial_s130_pca10028 THUMB Debug/thumb_crt0.o
                0x00000001                . = ASSERT (((__rodata_start__ == __rodata_end__) || ((__rodata_end__ >= __FLASH_segment_start__) && (__rodata_end__ <= __FLASH_segment_end__))), error: .rodata is too large to fit in FLASH memory segment)
                0x0003ea08                __ARM.exidx_load_start__ = ALIGN (__rodata_end__, 0x4)

.ARM.exidx      0x0003ea08        0x0
                0x0003ea08                __ARM.exidx_start__ = .
                0x0003ea08                __exidx_start = __ARM.exidx_start__
 *(.ARM.exidx .ARM.exidx.*)
                0x0003ea08                __ARM.exidx_end__ = (__ARM.exidx_start__ + SIZEOF (.ARM.exidx))
                0x00000000                __ARM.exidx_size__ = SIZEOF (.ARM.exidx)
                0x0003ea08                __exidx_end = __ARM.exidx_end__
                0x0003ea08                __ARM.exidx_load_end__ = __ARM.exidx_end__
                0x00000001                . = ASSERT (((__ARM.exidx_start__ == __ARM.exidx_end__) || ((__ARM.exidx_end__ >= __FLASH_segment_start__) && (__ARM.exidx_end__ <= __FLASH_segment_end__))), error: .ARM.exidx is too large to fit in FLASH memory segment)
                0x0003ea08                __fast_load_start__ = ALIGN (__ARM.exidx_end__, 0x4)

.fast           0x20002c00        0x0 load address 0x0003ea08
                0x20002c00                __fast_start__ = .
 *(.fast .fast.*)
                0x20002c00                __fast_end__ = (__fast_start__ + SIZEOF (.fast))
                0x00000000                __fast_size__ = SIZEOF (.fast)
                0x0003ea08                __fast_load_end__ = (__fast_load_start__ + SIZEOF (.fast))
                0x00000001                . = ASSERT (((__fast_load_start__ == __fast_load_end__) || ((__fast_load_end__ >= __FLASH_segment_start__) && (__fast_load_end__ <= __FLASH_segment_end__))), error: .fast is too large to fit in FLASH memory segment)

.fast_run       0x20002c00        0x0
                0x20002c00                __fast_run_start__ = .
                0x20002c00                . = MAX ((__fast_run_start__ + SIZEOF (.fast)), .)
                0x20002c00                __fast_run_end__ = (__fast_run_start__ + SIZEOF (.fast_run))
                0x00000000                __fast_run_size__ = SIZEOF (.fast_run)
                0x20002c00                __fast_run_load_end__ = __fast_run_end__
                0x00000001                . = ASSERT (((__fast_run_start__ == __fast_run_end__) || ((__fast_run_end__ >= __RAM_segment_start__) && (__fast_run_end__ <= __RAM_segment_end__))), error: .fast_run is too large to fit in RAM memory segment)
                0x0003ea08                __data_load_start__ = ALIGN ((__fast_load_start__ + SIZEOF (.fast)), 0x4)

.data           0x20002c00        0x8 load address 0x0003ea08
                0x20002c00                __data_start__ = .
 *(.data .data.* .gnu.linkonce.d.*)
 .data.handle_rx_byte
                0x20002c00        0x4 dfu_single_bank_serial_s130_pca10028 THUMB Debug/hci_slip.o
 .data.send_tx_byte
                0x20002c04        0x4 dfu_single_bank_serial_s130_pca10028 THUMB Debug/hci_slip.o
                0x20002c04                send_tx_byte
                0x20002c08                __data_end__ = (__data_start__ + SIZEOF (.data))
                0x00000008                __data_size__ = SIZEOF (.data)
                0x0003ea10                __data_load_end__ = (__data_load_start__ + SIZEOF (.data))

.igot.plt       0x00000000        0x0
 .igot.plt      0x00000000        0x0 dfu_single_bank_serial_s130_pca10028 THUMB Debug/thumb_crt0.o
                0x00000001                . = ASSERT (((__data_load_start__ == __data_load_end__) || ((__data_load_end__ >= __FLASH_segment_start__) && (__data_load_end__ <= __FLASH_segment_end__))), error: .data is too large to fit in FLASH memory segment)

.data_run       0x20002c00        0x8 load address 0x0003ea08
                0x20002c00                __data_run_start__ = .
                0x20002c08                . = MAX ((__data_run_start__ + SIZEOF (.data)), .)
 *fill*         0x20002c00        0x8 
                0x20002c08                __data_run_end__ = (__data_run_start__ + SIZEOF (.data_run))
                0x00000008                __data_run_size__ = SIZEOF (.data_run)
                0x20002c08                __data_run_load_end__ = __data_run_end__
                0x00000001                . = ASSERT (((__data_run_start__ == __data_run_end__) || ((__data_run_end__ >= __RAM_segment_start__) && (__data_run_end__ <= __RAM_segment_end__))), error: .data_run is too large to fit in RAM memory segment)
                0x0003ea10                __tdata_load_start__ = ALIGN ((__data_load_start__ + SIZEOF (.data)), 0x4)

.tdata          0x20002c08        0x0 load address 0x0003ea10
                0x20002c08                __tdata_start__ = .
 *(.tdata .tdata.*)
                0x20002c08                __tdata_end__ = (__tdata_start__ + SIZEOF (.tdata))
                0x00000000                __tdata_size__ = SIZEOF (.tdata)
                0x0003ea10                __tdata_load_end__ = (__tdata_load_start__ + SIZEOF (.tdata))
                0x00000001                . = ASSERT (((__tdata_load_start__ == __tdata_load_end__) || ((__tdata_load_end__ >= __FLASH_segment_start__) && (__tdata_load_end__ <= __FLASH_segment_end__))), error: .tdata is too large to fit in FLASH memory segment)

.tdata_run      0x20002c08        0x0
                0x20002c08                __tdata_run_start__ = .
                0x20002c08                . = MAX ((__tdata_run_start__ + SIZEOF (.tdata)), .)
                0x20002c08                __tdata_run_end__ = (__tdata_run_start__ + SIZEOF (.tdata_run))
                0x00000000                __tdata_run_size__ = SIZEOF (.tdata_run)
                0x20002c08                __tdata_run_load_end__ = __tdata_run_end__
                0x00000001                . = ASSERT (((__tdata_run_start__ == __tdata_run_end__) || ((__tdata_run_end__ >= __RAM_segment_start__) && (__tdata_run_end__ <= __RAM_segment_end__))), error: .tdata_run is too large to fit in RAM memory segment)
                0x20002c08                __bss_load_start__ = ALIGN (__tdata_run_end__, 0x4)

.bss            0x20002c08      0xb58
                0x20002c08                __bss_start__ = .
 *(.bss .bss.* .gnu.linkonce.b.*)
 .bss.APP_TIMER_BUF.7216
                0x20002c08      0x1c8 dfu_single_bank_serial_s130_pca10028 THUMB Debug/main.o
 .bss.BLE_EVT_BUFFER.7233
                0x20002dd0       0x48 dfu_single_bank_serial_s130_pca10028 THUMB Debug/main.o
 .bss.APP_SCHED_BUF.7243
                0x20002e18      0x150 dfu_single_bank_serial_s130_pca10028 THUMB Debug/main.o
 .bss.tx_buffer
                0x20002f68        0x1 dfu_single_bank_serial_s130_pca10028 THUMB Debug/app_uart.o
 *fill*         0x20002f69        0x3 
 .bss.rx_buffer
                0x20002f6c        0x1 dfu_single_bank_serial_s130_pca10028 THUMB Debug/app_uart.o
 .bss.rx_done   0x20002f6d        0x1 dfu_single_bank_serial_s130_pca10028 THUMB Debug/app_uart.o
 *fill*         0x20002f6e        0x2 
 .bss.m_event_handler
                0x20002f70        0x4 dfu_single_bank_serial_s130_pca10028 THUMB Debug/app_uart.o
 .bss.m_cb      0x20002f74       0x1c dfu_single_bank_serial_s130_pca10028 THUMB Debug/nrf_drv_uart.o
 .bss.m_cmd_queue
                0x20002f90       0xf4 dfu_single_bank_serial_s130_pca10028 THUMB Debug/pstorage_raw.o
 .bss.m_app_table
                0x20003084        0xc dfu_single_bank_serial_s130_pca10028 THUMB Debug/pstorage_raw.o
 .bss.m_next_app_instance
                0x20003090        0x4 dfu_single_bank_serial_s130_pca10028 THUMB Debug/pstorage_raw.o
 .bss.m_round_val
                0x20003094        0x4 dfu_single_bank_serial_s130_pca10028 THUMB Debug/pstorage_raw.o
 .bss.m_error_data.5364
                0x20003098       0x20 dfu_single_bank_serial_s130_pca10028 THUMB Debug/app_error.o
 .bss.m_queue_event_headers
                0x200030b8        0x4 dfu_single_bank_serial_s130_pca10028 THUMB Debug/app_scheduler.o
 .bss.m_queue_event_data
                0x200030bc        0x4 dfu_single_bank_serial_s130_pca10028 THUMB Debug/app_scheduler.o
 .bss.m_queue_start_index
                0x200030c0        0x1 dfu_single_bank_serial_s130_pca10028 THUMB Debug/app_scheduler.o
 .bss.m_queue_end_index
                0x200030c1        0x1 dfu_single_bank_serial_s130_pca10028 THUMB Debug/app_scheduler.o
 .bss.m_queue_event_size
                0x200030c2        0x2 dfu_single_bank_serial_s130_pca10028 THUMB Debug/app_scheduler.o
 .bss.m_queue_size
                0x200030c4        0x2 dfu_single_bank_serial_s130_pca10028 THUMB Debug/app_scheduler.o
 .bss.m_user_array_size
                0x200030c6        0x1 dfu_single_bank_serial_s130_pca10028 THUMB Debug/app_timer.o
 *fill*         0x200030c7        0x1 
 .bss.mp_users  0x200030c8        0x4 dfu_single_bank_serial_s130_pca10028 THUMB Debug/app_timer.o
 .bss.mp_timer_id_head
                0x200030cc        0x4 dfu_single_bank_serial_s130_pca10028 THUMB Debug/app_timer.o
 .bss.m_ticks_latest
                0x200030d0        0x4 dfu_single_bank_serial_s130_pca10028 THUMB Debug/app_timer.o
 .bss.m_ticks_elapsed
                0x200030d4        0x8 dfu_single_bank_serial_s130_pca10028 THUMB Debug/app_timer.o
 .bss.m_ticks_elapsed_q_read_ind
                0x200030dc        0x1 dfu_single_bank_serial_s130_pca10028 THUMB Debug/app_timer.o
 .bss.m_ticks_elapsed_q_write_ind
                0x200030dd        0x1 dfu_single_bank_serial_s130_pca10028 THUMB Debug/app_timer.o
 *fill*         0x200030de        0x2 
 .bss.m_evt_schedule_func
                0x200030e0        0x4 dfu_single_bank_serial_s130_pca10028 THUMB Debug/app_timer.o
 .bss.m_rtc1_running
                0x200030e4        0x1 dfu_single_bank_serial_s130_pca10028 THUMB Debug/app_timer.o
 .bss.m_rtc1_reset
                0x200030e5        0x1 dfu_single_bank_serial_s130_pca10028 THUMB Debug/app_timer.o
 *fill*         0x200030e6        0x2 
 .bss.m_bootsettings_handle
                0x200030e8        0x8 dfu_single_bank_serial_s130_pca10028 THUMB Debug/bootloader.o
 .bss.m_update_status
                0x200030f0        0x1 dfu_single_bank_serial_s130_pca10028 THUMB Debug/bootloader.o
 *fill*         0x200030f1        0x3 
 .bss.settings.5758
                0x200030f4       0x1c dfu_single_bank_serial_s130_pca10028 THUMB Debug/bootloader.o
 .bss.m_extended_packet
                0x20003110        0xa dfu_single_bank_serial_s130_pca10028 THUMB Debug/dfu_init_template.o
 .bss.m_extended_packet_length
                0x2000311a        0x1 dfu_single_bank_serial_s130_pca10028 THUMB Debug/dfu_init_template.o
 *fill*         0x2000311b        0x1 
 .bss.m_data_received
                0x2000311c        0x4 dfu_single_bank_serial_s130_pca10028 THUMB Debug/dfu_single_bank.o
 .bss.m_dfu_state
                0x20003120        0x1 dfu_single_bank_serial_s130_pca10028 THUMB Debug/dfu_single_bank.o
 *fill*         0x20003121        0x3 
 .bss.m_image_size
                0x20003124        0x4 dfu_single_bank_serial_s130_pca10028 THUMB Debug/dfu_single_bank.o
 .bss.m_start_packet
                0x20003128       0x10 dfu_single_bank_serial_s130_pca10028 THUMB Debug/dfu_single_bank.o
 .bss.m_init_packet
                0x20003138       0x40 dfu_single_bank_serial_s130_pca10028 THUMB Debug/dfu_single_bank.o
 .bss.m_init_packet_length
                0x20003178        0x1 dfu_single_bank_serial_s130_pca10028 THUMB Debug/dfu_single_bank.o
 *fill*         0x20003179        0x1 
 .bss.m_image_crc
                0x2000317a        0x2 dfu_single_bank_serial_s130_pca10028 THUMB Debug/dfu_single_bank.o
 .bss.m_dfu_timer_id_data
                0x2000317c       0x20 dfu_single_bank_serial_s130_pca10028 THUMB Debug/dfu_single_bank.o
 .bss.m_dfu_timed_out
                0x2000319c        0x1 dfu_single_bank_serial_s130_pca10028 THUMB Debug/dfu_single_bank.o
 *fill*         0x2000319d        0x3 
 .bss.m_storage_handle_app
                0x200031a0        0x8 dfu_single_bank_serial_s130_pca10028 THUMB Debug/dfu_single_bank.o
 .bss.mp_storage_handle_active
                0x200031a8        0x4 dfu_single_bank_serial_s130_pca10028 THUMB Debug/dfu_single_bank.o
 .bss.m_data_pkt_cb
                0x200031ac        0x4 dfu_single_bank_serial_s130_pca10028 THUMB Debug/dfu_single_bank.o
 .bss.m_functions
                0x200031b0        0xc dfu_single_bank_serial_s130_pca10028 THUMB Debug/dfu_single_bank.o
 .bss.m_data_queue
                0x200031bc       0x34 dfu_single_bank_serial_s130_pca10028 THUMB Debug/dfu_transport_serial.o
 .bss.m_is_tx_allocated
                0x200031f0        0x1 dfu_single_bank_serial_s130_pca10028 THUMB Debug/hci_mem_pool.o
 *fill*         0x200031f1        0x3 
 .bss.m_rx_buffer_elem_queue
                0x200031f4      0x4b8 dfu_single_bank_serial_s130_pca10028 THUMB Debug/hci_mem_pool.o
 .bss.m_rx_buffer_queue
                0x200036ac       0x1c dfu_single_bank_serial_s130_pca10028 THUMB Debug/hci_mem_pool.o
 .bss.m_current_state
                0x200036c8        0x1 dfu_single_bank_serial_s130_pca10028 THUMB Debug/hci_slip.o
 *fill*         0x200036c9        0x3 
 .bss.m_slip_event_handler
                0x200036cc        0x4 dfu_single_bank_serial_s130_pca10028 THUMB Debug/hci_slip.o
 .bss.mp_tx_buffer
                0x200036d0        0x4 dfu_single_bank_serial_s130_pca10028 THUMB Debug/hci_slip.o
 .bss.m_tx_buffer_length
                0x200036d4        0x4 dfu_single_bank_serial_s130_pca10028 THUMB Debug/hci_slip.o
 .bss.m_tx_buffer_index
                0x200036d8        0x4 dfu_single_bank_serial_s130_pca10028 THUMB Debug/hci_slip.o
 .bss.mp_rx_buffer
                0x200036dc        0x4 dfu_single_bank_serial_s130_pca10028 THUMB Debug/hci_slip.o
 .bss.m_rx_buffer_length
                0x200036e0        0x4 dfu_single_bank_serial_s130_pca10028 THUMB Debug/hci_slip.o
 .bss.m_rx_received_count
                0x200036e4        0x4 dfu_single_bank_serial_s130_pca10028 THUMB Debug/hci_slip.o
 .bss.m_tx_state
                0x200036e8        0x1 dfu_single_bank_serial_s130_pca10028 THUMB Debug/hci_transport.o
 *fill*         0x200036e9        0x3 
 .bss.m_transport_tx_done_handle
                0x200036ec        0x4 dfu_single_bank_serial_s130_pca10028 THUMB Debug/hci_transport.o
 .bss.m_transport_event_handle
                0x200036f0        0x4 dfu_single_bank_serial_s130_pca10028 THUMB Debug/hci_transport.o
 .bss.mp_slip_used_rx_buffer
                0x200036f4        0x4 dfu_single_bank_serial_s130_pca10028 THUMB Debug/hci_transport.o
 .bss.m_packet_expected_seq_number
                0x200036f8        0x4 dfu_single_bank_serial_s130_pca10028 THUMB Debug/hci_transport.o
 .bss.m_packet_transmit_seq_number
                0x200036fc        0x4 dfu_single_bank_serial_s130_pca10028 THUMB Debug/hci_transport.o
 .bss.mp_tx_buffer
                0x20003700        0x4 dfu_single_bank_serial_s130_pca10028 THUMB Debug/hci_transport.o
 .bss.m_tx_buffer_length
                0x20003704        0x4 dfu_single_bank_serial_s130_pca10028 THUMB Debug/hci_transport.o
 .bss.m_is_slip_decode_ready
                0x20003708        0x1 dfu_single_bank_serial_s130_pca10028 THUMB Debug/hci_transport.o
 *fill*         0x20003709        0x3 
 .bss.m_app_timer_id_data
                0x2000370c       0x20 dfu_single_bank_serial_s130_pca10028 THUMB Debug/hci_transport.o
 .bss.m_tx_retry_counter
                0x2000372c        0x4 dfu_single_bank_serial_s130_pca10028 THUMB Debug/hci_transport.o
 .bss.m_tx_done_result_code
                0x20003730        0x1 dfu_single_bank_serial_s130_pca10028 THUMB Debug/hci_transport.o
 *fill*         0x20003731        0x3 
 .bss.m_rx_ack_buffer
                0x20003734        0x5 dfu_single_bank_serial_s130_pca10028 THUMB Debug/hci_transport.o
 *fill*         0x20003739        0x3 
 .bss.ack_packet.5550
                0x2000373c        0x4 dfu_single_bank_serial_s130_pca10028 THUMB Debug/hci_transport.o
 .bss.nrf_nvic_state
                0x20003740        0x8 dfu_single_bank_serial_s130_pca10028 THUMB Debug/softdevice_handler.o
                0x20003740                nrf_nvic_state
 .bss.m_evt_schedule_func
                0x20003748        0x4 dfu_single_bank_serial_s130_pca10028 THUMB Debug/softdevice_handler.o
 .bss.m_softdevice_enabled
                0x2000374c        0x1 dfu_single_bank_serial_s130_pca10028 THUMB Debug/softdevice_handler.o
 *fill*         0x2000374d        0x3 
 .bss.mp_ble_evt_buffer
                0x20003750        0x4 dfu_single_bank_serial_s130_pca10028 THUMB Debug/softdevice_handler.o
 .bss.m_ble_evt_buffer_size
                0x20003754        0x2 dfu_single_bank_serial_s130_pca10028 THUMB Debug/softdevice_handler.o
 *fill*         0x20003756        0x2 
 .bss.m_ble_evt_handler
                0x20003758        0x4 dfu_single_bank_serial_s130_pca10028 THUMB Debug/softdevice_handler.o
 .bss.m_sys_evt_handler
                0x2000375c        0x4 dfu_single_bank_serial_s130_pca10028 THUMB Debug/softdevice_handler.o
 *(COMMON)
                0x20003760                __bss_end__ = (__bss_start__ + SIZEOF (.bss))
                0x00000b58                __bss_size__ = SIZEOF (.bss)
                0x20003760                __bss_load_end__ = __bss_end__
                0x00000001                . = ASSERT (((__bss_start__ == __bss_end__) || ((__bss_end__ >= __RAM_segment_start__) && (__bss_end__ <= __RAM_segment_end__))), error: .bss is too large to fit in RAM memory segment)
                0x20003760                __tbss_load_start__ = ALIGN (__bss_end__, 0x4)

.tbss           0x20003760        0x0
                0x20003760                __tbss_start__ = .
 *(.tbss .tbss.*)
                0x20003760                __tbss_end__ = (__tbss_start__ + SIZEOF (.tbss))
                0x00000000                __tbss_size__ = SIZEOF (.tbss)
                0x20003760                __tbss_load_end__ = __tbss_end__
                0x00000001                . = ASSERT (((__tbss_start__ == __tbss_end__) || ((__tbss_end__ >= __RAM_segment_start__) && (__tbss_end__ <= __RAM_segment_end__))), error: .tbss is too large to fit in RAM memory segment)
                0x20003760                __non_init_load_start__ = ALIGN (__tbss_end__, 0x4)

.non_init       0x20003760        0x0
                0x20003760                __non_init_start__ = .
 *(.non_init .non_init.*)
                0x20003760                __non_init_end__ = (__non_init_start__ + SIZEOF (.non_init))
                0x00000000                __non_init_size__ = SIZEOF (.non_init)
                0x20003760                __non_init_load_end__ = __non_init_end__
                0x00000001                . = ASSERT (((__non_init_start__ == __non_init_end__) || ((__non_init_end__ >= __RAM_segment_start__) && (__non_init_end__ <= __RAM_segment_end__))), error: .non_init is too large to fit in RAM memory segment)
                0x20003760                __heap_load_start__ = ALIGN (__non_init_end__, 0x4)

.heap           0x20003760       0x80
                0x20003760                __heap_start__ = .
 *(.heap .heap.*)
                0x200037e0                . = ALIGN (MAX ((__heap_start__ + __HEAPSIZE__), .), 0x4)
 *fill*         0x20003760       0x80 
                0x200037e0                __heap_end__ = (__heap_start__ + SIZEOF (.heap))
                0x00000080                __heap_size__ = SIZEOF (.heap)
                0x200037e0                __heap_load_end__ = __heap_end__
                0x00000001                . = ASSERT (((__heap_start__ == __heap_end__) || ((__heap_end__ >= __RAM_segment_start__) && (__heap_end__ <= __RAM_segment_end__))), error: .heap is too large to fit in RAM memory segment)
                0x200037e0                __stack_load_start__ = ALIGN (__heap_end__, 0x8)

.stack          0x200037e0      0x400
                0x200037e0                __stack_start__ = .
 *(.stack .stack.*)
                0x20003be0                . = ALIGN (MAX ((__stack_start__ + __STACKSIZE__), .), 0x8)
 *fill*         0x200037e0      0x400 
                0x20003be0                __stack_end__ = (__stack_start__ + SIZEOF (.stack))
                0x00000400                __stack_size__ = SIZEOF (.stack)
                0x20003be0                __stack_load_end__ = __stack_end__
                0x00000001                . = ASSERT (((__stack_start__ == __stack_end__) || ((__stack_end__ >= __RAM_segment_start__) && (__stack_end__ <= __RAM_segment_end__))), error: .stack is too large to fit in RAM memory segment)
                0x20003be0                __stack_process_load_start__ = ALIGN (__stack_end__, 0x8)

.stack_process  0x20003be0        0x0
                0x20003be0                __stack_process_start__ = .
 *(.stack_process .stack_process.*)
                0x20003be0                . = ALIGN (MAX ((__stack_process_start__ + __STACKSIZE_PROCESS__), .), 0x8)
                0x20003be0                __stack_process_end__ = (__stack_process_start__ + SIZEOF (.stack_process))
                0x00000000                __stack_process_size__ = SIZEOF (.stack_process)
                0x20003be0                __stack_process_load_end__ = __stack_process_end__
                0x00000001                . = ASSERT (((__stack_process_start__ == __stack_process_end__) || ((__stack_process_end__ >= __RAM_segment_start__) && (__stack_process_end__ <= __RAM_segment_end__))), error: .stack_process is too large to fit in RAM memory segment)
                0x20003f60                __rtc_state_load_start__ = 0x20003f60

.rtc_state      0x20003f60       0x20
                0x20003f60                __rtc_state_start__ = .
 *(.rtc_state .rtc_state.*)
                0x20003f80                . = ALIGN (MAX ((__rtc_state_start__ + 0x20), .), 0x4)
 *fill*         0x20003f60       0x20 
                0x20003f80                __rtc_state_end__ = (__rtc_state_start__ + SIZEOF (.rtc_state))
                0x00000020                __rtc_state_size__ = SIZEOF (.rtc_state)
                0x20003f80                __rtc_state_load_end__ = __rtc_state_end__
                0x00000001                . = ASSERT (((__rtc_state_start__ == __rtc_state_end__) || ((__rtc_state_end__ >= __RAM_segment_start__) && (__rtc_state_end__ <= __RAM_segment_end__))), error: .rtc_state is too large to fit in RAM memory segment)
                0x00000001                . = ASSERT ((__stack_process_end__ <= __rtc_state_start__), error: section .stack_process overlaps absolute placed section .rtc_state)
                0x20003f80                __noinit_load_start__ = 0x20003f80

.noinit         0x20003f80       0x80
                0x20003f80                __noinit_start__ = .
 *(.noinit .noinit.*)
                0x20004000                . = ALIGN (MAX ((__noinit_start__ + 0x80), .), 0x4)
 *fill*         0x20003f80       0x80 
                0x20004000                __noinit_end__ = (__noinit_start__ + SIZEOF (.noinit))
                0x00000080                __noinit_size__ = SIZEOF (.noinit)
                0x20004000                __noinit_load_end__ = __noinit_end__
                0x20004000                __RAM_segment_used_end__ = (0x20003f80 + SIZEOF (.noinit))
                0x00004000                __RAM_segment_used_size__ = (__RAM_segment_used_end__ - __RAM_segment_start__)
                0x00000001                . = ASSERT (((__noinit_start__ == __noinit_end__) || ((__noinit_end__ >= __RAM_segment_start__) && (__noinit_end__ <= __RAM_segment_end__))), error: .noinit is too large to fit in RAM memory segment)
                0x00000001                . = ASSERT ((__rtc_state_end__ <= __noinit_start__), error: section .rtc_state overlaps absolute placed section .noinit)
                0x0003fc00                __bootloaderSettings_load_start__ = 0x3fc00

.bootloaderSettings
                0x0003fc00      0x400
                0x0003fc00                __bootloaderSettings_start__ = .
 *(.bootloaderSettings .bootloaderSettings.*)
 .bootloaderSettings
                0x0003fc00      0x400 dfu_single_bank_serial_s130_pca10028 THUMB Debug/bootloader_settings.o
                0x0003fc00                m_boot_settings
                0x00040000                . = ALIGN (MAX ((__bootloaderSettings_start__ + 0x400), .), 0x4)
                0x00040000                __bootloaderSettings_end__ = (__bootloaderSettings_start__ + SIZEOF (.bootloaderSettings))
                0x00000400                __bootloaderSettings_size__ = SIZEOF (.bootloaderSettings)
                0x00040000                __bootloaderSettings_load_end__ = __bootloaderSettings_end__
                0x00040000                __FLASH_segment_used_end__ = (0x3fc00 + SIZEOF (.bootloaderSettings))
                0x00040000                __FLASH_segment_used_size__ = (__FLASH_segment_used_end__ - __FLASH_segment_start__)
                0x00000001                . = ASSERT (((__bootloaderSettings_start__ == __bootloaderSettings_end__) || ((__bootloaderSettings_end__ >= __FLASH_segment_start__) && (__bootloaderSettings_end__ <= __FLASH_segment_end__))), error: .bootloaderSettings is too large to fit in FLASH memory segment)
                0x00000001                . = ASSERT ((__tdata_load_end__ <= __bootloaderSettings_start__), error: section .tdata overlaps absolute placed section .bootloaderSettings)
START GROUP
LOAD dfu_single_bank_serial_s130_pca10028 THUMB Debug/thumb_crt0.o
LOAD dfu_single_bank_serial_s130_pca10028 THUMB Debug/nRF51_Startup.o
LOAD dfu_single_bank_serial_s130_pca10028 THUMB Debug/main.o
LOAD dfu_single_bank_serial_s130_pca10028 THUMB Debug/system_nrf51.o
LOAD dfu_single_bank_serial_s130_pca10028 THUMB Debug/ble_advdata.o
LOAD dfu_single_bank_serial_s130_pca10028 THUMB Debug/ble_conn_params.o
LOAD dfu_single_bank_serial_s130_pca10028 THUMB Debug/ble_srv_common.o
LOAD dfu_single_bank_serial_s130_pca10028 THUMB Debug/app_uart.o
LOAD dfu_single_bank_serial_s130_pca10028 THUMB Debug/nrf_delay.o
LOAD dfu_single_bank_serial_s130_pca10028 THUMB Debug/nrf_drv_common.o
LOAD dfu_single_bank_serial_s130_pca10028 THUMB Debug/nrf_drv_uart.o
LOAD dfu_single_bank_serial_s130_pca10028 THUMB Debug/pstorage_raw.o
LOAD dfu_single_bank_serial_s130_pca10028 THUMB Debug/app_error.o
LOAD dfu_single_bank_serial_s130_pca10028 THUMB Debug/app_error_weak.o
LOAD dfu_single_bank_serial_s130_pca10028 THUMB Debug/app_scheduler.o
LOAD dfu_single_bank_serial_s130_pca10028 THUMB Debug/app_timer.o
LOAD dfu_single_bank_serial_s130_pca10028 THUMB Debug/app_timer_appsh.o
LOAD dfu_single_bank_serial_s130_pca10028 THUMB Debug/app_util_platform.o
LOAD dfu_single_bank_serial_s130_pca10028 THUMB Debug/bootloader.o
LOAD dfu_single_bank_serial_s130_pca10028 THUMB Debug/bootloader_settings.o
LOAD dfu_single_bank_serial_s130_pca10028 THUMB Debug/bootloader_util.o
LOAD dfu_single_bank_serial_s130_pca10028 THUMB Debug/crc16.o
LOAD dfu_single_bank_serial_s130_pca10028 THUMB Debug/dfu_init_template.o
LOAD dfu_single_bank_serial_s130_pca10028 THUMB Debug/dfu_single_bank.o
LOAD dfu_single_bank_serial_s130_pca10028 THUMB Debug/dfu_transport_serial.o
LOAD dfu_single_bank_serial_s130_pca10028 THUMB Debug/hci_mem_pool.o
LOAD dfu_single_bank_serial_s130_pca10028 THUMB Debug/hci_slip.o
LOAD dfu_single_bank_serial_s130_pca10028 THUMB Debug/hci_transport.o
LOAD dfu_single_bank_serial_s130_pca10028 THUMB Debug/nrf_assert.o
LOAD dfu_single_bank_serial_s130_pca10028 THUMB Debug/softdevice_handler.o
LOAD dfu_single_bank_serial_s130_pca10028 THUMB Debug/softdevice_handler_appsh.o
LOAD C:/Program Files (x86)/Rowley Associates Limited/CrossWorks for ARM 3.6/lib/libdebugio_mempoll_v6m_t_le_eabi.a
LOAD C:/Program Files (x86)/Rowley Associates Limited/CrossWorks for ARM 3.6/lib/libm_v6m_t_le_eabi.a
LOAD C:/Program Files (x86)/Rowley Associates Limited/CrossWorks for ARM 3.6/lib/libc_v6m_t_le_eabi.a
LOAD C:/Program Files (x86)/Rowley Associates Limited/CrossWorks for ARM 3.6/lib/libcpp_v6m_t_le_eabi.a
LOAD C:/Program Files (x86)/Rowley Associates Limited/CrossWorks for ARM 3.6/lib/libdebugio_v6m_t_le_eabi.a
LOAD C:/Program Files (x86)/Rowley Associates Limited/CrossWorks for ARM 3.6/lib/libvfprintf_v6m_t_le_eabi.o
LOAD C:/Program Files (x86)/Rowley Associates Limited/CrossWorks for ARM 3.6/lib/libvfscanf_v6m_t_le_eabi.o
END GROUP
OUTPUT(dfu_single_bank_serial_s130_pca10028 THUMB Debug/dfu_single_bank_serial_s130_pca10028.elf elf32-littlearm)

.ARM.attributes
                0x00000000       0x2d
 .ARM.attributes
                0x00000000       0x21 dfu_single_bank_serial_s130_pca10028 THUMB Debug/thumb_crt0.o
 .ARM.attributes
                0x00000021       0x21 dfu_single_bank_serial_s130_pca10028 THUMB Debug/nRF51_Startup.o
 .ARM.attributes
                0x00000042       0x31 dfu_single_bank_serial_s130_pca10028 THUMB Debug/main.o
 .ARM.attributes
                0x00000073       0x31 dfu_single_bank_serial_s130_pca10028 THUMB Debug/system_nrf51.o
 .ARM.attributes
                0x000000a4       0x31 dfu_single_bank_serial_s130_pca10028 THUMB Debug/app_uart.o
 .ARM.attributes
                0x000000d5       0x31 dfu_single_bank_serial_s130_pca10028 THUMB Debug/nrf_delay.o
 .ARM.attributes
                0x00000106       0x31 dfu_single_bank_serial_s130_pca10028 THUMB Debug/nrf_drv_common.o
 .ARM.attributes
                0x00000137       0x31 dfu_single_bank_serial_s130_pca10028 THUMB Debug/nrf_drv_uart.o
 .ARM.attributes
                0x00000168       0x31 dfu_single_bank_serial_s130_pca10028 THUMB Debug/pstorage_raw.o
 .ARM.attributes
                0x00000199       0x31 dfu_single_bank_serial_s130_pca10028 THUMB Debug/app_error.o
 .ARM.attributes
                0x000001ca       0x31 dfu_single_bank_serial_s130_pca10028 THUMB Debug/app_error_weak.o
 .ARM.attributes
                0x000001fb       0x31 dfu_single_bank_serial_s130_pca10028 THUMB Debug/app_scheduler.o
 .ARM.attributes
                0x0000022c       0x31 dfu_single_bank_serial_s130_pca10028 THUMB Debug/app_timer.o
 .ARM.attributes
                0x0000025d       0x31 dfu_single_bank_serial_s130_pca10028 THUMB Debug/app_timer_appsh.o
 .ARM.attributes
                0x0000028e       0x31 dfu_single_bank_serial_s130_pca10028 THUMB Debug/app_util_platform.o
 .ARM.attributes
                0x000002bf       0x31 dfu_single_bank_serial_s130_pca10028 THUMB Debug/bootloader.o
 .ARM.attributes
                0x000002f0       0x31 dfu_single_bank_serial_s130_pca10028 THUMB Debug/bootloader_settings.o
 .ARM.attributes
                0x00000321       0x31 dfu_single_bank_serial_s130_pca10028 THUMB Debug/bootloader_util.o
 .ARM.attributes
                0x00000352       0x31 dfu_single_bank_serial_s130_pca10028 THUMB Debug/crc16.o
 .ARM.attributes
                0x00000383       0x31 dfu_single_bank_serial_s130_pca10028 THUMB Debug/dfu_init_template.o
 .ARM.attributes
                0x000003b4       0x31 dfu_single_bank_serial_s130_pca10028 THUMB Debug/dfu_single_bank.o
 .ARM.attributes
                0x000003e5       0x31 dfu_single_bank_serial_s130_pca10028 THUMB Debug/dfu_transport_serial.o
 .ARM.attributes
                0x00000416       0x31 dfu_single_bank_serial_s130_pca10028 THUMB Debug/hci_mem_pool.o
 .ARM.attributes
                0x00000447       0x31 dfu_single_bank_serial_s130_pca10028 THUMB Debug/hci_slip.o
 .ARM.attributes
                0x00000478       0x31 dfu_single_bank_serial_s130_pca10028 THUMB Debug/hci_transport.o
 .ARM.attributes
                0x000004a9       0x31 dfu_single_bank_serial_s130_pca10028 THUMB Debug/softdevice_handler.o
 .ARM.attributes
                0x000004da       0x31 dfu_single_bank_serial_s130_pca10028 THUMB Debug/softdevice_handler_appsh.o
 .ARM.attributes
                0x0000050b       0x1b C:/Program Files (x86)/Rowley Associates Limited/CrossWorks for ARM 3.6/lib/libc_v6m_t_le_eabi.a(libc_asm.o)
 .ARM.attributes
                0x00000526       0x1b C:/Program Files (x86)/Rowley Associates Limited/CrossWorks for ARM 3.6/lib/libc_v6m_t_le_eabi.a(libc2_asm.o)

.comment        0x00000000       0x4e
 .comment       0x00000000       0x4e dfu_single_bank_serial_s130_pca10028 THUMB Debug/main.o
                                 0x4f (size before relaxing)
 .comment       0x00000000       0x4f dfu_single_bank_serial_s130_pca10028 THUMB Debug/system_nrf51.o
 .comment       0x00000000       0x4f dfu_single_bank_serial_s130_pca10028 THUMB Debug/app_uart.o
 .comment       0x00000000       0x4f dfu_single_bank_serial_s130_pca10028 THUMB Debug/nrf_delay.o
 .comment       0x00000000       0x4f dfu_single_bank_serial_s130_pca10028 THUMB Debug/nrf_drv_common.o
 .comment       0x00000000       0x4f dfu_single_bank_serial_s130_pca10028 THUMB Debug/nrf_drv_uart.o
 .comment       0x00000000       0x4f dfu_single_bank_serial_s130_pca10028 THUMB Debug/pstorage_raw.o
 .comment       0x00000000       0x4f dfu_single_bank_serial_s130_pca10028 THUMB Debug/app_error.o
 .comment       0x00000000       0x4f dfu_single_bank_serial_s130_pca10028 THUMB Debug/app_error_weak.o
 .comment       0x00000000       0x4f dfu_single_bank_serial_s130_pca10028 THUMB Debug/app_scheduler.o
 .comment       0x00000000       0x4f dfu_single_bank_serial_s130_pca10028 THUMB Debug/app_timer.o
 .comment       0x00000000       0x4f dfu_single_bank_serial_s130_pca10028 THUMB Debug/app_timer_appsh.o
 .comment       0x00000000       0x4f dfu_single_bank_serial_s130_pca10028 THUMB Debug/app_util_platform.o
 .comment       0x00000000       0x4f dfu_single_bank_serial_s130_pca10028 THUMB Debug/bootloader.o
 .comment       0x00000000       0x4f dfu_single_bank_serial_s130_pca10028 THUMB Debug/bootloader_settings.o